run: /home/sborowsk/project/sts_combat_rl/runs/schema=combat_v3/date=2026-09-26/id=slime-v8-selfplay-gen2
log: /home/sborowsk/project/sts_combat_rl/runs/schema=combat_v3/date=2026-09-26/id=slime-v8-selfplay-gen2/logs/stdout.log (stderr: /home/sborowsk/project/sts_combat_rl/runs/schema=combat_v3/date=2026-09-26/id=slime-v8-selfplay-gen2/logs/stderr.log)
10:10:50 995 source fights x 1 samples, hp_sd 10, random_potions False, teacher value_net /home/sborowsk/project/sts_combat_rl/runs/schema=combat_v3/date=2026-09-26/id=slime-v8-selfplay-gen2/out/value_weights.bin, 10 workers -> /home/sborowsk/project/sts_combat_rl/runs/schema=combat_v3/date=2026-09-26/id=slime-v8-selfplay-gen2/out
10:10:59 [1/995] episode 33841504505604: hp 33->31 | total wins 1/1
10:11:01 [2/995] episode 33841504490607: hp 59->35 | total wins 2/2
10:11:02 [3/995] episode 33841504493707: hp 69->63 | total wins 3/3
10:11:02 [4/995] episode 33841504511606: hp 56->56 | total wins 4/4
10:11:02 [5/995] episode 33841504512706: hp 44->lost | total wins 4/5
10:11:04 [6/995] episode 33841504519705: hp 44->lost | total wins 4/6
10:11:06 [7/995] episode 33841504495605: hp 46->lost | total wins 4/7
10:11:08 [8/995] episode 33841504506606: hp 64->46 | total wins 5/8
10:11:12 [9/995] episode 33841504490705: hp 75->32 | total wins 6/9
10:11:14 [10/995] episode 33841504524608: hp 75->75 | total wins 7/10
10:11:18 [11/995] episode 33841504508606: hp 42->10 | total wins 8/11
10:11:19 [12/995] episode 33841504535606: hp 55->8 | total wins 9/12
10:11:22 [13/995] episode 33841504522607: hp 85->28 | total wins 10/13
10:11:27 [14/995] episode 33841504546606: hp 50->lost | total wins 10/14
10:11:30 [15/995] episode 33841504539706: hp 33->25 | total wins 11/15
10:11:30 [16/995] episode 33841504548606: hp 47->38 | total wins 12/16
10:11:31 [17/995] episode 33841504541606: hp 64->8 | total wins 13/17
10:11:32 [18/995] episode 33841504551605: hp 55->55 | total wins 14/18
10:11:33 [19/995] episode 33841504573705: hp 25->lost | total wins 14/19
10:11:37 [20/995] episode 33841504549606: hp 47->lost | total wins 14/20
10:11:39 [21/995] episode 33841504545606: hp 74->56 | total wins 15/21
10:11:43 [22/995] episode 33841504537607: hp 64->44 | total wins 16/22
10:11:47 [23/995] episode 33841504563606: hp 52->lost | total wins 16/23
10:11:48 [24/995] episode 33841504553704: hp 47->32 | total wins 17/24
10:11:48 [25/995] episode 33841504578605: hp 72->72 | total wins 18/25
10:11:51 [26/995] episode 33841504579606: hp 68->58 | total wins 19/26
10:11:53 [27/995] episode 33841504580605: hp 71->71 | total wins 20/27
10:11:55 [28/995] episode 33841504577606: hp 58->45 | total wins 21/28
10:11:55 [29/995] episode 33841504574605: hp 56->lost | total wins 21/29
10:11:56 [30/995] episode 33841504547608: hp 59->24 | total wins 22/30
10:11:57 [31/995] episode 33841504558707: hp 60->33 | total wins 23/31
10:11:58 [32/995] episode 33841504585707: hp 44->44 | total wins 24/32
10:12:00 [33/995] episode 33841504594605: hp 51->34 | total wins 25/33
10:12:01 [34/995] episode 33841504590704: hp 49->25 | total wins 26/34
10:12:02 [35/995] episode 33841504582706: hp 56->56 | total wins 27/35
10:12:03 [36/995] episode 33841504581606: hp 37->lost | total wins 27/36
10:12:07 [37/995] episode 33841504599607: hp 46->29 | total wins 28/37
10:12:08 [38/995] episode 33841504595707: hp 67->4 | total wins 29/38
10:12:08 [39/995] episode 33841504532605: hp 56->17 | total wins 30/39
10:12:09 [40/995] episode 33841504597609: hp 40->40 | total wins 31/40
10:12:11 [41/995] episode 33841504600707: hp 36->lost | total wins 31/41
10:12:12 [42/995] episode 33841504603607: hp 56->43 | total wins 32/42
10:12:16 [43/995] episode 33841504601707: hp 48->48 | total wins 33/43
10:12:16 [44/995] episode 33841504607706: hp 68->50 | total wins 34/44
10:12:21 [45/995] episode 33841504616707: hp 53->53 | total wins 35/45
10:12:23 [46/995] episode 33841504594705: hp 75->69 | total wins 36/46
10:12:26 [47/995] episode 33841504612705: hp 61->61 | total wins 37/47
10:12:28 [48/995] episode 33841504608706: hp 47->25 | total wins 38/48
10:12:30 [49/995] episode 33841504603706: hp 71->9 | total wins 39/49
10:12:30 [50/995] episode 33841504604604: hp 67->63 | total wins 40/50
10:12:31 [51/995] episode 33841504609607: hp 44->27 | total wins 41/51
10:12:36 [52/995] episode 33841504606707: hp 49->16 | total wins 42/52
10:12:37 [53/995] episode 33841504620605: hp 46->lost | total wins 42/53
10:12:37 [54/995] episode 33841504609704: hp 48->24 | total wins 43/54
10:12:39 [55/995] episode 33841504618704: hp 62->21 | total wins 44/55
10:12:43 [56/995] episode 33841504596604: hp 75->47 | total wins 45/56
10:12:43 [57/995] episode 33841504623605: hp 49->lost | total wins 45/57
10:12:45 [58/995] episode 33841504628607: hp 34->18 | total wins 46/58
10:12:49 [59/995] episode 33841504630608: hp 42->66 | total wins 47/59
10:12:51 [60/995] episode 33841504628706: hp 69->35 | total wins 48/60
10:12:52 [61/995] episode 33841504633607: hp 35->17 | total wins 49/61
10:12:53 [62/995] episode 33841504641607: hp 47->47 | total wins 50/62
10:12:58 [63/995] episode 33841504635705: hp 56->12 | total wins 51/63
10:13:00 [64/995] episode 33841504631603: hp 75->68 | total wins 52/64
10:13:00 [65/995] episode 33841504642605: hp 52->41 | total wins 53/65
10:13:00 [66/995] episode 33841504642705: hp 31->31 | total wins 54/66
10:13:01 [67/995] episode 33841504637704: hp 67->lost | total wins 54/67
10:13:02 [68/995] episode 33841504636608: hp 68->16 | total wins 55/68
10:13:06 [69/995] episode 33841504647705: hp 41->28 | total wins 56/69
10:13:07 [70/995] episode 33841504648606: hp 52->42 | total wins 57/70
10:13:08 [71/995] episode 33841504651605: hp 53->53 | total wins 58/71
10:13:11 [72/995] episode 33841504629706: hp 50->45 | total wins 59/72
10:13:12 [73/995] episode 33841504657606: hp 33->27 | total wins 60/73
10:13:17 [74/995] episode 33841504658704: hp 43->lost | total wins 60/74
10:13:17 [75/995] episode 33841504655706: hp 75->55 | total wins 61/75
10:13:17 [76/995] episode 33841504656706: hp 62->47 | total wins 62/76
10:13:20 [77/995] episode 33841504654605: hp 44->8 | total wins 63/77
10:13:22 [78/995] episode 33841504644607: hp 64->32 | total wins 64/78
10:13:22 [79/995] episode 33841504651704: hp 48->21 | total wins 65/79
10:13:25 [80/995] episode 33841504665704: hp 51->lost | total wins 65/80
10:13:25 [81/995] episode 33841504664707: hp 27->3 | total wins 66/81
10:13:26 [82/995] episode 33841504668606: hp 42->24 | total wins 67/82
10:13:30 [83/995] episode 33841504658604: hp 46->9 | total wins 68/83
10:13:32 [84/995] episode 33841504662606: hp 64->62 | total wins 69/84
10:13:32 [85/995] episode 33841504661607: hp 69->43 | total wins 70/85
10:13:35 [86/995] episode 33841504667606: hp 72->48 | total wins 71/86
10:13:37 [87/995] episode 33841504670705: hp 51->30 | total wins 72/87
10:13:41 [88/995] episode 33841504674605: hp 71->21 | total wins 73/88
10:13:42 [89/995] episode 33841504671606: hp 45->21 | total wins 74/89
10:13:43 [90/995] episode 33841504669605: hp 36->3 | total wins 75/90
10:13:44 [91/995] episode 33841504677704: hp 46->lost | total wins 75/91
10:13:45 [92/995] episode 33841504673707: hp 54->24 | total wins 76/92
10:13:47 [93/995] episode 33841504680606: hp 26->26 | total wins 77/93
10:13:50 [94/995] episode 33841504678707: hp 79->45 | total wins 78/94
10:13:53 [95/995] episode 33841504682706: hp 59->59 | total wins 79/95
10:13:55 [96/995] episode 33841504683605: hp 64->64 | total wins 80/96
10:13:56 [97/995] episode 33841504684607: hp 66->10 | total wins 81/97
10:13:57 [98/995] episode 33841504668706: hp 38->1 | total wins 82/98
10:13:57 [99/995] episode 33841504674707: hp 49->5 | total wins 83/99
10:13:57 [100/995] episode 33841504681707: hp 55->22 | total wins 84/100
10:13:59 [101/995] episode 33841504684706: hp 75->75 | total wins 85/101
10:14:03 [102/995] episode 33841504683706: hp 55->31 | total wins 86/102
10:14:04 [103/995] episode 33841504681605: hp 46->lost | total wins 86/103
10:14:08 [104/995] episode 33841504693607: hp 53->2 | total wins 87/104
10:14:11 [105/995] episode 33841504690706: hp 42->lost | total wins 87/105
10:14:11 [106/995] episode 33841504687606: hp 72->59 | total wins 88/106
10:14:12 [107/995] episode 33841504685705: hp 55->7 | total wins 89/107
10:14:14 [108/995] episode 33841504691606: hp 45->26 | total wins 90/108
10:14:19 [109/995] episode 33841504697607: hp 57->45 | total wins 91/109
10:14:20 [110/995] episode 33841504696606: hp 50->4 | total wins 92/110
10:14:22 [111/995] episode 33841504695606: hp 80->22 | total wins 93/111
10:14:27 [112/995] episode 33841504707704: hp 36->lost | total wins 93/112
10:14:29 [113/995] episode 33841504704605: hp 69->44 | total wins 94/113
10:14:30 [114/995] episode 33841504705706: hp 63->lost | total wins 94/114
10:14:36 [115/995] episode 33841504701606: hp 65->32 | total wins 95/115
10:14:36 [116/995] episode 33841504711706: hp 35->34 | total wins 96/116
10:14:38 [117/995] episode 33841504714706: hp 54->47 | total wins 97/117
10:14:40 [118/995] episode 33841504704705: hp 59->34 | total wins 98/118
10:14:41 [119/995] episode 33841504709707: hp 44->lost | total wins 98/119
10:14:44 [120/995] episode 33841504700707: hp 75->34 | total wins 99/120
10:14:45 [121/995] episode 33841504715707: hp 64->56 | total wins 100/121
10:14:47 [122/995] episode 33841504729605: hp 19->lost | total wins 100/122
10:14:49 [123/995] episode 33841504717704: hp 42->3 | total wins 101/123
10:14:53 [124/995] episode 33841504728707: hp 47->44 | total wins 102/124
10:14:53 [125/995] episode 33841504687705: hp 71->5 | total wins 103/125
10:14:53 [126/995] episode 33841504719706: hp 38->8 | total wins 104/126
10:14:55 [127/995] episode 33841504718707: hp 51->28 | total wins 105/127
10:14:56 [128/995] episode 33841504706606: hp 70->37 | total wins 106/128
10:15:01 [129/995] episode 33841504725607: hp 31->19 | total wins 107/129
10:15:04 [130/995] episode 33841504716706: hp 75->18 | total wins 108/130
10:15:05 [131/995] episode 33841504735706: hp 49->49 | total wins 109/131
10:15:06 [132/995] episode 33841504730604: hp 55->lost | total wins 109/132
10:15:06 [133/995] episode 33841504736706: hp 33->27 | total wins 110/133
10:15:09 [134/995] episode 33841504738607: hp 40->lost | total wins 110/134
10:15:10 [135/995] episode 33841504737605: hp 53->16 | total wins 111/135
10:15:11 [136/995] episode 33841504738703: hp 44->lost | total wins 111/136
10:15:17 [137/995] episode 33841504745706: hp 75->59 | total wins 112/137
10:15:18 [138/995] episode 33841504726704: hp 75->lost | total wins 112/138
10:15:22 [139/995] episode 33841504747707: hp 57->57 | total wins 113/139
10:15:22 [140/995] episode 33841504740608: hp 46->21 | total wins 114/140
10:15:23 [141/995] episode 33841504733707: hp 27->8 | total wins 115/141
10:15:24 [142/995] episode 33841504743709: hp 51->lost | total wins 115/142
10:15:25 [143/995] episode 33841504746606: hp 33->12 | total wins 116/143
10:15:28 [144/995] episode 33841504758607: hp 23->lost | total wins 116/144
10:15:31 [145/995] episode 33841504741605: hp 44->12 | total wins 117/145
10:15:31 [146/995] episode 33841504749706: hp 32->lost | total wins 117/146
10:15:32 [147/995] episode 33841504739604: hp 73->lost | total wins 117/147
10:15:32 [148/995] episode 33841504752605: hp 58->58 | total wins 118/148
10:15:34 [149/995] episode 33841504751706: hp 45->lost | total wins 118/149
10:15:35 [150/995] episode 33841504762707: hp 39->35 | total wins 119/150
10:15:38 [151/995] episode 33841504749605: hp 62->36 | total wins 120/151
10:15:40 [152/995] episode 33841504754605: hp 63->57 | total wins 121/152
10:15:40 [153/995] episode 33841504746706: hp 44->5 | total wins 122/153
10:15:40 [154/995] episode 33841504763707: hp 53->53 | total wins 123/154
10:15:43 [155/995] episode 33841504772706: hp 47->45 | total wins 124/155
10:15:44 [156/995] episode 33841504766707: hp 85->72 | total wins 125/156
10:15:45 [157/995] episode 33841504773606: hp 48->lost | total wins 125/157
10:15:51 [158/995] episode 33841504768605: hp 55->55 | total wins 126/158
10:15:54 [159/995] episode 33841504776707: hp 75->57 | total wins 127/159
10:15:54 [160/995] episode 33841504781605: hp 75->73 | total wins 128/160
10:15:55 [161/995] episode 33841504779706: hp 58->58 | total wins 129/161
10:15:58 [162/995] episode 33841504770608: hp 73->36 | total wins 130/162
10:16:00 [163/995] episode 33841504781706: hp 42->27 | total wins 131/163
10:16:01 [164/995] episode 33841504771608: hp 65->61 | total wins 132/164
10:16:03 [165/995] episode 33841504772607: hp 75->41 | total wins 133/165
10:16:04 [166/995] episode 33841504782605: hp 50->lost | total wins 133/166
10:16:10 [167/995] episode 33841504788606: hp 30->30 | total wins 134/167
10:16:11 [168/995] episode 33841504784708: hp 59->53 | total wins 135/168
10:16:14 [169/995] episode 33841504793607: hp 74->57 | total wins 136/169
10:16:14 [170/995] episode 33841504785606: hp 62->lost | total wins 136/170
10:16:16 [171/995] episode 33841504789705: hp 60->lost | total wins 136/171
10:16:17 [172/995] episode 33841504792706: hp 31->lost | total wins 136/172
10:16:18 [173/995] episode 33841504777607: hp 52->11 | total wins 137/173
10:16:19 [174/995] episode 33841504791706: hp 40->26 | total wins 138/174
10:16:26 [175/995] episode 33841504796605: hp 72->lost | total wins 138/175
10:16:30 [176/995] episode 33841504805706: hp 67->63 | total wins 139/176
10:16:31 [177/995] episode 33841504808606: hp 49->lost | total wins 139/177
10:16:31 [178/995] episode 33841504795706: hp 72->48 | total wins 140/178
10:16:32 [179/995] episode 33841504816607: hp 38->32 | total wins 141/179
10:16:33 [180/995] episode 33841504811606: hp 47->14 | total wins 142/180
10:16:35 [181/995] episode 33841504810606: hp 71->61 | total wins 143/181
10:16:35 [182/995] episode 33841504793708: hp 56->21 | total wins 144/182
10:16:37 [183/995] episode 33841504801608: hp 70->66 | total wins 145/183
10:16:39 [184/995] episode 33841504822606: hp 29->lost | total wins 145/184
10:16:42 [185/995] episode 33841504824707: hp 47->24 | total wins 146/185
10:16:45 [186/995] episode 33841504828705: hp 52->lost | total wins 146/186
10:16:47 [187/995] episode 33841504797707: hp 67->51 | total wins 147/187
10:16:47 [188/995] episode 33841504821706: hp 82->76 | total wins 148/188
10:16:48 [189/995] episode 33841504820705: hp 39->6 | total wins 149/189
10:16:50 [190/995] episode 33841504830605: hp 46->lost | total wins 149/190
10:16:52 [191/995] episode 33841504837608: hp 49->49 | total wins 150/191
10:16:54 [192/995] episode 33841504831606: hp 63->31 | total wins 151/192
10:16:54 [193/995] episode 33841504820606: hp 64->19 | total wins 152/193
10:16:55 [194/995] episode 33841504837707: hp 31->24 | total wins 153/194
10:16:55 [195/995] episode 33841504845706: hp 47->17 | total wins 154/195
10:16:58 [196/995] episode 33841504832708: hp 75->48 | total wins 155/196
10:16:58 [197/995] episode 33841504850606: hp 57->57 | total wins 156/197
10:17:03 [198/995] episode 33841504864606: hp 56->56 | total wins 157/198
10:17:04 [199/995] episode 33841504851706: hp 58->lost | total wins 157/199
10:17:05 [200/995] episode 33841504850704: hp 73->28 | total wins 158/200
10:17:07 [201/995] episode 33841504858706: hp 35->lost | total wins 158/201
10:17:09 [202/995] episode 33841504854607: hp 64->32 | total wins 159/202
10:17:09 [203/995] episode 33841504857608: hp 47->15 | total wins 160/203
10:17:10 [204/995] episode 33841504849605: hp 57->lost | total wins 160/204
10:17:11 [205/995] episode 33841504860705: hp 75->45 | total wins 161/205
10:17:13 [206/995] episode 33841504869607: hp 45->20 | total wins 162/206
10:17:21 [207/995] episode 33841504864705: hp 46->40 | total wins 163/207
10:17:21 [208/995] episode 33841504877608: hp 48->10 | total wins 164/208
10:17:22 [209/995] episode 33841504869706: hp 24->5 | total wins 165/209
10:17:22 [210/995] episode 33841504872706: hp 47->18 | total wins 166/210
10:17:27 [211/995] episode 33841504879707: hp 39->lost | total wins 166/211
10:17:29 [212/995] episode 33841504888606: hp 38->38 | total wins 167/212
10:17:29 [213/995] episode 33841504867705: hp 42->23 | total wins 168/213
10:17:30 [214/995] episode 33841504890705: hp 46->46 | total wins 169/214
10:17:30 [215/995] episode 33841504875708: hp 68->43 | total wins 170/215
10:17:32 [216/995] episode 33841504874704: hp 30->8 | total wins 171/216
10:17:32 [217/995] episode 33841504873706: hp 36->9 | total wins 172/217
10:17:37 [218/995] episode 33841504891707: hp 24->lost | total wins 172/218
10:17:40 [219/995] episode 33841504887606: hp 59->47 | total wins 173/219
10:17:42 [220/995] episode 33841504896707: hp 28->lost | total wins 173/220
10:17:42 [221/995] episode 33841504889606: hp 72->lost | total wins 173/221
10:17:43 [222/995] episode 33841504897707: hp 76->60 | total wins 174/222
10:17:44 [223/995] episode 33841504895707: hp 60->56 | total wins 175/223
10:17:46 [224/995] episode 33841504888707: hp 70->58 | total wins 176/224
10:17:48 [225/995] episode 33841504900706: hp 72->56 | total wins 177/225
10:17:54 [226/995] episode 33841504902707: hp 60->lost | total wins 177/226
10:17:54 [227/995] episode 33841504914605: hp 39->16 | total wins 178/227
10:17:55 [228/995] episode 33841504913706: hp 55->20 | total wins 179/228
10:17:56 [229/995] episode 33841504901605: hp 75->36 | total wins 180/229
10:17:58 [230/995] episode 33841504906605: hp 65->20 | total wins 181/230
10:18:00 [231/995] episode 33841504912705: hp 62->27 | total wins 182/231
10:18:01 [232/995] episode 33841504921705: hp 38->lost | total wins 182/232
10:18:02 [233/995] episode 33841504911706: hp 61->51 | total wins 183/233
10:18:04 [234/995] episode 33841504908606: hp 43->66 | total wins 184/234
10:18:08 [235/995] episode 33841504908706: hp 75->53 | total wins 185/235
10:18:11 [236/995] episode 33841504915607: hp 59->21 | total wins 186/236
10:18:14 [237/995] episode 33841504919706: hp 50->44 | total wins 187/237
10:18:16 [238/995] episode 33841504919608: hp 65->lost | total wins 187/238
10:18:18 [239/995] episode 33841504920606: hp 75->71 | total wins 188/239
10:18:18 [240/995] episode 33841504928705: hp 57->46 | total wins 189/240
10:18:21 [241/995] episode 33841504927605: hp 47->35 | total wins 190/241
10:18:21 [242/995] episode 33841504922707: hp 42->7 | total wins 191/242
10:18:26 [243/995] episode 33841504925607: hp 75->lost | total wins 191/243
10:18:29 [244/995] episode 33841504929606: hp 53->6 | total wins 192/244
10:18:33 [245/995] episode 33841504928608: hp 69->14 | total wins 193/245
10:18:36 [246/995] episode 33841504931607: hp 68->49 | total wins 194/246
10:18:37 [247/995] episode 33841504941705: hp 49->29 | total wins 195/247
10:18:40 [248/995] episode 33841504930607: hp 61->52 | total wins 196/248
10:18:41 [249/995] episode 33841504940706: hp 65->47 | total wins 197/249
10:18:42 [250/995] episode 33841504938706: hp 54->41 | total wins 198/250
10:18:44 [251/995] episode 33841504929706: hp 55->39 | total wins 199/251
10:18:45 [252/995] episode 33841504936706: hp 75->65 | total wins 200/252
10:18:46 [253/995] episode 33841504933606: hp 57->lost | total wins 200/253
10:18:47 [254/995] episode 33841504947706: hp 54->54 | total wins 201/254
10:18:49 [255/995] episode 33841504943706: hp 45->1 | total wins 202/255
10:18:53 [256/995] episode 33841504942607: hp 39->lost | total wins 202/256
10:18:53 [257/995] episode 33841504938607: hp 63->48 | total wins 203/257
10:19:00 [258/995] episode 33841504949607: hp 59->35 | total wins 204/258
10:19:02 [259/995] episode 33841504952608: hp 51->42 | total wins 205/259
10:19:02 [260/995] episode 33841504953608: hp 44->31 | total wins 206/260
10:19:02 [261/995] episode 33841504949705: hp 49->49 | total wins 207/261
10:19:03 [262/995] episode 33841504942707: hp 61->13 | total wins 208/262
10:19:06 [263/995] episode 33841504945608: hp 65->16 | total wins 209/263
10:19:12 [264/995] episode 33841504950606: hp 67->49 | total wins 210/264
10:19:14 [265/995] episode 33841504955605: hp 38->lost | total wins 210/265
10:19:15 [266/995] episode 33841504960706: hp 47->42 | total wins 211/266
10:19:18 [267/995] episode 33841504955708: hp 53->lost | total wins 211/267
10:19:20 [268/995] episode 33841504956609: hp 75->43 | total wins 212/268
10:19:20 [269/995] episode 33841504951606: hp 63->lost | total wins 212/269
10:19:24 [270/995] episode 33841504962606: hp 41->27 | total wins 213/270
10:19:24 [271/995] episode 33841504964705: hp 56->59 | total wins 214/271
10:19:27 [272/995] episode 33841504985607: hp 40->40 | total wins 215/272
10:19:35 [273/995] episode 33841504961604: hp 40->25 | total wins 216/273
10:19:35 [274/995] episode 33841504970706: hp 73->47 | total wins 217/274
10:19:35 [275/995] episode 33841504963606: hp 75->6 | total wins 218/275
10:19:37 [276/995] episode 33841504976607: hp 40->lost | total wins 218/276
10:19:38 [277/995] episode 33841504964606: hp 48->lost | total wins 218/277
10:19:40 [278/995] episode 33841504981706: hp 36->lost | total wins 218/278
10:19:40 [279/995] episode 33841504988705: hp 72->69 | total wins 219/279
10:19:42 [280/995] episode 33841504986607: hp 56->lost | total wins 219/280
10:19:45 [281/995] episode 33841504995704: hp 34->30 | total wins 220/281
10:19:47 [282/995] episode 33841504997705: hp 73->53 | total wins 221/282
10:19:47 [283/995] episode 33841504988607: hp 51->36 | total wins 222/283
10:19:53 [284/995] episode 33841504982605: hp 46->lost | total wins 222/284
10:19:55 [285/995] episode 33841505003607: hp 44->29 | total wins 223/285
10:19:56 [286/995] episode 33841505009704: hp 41->lost | total wins 223/286
10:19:57 [287/995] episode 33841504999706: hp 45->45 | total wins 224/287
10:19:59 [288/995] episode 33841505004604: hp 73->51 | total wins 225/288
10:20:01 [289/995] episode 33841505008707: hp 56->12 | total wins 226/289
10:20:02 [290/995] episode 33841504998606: hp 75->41 | total wins 227/290
10:20:04 [291/995] episode 33841505011606: hp 38->31 | total wins 228/291
10:20:06 [292/995] episode 33841504989607: hp 72->20 | total wins 229/292
10:20:06 [293/995] episode 33841504995605: hp 67->16 | total wins 230/293
10:20:07 [294/995] episode 33841505019607: hp 37->lost | total wins 230/294
10:20:11 [295/995] episode 33841505020705: hp 57->44 | total wins 231/295
10:20:15 [296/995] episode 33841505034605: hp 20->lost | total wins 231/296
10:20:17 [297/995] episode 33841505029705: hp 47->lost | total wins 231/297
10:20:19 [298/995] episode 33841505027607: hp 40->40 | total wins 232/298
10:20:20 [299/995] episode 33841505018607: hp 85->7 | total wins 233/299
10:20:20 [300/995] episode 33841505018707: hp 61->22 | total wins 234/300
10:20:21 [301/995] episode 33841505033607: hp 63->45 | total wins 235/301
10:20:24 [302/995] episode 33841505034705: hp 44->14 | total wins 236/302
10:20:25 [303/995] episode 33841505030606: hp 54->39 | total wins 237/303
10:20:26 [304/995] episode 33841505032608: hp 69->31 | total wins 238/304
10:20:29 [305/995] episode 33841505036708: hp 35->24 | total wins 239/305
10:20:32 [306/995] episode 33841505040605: hp 50->lost | total wins 239/306
10:20:34 [307/995] episode 33841505046708: hp 29->lost | total wins 239/307
10:20:34 [308/995] episode 33841505035606: hp 61->61 | total wins 240/308
10:20:34 [309/995] episode 33841505041706: hp 44->lost | total wins 240/309
10:20:35 [310/995] episode 33841505041605: hp 75->63 | total wins 241/310
10:20:36 [311/995] episode 33841505049606: hp 64->51 | total wins 242/311
10:20:41 [312/995] episode 33841505044705: hp 50->lost | total wins 242/312
10:20:41 [313/995] episode 33841505042706: hp 37->37 | total wins 243/313
10:20:41 [314/995] episode 33841505054606: hp 44->44 | total wins 244/314
10:20:42 [315/995] episode 33841505047607: hp 51->lost | total wins 244/315
10:20:44 [316/995] episode 33841505049706: hp 24->8 | total wins 245/316
10:20:47 [317/995] episode 33841505056605: hp 37->33 | total wins 246/317
10:20:52 [318/995] episode 33841505062705: hp 44->6 | total wins 247/318
10:20:57 [319/995] episode 33841505059607: hp 49->lost | total wins 247/319
10:20:58 [320/995] episode 33841505067707: hp 75->51 | total wins 248/320
10:20:59 [321/995] episode 33841505059708: hp 52->4 | total wins 249/321
10:21:00 [322/995] episode 33841505068606: hp 57->57 | total wins 250/322
10:21:01 [323/995] episode 33841505060706: hp 61->lost | total wins 250/323
10:21:03 [324/995] episode 33841505077606: hp 56->29 | total wins 251/324
10:21:05 [325/995] episode 33841505071607: hp 48->17 | total wins 252/325
10:21:06 [326/995] episode 33841505070705: hp 40->46 | total wins 253/326
10:21:10 [327/995] episode 33841505063608: hp 42->24 | total wins 254/327
10:21:15 [328/995] episode 33841505089606: hp 58->54 | total wins 255/328
10:21:18 [329/995] episode 33841505090703: hp 49->49 | total wins 256/329
10:21:18 [330/995] episode 33841505090605: hp 62->58 | total wins 257/330
10:21:19 [331/995] episode 33841505073606: hp 71->29 | total wins 258/331
10:21:19 [332/995] episode 33841505087705: hp 56->56 | total wins 259/332
10:21:21 [333/995] episode 33841505087604: hp 75->15 | total wins 260/333
10:21:21 [334/995] episode 33841505086607: hp 41->19 | total wins 261/334
10:21:22 [335/995] episode 33841505083706: hp 37->lost | total wins 261/335
10:21:27 [336/995] episode 33841505094606: hp 35->34 | total wins 262/336
10:21:32 [337/995] episode 33841505091706: hp 63->72 | total wins 263/337
10:21:35 [338/995] episode 33841505085607: hp 66->lost | total wins 263/338
10:21:36 [339/995] episode 33841505096606: hp 44->22 | total wins 264/339
10:21:37 [340/995] episode 33841505095607: hp 50->25 | total wins 265/340
10:21:45 [341/995] episode 33841505099707: hp 30->27 | total wins 266/341
10:21:46 [342/995] episode 33841505100707: hp 44->44 | total wins 267/342
10:21:48 [343/995] episode 33841505096706: hp 57->31 | total wins 268/343
10:21:49 [344/995] episode 33841505093706: hp 63->31 | total wins 269/344
10:21:49 [345/995] episode 33841505106706: hp 30->lost | total wins 269/345
10:21:50 [346/995] episode 33841505108705: hp 58->27 | total wins 270/346
10:21:50 [347/995] episode 33841505101705: hp 56->lost | total wins 270/347
10:21:51 [348/995] episode 33841505092607: hp 79->lost | total wins 270/348
10:21:57 [349/995] episode 33841505112707: hp 27->lost | total wins 270/349
10:21:57 [350/995] episode 33841505103606: hp 51->45 | total wins 271/350
10:21:59 [351/995] episode 33841505107607: hp 39->19 | total wins 272/351
10:22:00 [352/995] episode 33841505110607: hp 41->41 | total wins 273/352
10:22:01 [353/995] episode 33841505111606: hp 37->12 | total wins 274/353
10:22:03 [354/995] episode 33841505115706: hp 46->21 | total wins 275/354
10:22:04 [355/995] episode 33841505114706: hp 58->58 | total wins 276/355
10:22:10 [356/995] episode 33841505116708: hp 37->26 | total wins 277/356
10:22:12 [357/995] episode 33841505115606: hp 51->47 | total wins 278/357
10:22:12 [358/995] episode 33841505125705: hp 49->49 | total wins 279/358
10:22:16 [359/995] episode 33841505119706: hp 35->lost | total wins 279/359
10:22:20 [360/995] episode 33841505118706: hp 32->1 | total wins 280/360
10:22:24 [361/995] episode 33841505124607: hp 75->58 | total wins 281/361
10:22:25 [362/995] episode 33841505119605: hp 47->29 | total wins 282/362
10:22:28 [363/995] episode 33841505117607: hp 63->2 | total wins 283/363
10:22:29 [364/995] episode 33841505128705: hp 53->23 | total wins 284/364
10:22:32 [365/995] episode 33841505130605: hp 75->37 | total wins 285/365
10:22:32 [366/995] episode 33841505128607: hp 72->14 | total wins 286/366
10:22:37 [367/995] episode 33841505131605: hp 57->22 | total wins 287/367
10:22:39 [368/995] episode 33841505137604: hp 52->52 | total wins 288/368
10:22:39 [369/995] episode 33841505134608: hp 52->lost | total wins 288/369
10:22:41 [370/995] episode 33841505135607: hp 44->lost | total wins 288/370
10:22:45 [371/995] episode 33841505130706: hp 63->41 | total wins 289/371
10:22:46 [372/995] episode 33841505144606: hp 67->14 | total wins 290/372
10:22:46 [373/995] episode 33841505148606: hp 35->lost | total wins 290/373
10:22:47 [374/995] episode 33841505131704: hp 75->24 | total wins 291/374
10:22:50 [375/995] episode 33841505142707: hp 64->49 | total wins 292/375
10:22:51 [376/995] episode 33841505145606: hp 49->49 | total wins 293/376
10:22:52 [377/995] episode 33841505140708: hp 46->lost | total wins 293/377
10:22:54 [378/995] episode 33841505141707: hp 58->27 | total wins 294/378
10:22:54 [379/995] episode 33841505146707: hp 29->lost | total wins 294/379
10:23:02 [380/995] episode 33841505145707: hp 58->lost | total wins 294/380
10:23:04 [381/995] episode 33841505151705: hp 75->57 | total wins 295/381
10:23:06 [382/995] episode 33841505152604: hp 57->8 | total wins 296/382
10:23:07 [383/995] episode 33841505156606: hp 75->42 | total wins 297/383
10:23:09 [384/995] episode 33841505150708: hp 63->21 | total wins 298/384
10:23:09 [385/995] episode 33841505160606: hp 75->65 | total wins 299/385
10:23:13 [386/995] episode 33841505157606: hp 69->65 | total wins 300/386
10:23:13 [387/995] episode 33841505177609: hp 22->lost | total wins 300/387
10:23:13 [388/995] episode 33841505158703: hp 46->34 | total wins 301/388
10:23:15 [389/995] episode 33841505167706: hp 36->10 | total wins 302/389
10:23:19 [390/995] episode 33841505156707: hp 75->lost | total wins 302/390
10:23:20 [391/995] episode 33841505175606: hp 29->29 | total wins 303/391
10:23:21 [392/995] episode 33841505176604: hp 59->lost | total wins 303/392
10:23:23 [393/995] episode 33841505175703: hp 62->22 | total wins 304/393
10:23:24 [394/995] episode 33841505172706: hp 46->7 | total wins 305/394
10:23:28 [395/995] episode 33841505181607: hp 61->29 | total wins 306/395
10:23:29 [396/995] episode 33841505187606: hp 39->lost | total wins 306/396
10:23:33 [397/995] episode 33841505183708: hp 55->44 | total wins 307/397
10:23:34 [398/995] episode 33841505180705: hp 41->lost | total wins 307/398
10:23:34 [399/995] episode 33841505189706: hp 71->62 | total wins 308/399
10:23:35 [400/995] episode 33841505190706: hp 71->71 | total wins 309/400
10:23:36 [401/995] episode 33841505185707: hp 61->61 | total wins 310/401
10:23:40 [402/995] episode 33841505168707: hp 75->lost | total wins 310/402
10:23:41 [403/995] episode 33841505191607: hp 34->lost | total wins 310/403
10:23:46 [404/995] episode 33841505197606: hp 55->25 | total wins 311/404
10:23:47 [405/995] episode 33841505203607: hp 32->lost | total wins 311/405
10:23:47 [406/995] episode 33841505200706: hp 53->53 | total wins 312/406
10:23:48 [407/995] episode 33841505179708: hp 66->25 | total wins 313/407
10:23:50 [408/995] episode 33841505191705: hp 55->42 | total wins 314/408
10:23:52 [409/995] episode 33841505202604: hp 49->49 | total wins 315/409
10:23:53 [410/995] episode 33841505206607: hp 57->57 | total wins 316/410
10:23:54 [411/995] episode 33841505199606: hp 47->lost | total wins 316/411
10:23:54 [412/995] episode 33841505193707: hp 75->32 | total wins 317/412
10:23:55 [413/995] episode 33841505196607: hp 66->50 | total wins 318/413
10:24:00 [414/995] episode 33841505213607: hp 57->57 | total wins 319/414
10:24:01 [415/995] episode 33841505205608: hp 50->50 | total wins 320/415
10:24:01 [416/995] episode 33841505213706: hp 39->31 | total wins 321/416
10:24:03 [417/995] episode 33841505201606: hp 54->1 | total wins 322/417
10:24:06 [418/995] episode 33841505221605: hp 49->24 | total wins 323/418
10:24:07 [419/995] episode 33841505218704: hp 56->41 | total wins 324/419
10:24:14 [420/995] episode 33841505217707: hp 48->29 | total wins 325/420
10:24:16 [421/995] episode 33841505204706: hp 75->40 | total wins 326/421
10:24:17 [422/995] episode 33841505222607: hp 51->3 | total wins 327/422
10:24:17 [423/995] episode 33841505212606: hp 40->lost | total wins 327/423
10:24:18 [424/995] episode 33841505228605: hp 54->7 | total wins 328/424
10:24:21 [425/995] episode 33841505236705: hp 51->4 | total wins 329/425
10:24:22 [426/995] episode 33841505230705: hp 49->36 | total wins 330/426
10:24:24 [427/995] episode 33841505232606: hp 74->31 | total wins 331/427
10:24:27 [428/995] episode 33841505235704: hp 68->1 | total wins 332/428
10:24:29 [429/995] episode 33841505241706: hp 75->66 | total wins 333/429
10:24:31 [430/995] episode 33841505240707: hp 85->73 | total wins 334/430
10:24:32 [431/995] episode 33841505224606: hp 52->23 | total wins 335/431
10:24:34 [432/995] episode 33841505237706: hp 57->57 | total wins 336/432
10:24:34 [433/995] episode 33841505252706: hp 75->75 | total wins 337/433
10:24:37 [434/995] episode 33841505243707: hp 37->lost | total wins 337/434
10:24:37 [435/995] episode 33841505246705: hp 41->23 | total wins 338/435
10:24:40 [436/995] episode 33841505253604: hp 50->lost | total wins 338/436
10:24:42 [437/995] episode 33841505254707: hp 60->60 | total wins 339/437
10:24:45 [438/995] episode 33841505251608: hp 47->23 | total wins 340/438
10:24:49 [439/995] episode 33841505257606: hp 74->10 | total wins 341/439
10:24:50 [440/995] episode 33841505254606: hp 66->24 | total wins 342/440
10:24:51 [441/995] episode 33841505258605: hp 43->43 | total wins 343/441
10:24:51 [442/995] episode 33841505247608: hp 73->53 | total wins 344/442
10:24:53 [443/995] episode 33841505269707: hp 22->25 | total wins 345/443
10:24:55 [444/995] episode 33841505262604: hp 55->31 | total wins 346/444
10:24:57 [445/995] episode 33841505261707: hp 61->61 | total wins 347/445
10:25:01 [446/995] episode 33841505270708: hp 39->39 | total wins 348/446
10:25:02 [447/995] episode 33841505273706: hp 50->50 | total wins 349/447
10:25:05 [448/995] episode 33841505253707: hp 53->36 | total wins 350/448
10:25:06 [449/995] episode 33841505278605: hp 75->57 | total wins 351/449
10:25:08 [450/995] episode 33841505266605: hp 60->32 | total wins 352/450
10:25:09 [451/995] episode 33841505274606: hp 76->22 | total wins 353/451
10:25:11 [452/995] episode 33841505276608: hp 50->50 | total wins 354/452
10:25:12 [453/995] episode 33841505265607: hp 75->42 | total wins 355/453
10:25:16 [454/995] episode 33841505277705: hp 70->54 | total wins 356/454
10:25:19 [455/995] episode 33841505284705: hp 49->9 | total wins 357/455
10:25:21 [456/995] episode 33841505286608: hp 34->31 | total wins 358/456
10:25:21 [457/995] episode 33841505284608: hp 56->43 | total wins 359/457
10:25:24 [458/995] episode 33841505289608: hp 51->31 | total wins 360/458
10:25:24 [459/995] episode 33841505288708: hp 38->13 | total wins 361/459
10:25:27 [460/995] episode 33841505279705: hp 43->33 | total wins 362/460
10:25:29 [461/995] episode 33841505295706: hp 75->47 | total wins 363/461
10:25:31 [462/995] episode 33841505298706: hp 66->66 | total wins 364/462
10:25:34 [463/995] episode 33841505300709: hp 58->58 | total wins 365/463
10:25:35 [464/995] episode 33841505312606: hp 44->32 | total wins 366/464
10:25:35 [465/995] episode 33841505277607: hp 61->22 | total wins 367/465
10:25:35 [466/995] episode 33841505313704: hp 60->75 | total wins 368/466
10:25:35 [467/995] episode 33841505292608: hp 65->47 | total wins 369/467
10:25:37 [468/995] episode 33841505310705: hp 41->22 | total wins 370/468
10:25:38 [469/995] episode 33841505311609: hp 47->35 | total wins 371/469
10:25:41 [470/995] episode 33841505320604: hp 39->lost | total wins 371/470
10:25:42 [471/995] episode 33841505296608: hp 59->56 | total wins 372/471
10:25:43 [472/995] episode 33841505330707: hp 14->lost | total wins 372/472
10:25:44 [473/995] episode 33841505323609: hp 37->lost | total wins 372/473
10:25:45 [474/995] episode 33841505316606: hp 37->lost | total wins 372/474
10:25:47 [475/995] episode 33841505327606: hp 53->39 | total wins 373/475
10:25:55 [476/995] episode 33841505306706: hp 75->lost | total wins 373/476
10:25:56 [477/995] episode 33841505320708: hp 54->49 | total wins 374/477
10:25:58 [478/995] episode 33841505341605: hp 65->59 | total wins 375/478
10:25:58 [479/995] episode 33841505335607: hp 72->49 | total wins 376/479
10:26:00 [480/995] episode 33841505338607: hp 54->41 | total wins 377/480
10:26:00 [481/995] episode 33841505328608: hp 67->lost | total wins 377/481
10:26:00 [482/995] episode 33841505333606: hp 57->35 | total wins 378/482
10:26:02 [483/995] episode 33841505342706: hp 75->44 | total wins 379/483
10:26:05 [484/995] episode 33841505345607: hp 53->lost | total wins 379/484
10:26:06 [485/995] episode 33841505346605: hp 39->39 | total wins 380/485
10:26:09 [486/995] episode 33841505344606: hp 78->59 | total wins 381/486
10:26:10 [487/995] episode 33841505350707: hp 40->17 | total wins 382/487
10:26:14 [488/995] episode 33841505359607: hp 46->23 | total wins 383/488
10:26:14 [489/995] episode 33841505357706: hp 40->lost | total wins 383/489
10:26:16 [490/995] episode 33841505354707: hp 30->27 | total wins 384/490
10:26:23 [491/995] episode 33841505367605: hp 60->lost | total wins 384/491
10:26:23 [492/995] episode 33841505360706: hp 45->33 | total wins 385/492
10:26:24 [493/995] episode 33841505369608: hp 30->24 | total wins 386/493
10:26:25 [494/995] episode 33841505365606: hp 75->63 | total wins 387/494
10:26:25 [495/995] episode 33841505368607: hp 53->53 | total wins 388/495
10:26:27 [496/995] episode 33841505349707: hp 74->39 | total wins 389/496
10:26:28 [497/995] episode 33841505364607: hp 43->31 | total wins 390/497
10:26:30 [498/995] episode 33841505350608: hp 80->lost | total wins 390/498
10:26:35 [499/995] episode 33841505373706: hp 52->43 | total wins 391/499
10:26:35 [500/995] episode 33841505383706: hp 42->22 | total wins 392/500
10:26:36 [501/995] episode 33841505384605: hp 58->58 | total wins 393/501
10:26:37 [502/995] episode 33841505370707: hp 75->32 | total wins 394/502
10:26:39 [503/995] episode 33841505376706: hp 38->lost | total wins 394/503
10:26:42 [504/995] episode 33841505380705: hp 48->18 | total wins 395/504
10:26:43 [505/995] episode 33841505394605: hp 67->67 | total wins 396/505
10:26:47 [506/995] episode 33841505397604: hp 75->72 | total wins 397/506
10:26:50 [507/995] episode 33841505393605: hp 67->9 | total wins 398/507
10:26:52 [508/995] episode 33841505388706: hp 43->18 | total wins 399/508
10:26:54 [509/995] episode 33841505388605: hp 37->19 | total wins 400/509
10:26:57 [510/995] episode 33841505396606: hp 50->13 | total wins 401/510
10:26:59 [511/995] episode 33841505397706: hp 34->lost | total wins 401/511
10:27:00 [512/995] episode 33841505386606: hp 56->24 | total wins 402/512
10:27:03 [513/995] episode 33841505384708: hp 68->30 | total wins 403/513
10:27:04 [514/995] episode 33841505394707: hp 50->17 | total wins 404/514
10:27:07 [515/995] episode 33841505401607: hp 59->28 | total wins 405/515
10:27:08 [516/995] episode 33841505401707: hp 78->49 | total wins 406/516
10:27:11 [517/995] episode 33841505402706: hp 58->44 | total wins 407/517
10:27:13 [518/995] episode 33841505405606: hp 36->13 | total wins 408/518
10:27:15 [519/995] episode 33841505406704: hp 48->lost | total wins 408/519
10:27:16 [520/995] episode 33841505402607: hp 51->10 | total wins 409/520
10:27:16 [521/995] episode 33841505410705: hp 75->75 | total wins 410/521
10:27:17 [522/995] episode 33841505408604: hp 28->lost | total wins 410/522
10:27:18 [523/995] episode 33841505408706: hp 63->48 | total wins 411/523
10:27:24 [524/995] episode 33841505403607: hp 70->40 | total wins 412/524
10:27:25 [525/995] episode 33841505405705: hp 40->14 | total wins 413/525
10:27:26 [526/995] episode 33841505409706: hp 74->62 | total wins 414/526
10:27:27 [527/995] episode 33841505406606: hp 64->lost | total wins 414/527
10:27:29 [528/995] episode 33841505421608: hp 71->30 | total wins 415/528
10:27:34 [529/995] episode 33841505419606: hp 55->37 | total wins 416/529
10:27:34 [530/995] episode 33841505417605: hp 52->22 | total wins 417/530
10:27:34 [531/995] episode 33841505416607: hp 42->18 | total wins 418/531
10:27:36 [532/995] episode 33841505428707: hp 62->36 | total wins 419/532
10:27:37 [533/995] episode 33841505427607: hp 56->lost | total wins 419/533
10:27:40 [534/995] episode 33841505441708: hp 30->lost | total wins 419/534
10:27:40 [535/995] episode 33841505435604: hp 42->lost | total wins 419/535
10:27:42 [536/995] episode 33841505436607: hp 26->26 | total wins 420/536
10:27:43 [537/995] episode 33841505411605: hp 57->13 | total wins 421/537
10:27:43 [538/995] episode 33841505438705: hp 47->lost | total wins 421/538
10:27:49 [539/995] episode 33841505432706: hp 61->lost | total wins 421/539
10:27:50 [540/995] episode 33841505441606: hp 24->lost | total wins 421/540
10:27:51 [541/995] episode 33841505438607: hp 33->21 | total wins 422/541
10:27:51 [542/995] episode 33841505446608: hp 73->69 | total wins 423/542
10:27:52 [543/995] episode 33841505444706: hp 70->48 | total wins 424/543
10:27:53 [544/995] episode 33841505437706: hp 37->lost | total wins 424/544
10:27:54 [545/995] episode 33841505437606: hp 65->18 | total wins 425/545
10:27:59 [546/995] episode 33841505457703: hp 44->lost | total wins 425/546
10:28:01 [547/995] episode 33841505448607: hp 58->45 | total wins 426/547
10:28:03 [548/995] episode 33841505456606: hp 25->lost | total wins 426/548
10:28:03 [549/995] episode 33841505460606: hp 36->24 | total wins 427/549
10:28:04 [550/995] episode 33841505462606: hp 25->25 | total wins 428/550
10:28:04 [551/995] episode 33841505459606: hp 62->62 | total wins 429/551
10:28:06 [552/995] episode 33841505445606: hp 40->9 | total wins 430/552
10:28:07 [553/995] episode 33841505465709: hp 57->14 | total wins 431/553
10:28:10 [554/995] episode 33841505443709: hp 71->23 | total wins 432/554
10:28:11 [555/995] episode 33841505466606: hp 71->71 | total wins 433/555
10:28:14 [556/995] episode 33841505473607: hp 41->29 | total wins 434/556
10:28:15 [557/995] episode 33841505464606: hp 57->47 | total wins 435/557
10:28:18 [558/995] episode 33841505475606: hp 43->20 | total wins 436/558
10:28:21 [559/995] episode 33841505470704: hp 66->lost | total wins 436/559
10:28:23 [560/995] episode 33841505473706: hp 51->27 | total wins 437/560
10:28:29 [561/995] episode 33841505468708: hp 53->lost | total wins 437/561
10:28:29 [562/995] episode 33841505469607: hp 59->30 | total wins 438/562
10:28:29 [563/995] episode 33841505481704: hp 56->44 | total wins 439/563
10:28:30 [564/995] episode 33841505483706: hp 53->53 | total wins 440/564
10:28:30 [565/995] episode 33841505478608: hp 41->lost | total wins 440/565
10:28:31 [566/995] episode 33841505485606: hp 36->8 | total wins 441/566
10:28:35 [567/995] episode 33841505471605: hp 60->56 | total wins 442/567
10:28:37 [568/995] episode 33841505493706: hp 61->lost | total wins 442/568
10:28:37 [569/995] episode 33841505476705: hp 49->lost | total wins 442/569
10:28:40 [570/995] episode 33841505486605: hp 60->28 | total wins 443/570
10:28:40 [571/995] episode 33841505477706: hp 75->51 | total wins 444/571
10:28:41 [572/995] episode 33841505487605: hp 27->lost | total wins 444/572
10:28:42 [573/995] episode 33841505503607: hp 75->55 | total wins 445/573
10:28:44 [574/995] episode 33841505509706: hp 28->lost | total wins 445/574
10:28:46 [575/995] episode 33841505492708: hp 52->50 | total wins 446/575
10:28:50 [576/995] episode 33841505512704: hp 67->63 | total wins 447/576
10:28:54 [577/995] episode 33841505513606: hp 41->38 | total wins 448/577
10:28:55 [578/995] episode 33841505505607: hp 66->16 | total wins 449/578
10:28:58 [579/995] episode 33841505499605: hp 58->lost | total wins 449/579
10:29:00 [580/995] episode 33841505516607: hp 82->74 | total wins 450/580
10:29:03 [581/995] episode 33841505514606: hp 51->6 | total wins 451/581
10:29:05 [582/995] episode 33841505506706: hp 75->8 | total wins 452/582
10:29:06 [583/995] episode 33841505512608: hp 75->46 | total wins 453/583
10:29:07 [584/995] episode 33841505514705: hp 75->9 | total wins 454/584
10:29:09 [585/995] episode 33841505524604: hp 50->37 | total wins 455/585
10:29:10 [586/995] episode 33841505516704: hp 75->22 | total wins 456/586
10:29:11 [587/995] episode 33841505517605: hp 63->38 | total wins 457/587
10:29:16 [588/995] episode 33841505525607: hp 59->lost | total wins 457/588
10:29:17 [589/995] episode 33841505532605: hp 43->lost | total wins 457/589
10:29:19 [590/995] episode 33841505536606: hp 45->lost | total wins 457/590
10:29:22 [591/995] episode 33841505529705: hp 75->lost | total wins 457/591
10:29:22 [592/995] episode 33841505539707: hp 75->75 | total wins 458/592
10:29:27 [593/995] episode 33841505528607: hp 55->30 | total wins 459/593
10:29:29 [594/995] episode 33841505543607: hp 75->lost | total wins 459/594
10:29:29 [595/995] episode 33841505555604: hp 42->23 | total wins 460/595
10:29:32 [596/995] episode 33841505551703: hp 41->16 | total wins 461/596
10:29:32 [597/995] episode 33841505563706: hp 75->75 | total wins 462/597
10:29:38 [598/995] episode 33841505546707: hp 63->17 | total wins 463/598
10:29:40 [599/995] episode 33841505560704: hp 65->53 | total wins 464/599
10:29:41 [600/995] episode 33841505568606: hp 50->46 | total wins 465/600
10:29:41 [601/995] episode 33841505573709: hp 38->38 | total wins 466/601
10:29:42 [602/995] episode 33841505562605: hp 75->lost | total wins 466/602
10:29:44 [603/995] episode 33841505568708: hp 37->37 | total wins 467/603
10:29:44 [604/995] episode 33841505539608: hp 78->42 | total wins 468/604
10:29:44 [605/995] episode 33841505557606: hp 62->40 | total wins 469/605
10:29:44 [606/995] episode 33841505567605: hp 46->lost | total wins 469/606
10:29:51 [607/995] episode 33841505574708: hp 40->27 | total wins 470/607
10:29:51 [608/995] episode 33841505570607: hp 67->59 | total wins 471/608
10:29:58 [609/995] episode 33841505582605: hp 61->43 | total wins 472/609
10:29:59 [610/995] episode 33841505581706: hp 27->19 | total wins 473/610
10:30:01 [611/995] episode 33841505577607: hp 63->33 | total wins 474/611
10:30:01 [612/995] episode 33841505576605: hp 53->36 | total wins 475/612
10:30:04 [613/995] episode 33841505586606: hp 58->43 | total wins 476/613
10:30:04 [614/995] episode 33841505575706: hp 71->26 | total wins 477/614
10:30:06 [615/995] episode 33841505584606: hp 37->lost | total wins 477/615
10:30:06 [616/995] episode 33841505585606: hp 47->lost | total wins 477/616
10:30:10 [617/995] episode 33841505587706: hp 53->10 | total wins 478/617
10:30:14 [618/995] episode 33841505587606: hp 41->lost | total wins 478/618
10:30:14 [619/995] episode 33841505598605: hp 47->47 | total wins 479/619
10:30:18 [620/995] episode 33841505595705: hp 71->41 | total wins 480/620
10:30:22 [621/995] episode 33841505588606: hp 75->29 | total wins 481/621
10:30:23 [622/995] episode 33841505597706: hp 59->40 | total wins 482/622
10:30:23 [623/995] episode 33841505600706: hp 45->lost | total wins 482/623
10:30:24 [624/995] episode 33841505592606: hp 58->34 | total wins 483/624
10:30:24 [625/995] episode 33841505605606: hp 48->12 | total wins 484/625
10:30:24 [626/995] episode 33841505594705: hp 75->34 | total wins 485/626
10:30:27 [627/995] episode 33841505605707: hp 49->34 | total wins 486/627
10:30:28 [628/995] episode 33841505610705: hp 47->47 | total wins 487/628
10:30:30 [629/995] episode 33841505603707: hp 62->60 | total wins 488/629
10:30:32 [630/995] episode 33841505607706: hp 27->lost | total wins 488/630
10:30:32 [631/995] episode 33841505608607: hp 66->47 | total wins 489/631
10:30:37 [632/995] episode 33841505615707: hp 49->49 | total wins 490/632
10:30:37 [633/995] episode 33841505614706: hp 75->61 | total wins 491/633
10:30:37 [634/995] episode 33841505609707: hp 69->33 | total wins 492/634
10:30:42 [635/995] episode 33841505620707: hp 30->12 | total wins 493/635
10:30:42 [636/995] episode 33841505615609: hp 30->22 | total wins 494/636
10:30:47 [637/995] episode 33841505619706: hp 58->40 | total wins 495/637
10:30:48 [638/995] episode 33841505627706: hp 65->59 | total wins 496/638
10:30:50 [639/995] episode 33841505623706: hp 65->53 | total wins 497/639
10:30:50 [640/995] episode 33841505618605: hp 44->3 | total wins 498/640
10:30:50 [641/995] episode 33841505612607: hp 75->59 | total wins 499/641
10:30:52 [642/995] episode 33841505634705: hp 42->12 | total wins 500/642
10:30:52 [643/995] episode 33841505632706: hp 39->33 | total wins 501/643
10:30:55 [644/995] episode 33841505639706: hp 44->38 | total wins 502/644
10:30:57 [645/995] episode 33841505645707: hp 35->29 | total wins 503/645
10:30:57 [646/995] episode 33841505628606: hp 37->14 | total wins 504/646
10:30:57 [647/995] episode 33841505623605: hp 61->lost | total wins 504/647
10:31:03 [648/995] episode 33841505633707: hp 53->26 | total wins 505/648
10:31:07 [649/995] episode 33841505644707: hp 48->1 | total wins 506/649
10:31:07 [650/995] episode 33841505661605: hp 69->69 | total wins 507/650
10:31:09 [651/995] episode 33841505654608: hp 66->52 | total wins 508/651
10:31:11 [652/995] episode 33841505651709: hp 42->11 | total wins 509/652
10:31:12 [653/995] episode 33841505638608: hp 59->11 | total wins 510/653
10:31:14 [654/995] episode 33841505655707: hp 75->62 | total wins 511/654
10:31:15 [655/995] episode 33841505652607: hp 45->5 | total wins 512/655
10:31:15 [656/995] episode 33841505658705: hp 49->lost | total wins 512/656
10:31:17 [657/995] episode 33841505659606: hp 47->11 | total wins 513/657
10:31:23 [658/995] episode 33841505672604: hp 35->39 | total wins 514/658
10:31:24 [659/995] episode 33841505664703: hp 53->45 | total wins 515/659
10:31:27 [660/995] episode 33841505670605: hp 75->lost | total wins 515/660
10:31:28 [661/995] episode 33841505674706: hp 50->26 | total wins 516/661
10:31:28 [662/995] episode 33841505670705: hp 48->33 | total wins 517/662
10:31:29 [663/995] episode 33841505681705: hp 69->69 | total wins 518/663
10:31:35 [664/995] episode 33841505678707: hp 60->42 | total wins 519/664
10:31:37 [665/995] episode 33841505683706: hp 75->75 | total wins 520/665
10:31:38 [666/995] episode 33841505665605: hp 58->31 | total wins 521/666
10:31:40 [667/995] episode 33841505678608: hp 57->lost | total wins 521/667
10:31:41 [668/995] episode 33841505690707: hp 60->22 | total wins 522/668
10:31:43 [669/995] episode 33841505694706: hp 42->42 | total wins 523/669
10:31:44 [670/995] episode 33841505686705: hp 44->37 | total wins 524/670
10:31:45 [671/995] episode 33841505713605: hp 54->54 | total wins 525/671
10:31:49 [672/995] episode 33841505698606: hp 59->lost | total wins 525/672
10:31:49 [673/995] episode 33841505712705: hp 46->46 | total wins 526/673
10:31:52 [674/995] episode 33841505688707: hp 50->34 | total wins 527/674
10:31:52 [675/995] episode 33841505687608: hp 70->42 | total wins 528/675
10:31:54 [676/995] episode 33841505714707: hp 35->29 | total wins 529/676
10:31:55 [677/995] episode 33841505713706: hp 45->lost | total wins 529/677
10:31:56 [678/995] episode 33841505708706: hp 50->lost | total wins 529/678
10:31:58 [679/995] episode 33841505717707: hp 34->lost | total wins 529/679
10:31:58 [680/995] episode 33841505701606: hp 54->lost | total wins 529/680
10:32:03 [681/995] episode 33841505720706: hp 66->54 | total wins 530/681
10:32:05 [682/995] episode 33841505722705: hp 26->26 | total wins 531/682
10:32:06 [683/995] episode 33841505716707: hp 61->61 | total wins 532/683
10:32:10 [684/995] episode 33841505728607: hp 45->33 | total wins 533/684
10:32:11 [685/995] episode 33841505725607: hp 61->25 | total wins 534/685
10:32:12 [686/995] episode 33841505738607: hp 28->22 | total wins 535/686
10:32:13 [687/995] episode 33841505726608: hp 54->12 | total wins 536/687
10:32:14 [688/995] episode 33841505730705: hp 49->28 | total wins 537/688
10:32:14 [689/995] episode 33841505715604: hp 68->64 | total wins 538/689
10:32:16 [690/995] episode 33841505731606: hp 56->36 | total wins 539/690
10:32:19 [691/995] episode 33841505679706: hp 80->10 | total wins 540/691
10:32:19 [692/995] episode 33841505739707: hp 50->50 | total wins 541/692
10:32:21 [693/995] episode 33841505737705: hp 37->12 | total wins 542/693
10:32:24 [694/995] episode 33841505746707: hp 30->30 | total wins 543/694
10:32:25 [695/995] episode 33841505732604: hp 74->74 | total wins 544/695
10:32:27 [696/995] episode 33841505746605: hp 47->19 | total wins 545/696
10:32:29 [697/995] episode 33841505748605: hp 43->10 | total wins 546/697
10:32:33 [698/995] episode 33841505752606: hp 53->53 | total wins 547/698
10:32:37 [699/995] episode 33841505741707: hp 62->2 | total wins 548/699
10:32:43 [700/995] episode 33841505749706: hp 44->13 | total wins 549/700
10:32:44 [701/995] episode 33841505743606: hp 28->3 | total wins 550/701
10:32:46 [702/995] episode 33841505760605: hp 46->lost | total wins 550/702
10:32:47 [703/995] episode 33841505760705: hp 52->24 | total wins 551/703
10:32:49 [704/995] episode 33841505748706: hp 69->32 | total wins 552/704
10:32:50 [705/995] episode 33841505756709: hp 57->37 | total wins 553/705
10:32:52 [706/995] episode 33841505754705: hp 58->42 | total wins 554/706
10:32:52 [707/995] episode 33841505750606: hp 74->38 | total wins 555/707
10:32:58 [708/995] episode 33841505762607: hp 42->42 | total wins 556/708
10:33:01 [709/995] episode 33841505757706: hp 58->27 | total wins 557/709
10:33:02 [710/995] episode 33841505776607: hp 47->19 | total wins 558/710
10:33:07 [711/995] episode 33841505754607: hp 72->lost | total wins 558/711
10:33:10 [712/995] episode 33841505765608: hp 53->18 | total wins 559/712
10:33:14 [713/995] episode 33841505761707: hp 43->23 | total wins 560/713
10:33:15 [714/995] episode 33841505766607: hp 75->48 | total wins 561/714
10:33:15 [715/995] episode 33841505776706: hp 40->40 | total wins 562/715
10:33:15 [716/995] episode 33841505777608: hp 63->18 | total wins 563/716
10:33:26 [717/995] episode 33841505780705: hp 57->lost | total wins 563/717
10:33:28 [718/995] episode 33841505781607: hp 35->22 | total wins 564/718
10:33:28 [719/995] episode 33841505778606: hp 42->lost | total wins 564/719
10:33:30 [720/995] episode 33841505789706: hp 51->51 | total wins 565/720
10:33:31 [721/995] episode 33841505782606: hp 49->31 | total wins 566/721
10:33:31 [722/995] episode 33841505787606: hp 22->12 | total wins 567/722
10:33:33 [723/995] episode 33841505786705: hp 59->21 | total wins 568/723
10:33:37 [724/995] episode 33841505775606: hp 75->35 | total wins 569/724
10:33:37 [725/995] episode 33841505790606: hp 49->lost | total wins 569/725
10:33:38 [726/995] episode 33841505791706: hp 75->75 | total wins 570/726
10:33:42 [727/995] episode 33841505792707: hp 51->23 | total wins 571/727
10:33:43 [728/995] episode 33841505791606: hp 33->lost | total wins 571/728
10:33:43 [729/995] episode 33841505773706: hp 43->7 | total wins 572/729
10:33:45 [730/995] episode 33841505797706: hp 58->49 | total wins 573/730
10:33:45 [731/995] episode 33841505799706: hp 51->lost | total wins 573/731
10:33:49 [732/995] episode 33841505794606: hp 63->15 | total wins 574/732
10:33:49 [733/995] episode 33841505797607: hp 38->lost | total wins 574/733
10:33:51 [734/995] episode 33841505804606: hp 39->24 | total wins 575/734
10:33:53 [735/995] episode 33841505805606: hp 34->15 | total wins 576/735
10:33:53 [736/995] episode 33841505815707: hp 31->lost | total wins 576/736
10:33:55 [737/995] episode 33841505807608: hp 57->31 | total wins 577/737
10:33:56 [738/995] episode 33841505802607: hp 41->lost | total wins 577/738
10:34:03 [739/995] episode 33841505814705: hp 46->20 | total wins 578/739
10:34:04 [740/995] episode 33841505818605: hp 75->63 | total wins 579/740
10:34:06 [741/995] episode 33841505827706: hp 39->10 | total wins 580/741
10:34:06 [742/995] episode 33841505806708: hp 28->32 | total wins 581/742
10:34:07 [743/995] episode 33841505816706: hp 36->9 | total wins 582/743
10:34:08 [744/995] episode 33841505819705: hp 40->24 | total wins 583/744
10:34:09 [745/995] episode 33841505806608: hp 54->7 | total wins 584/745
10:34:09 [746/995] episode 33841505808605: hp 45->12 | total wins 585/746
10:34:09 [747/995] episode 33841505809704: hp 60->lost | total wins 585/747
10:34:16 [748/995] episode 33841505828605: hp 72->72 | total wins 586/748
10:34:18 [749/995] episode 33841505820707: hp 64->lost | total wins 586/749
10:34:19 [750/995] episode 33841505831604: hp 63->lost | total wins 586/750
10:34:23 [751/995] episode 33841505832606: hp 47->lost | total wins 586/751
10:34:23 [752/995] episode 33841505841704: hp 60->42 | total wins 587/752
10:34:25 [753/995] episode 33841505843606: hp 39->lost | total wins 587/753
10:34:26 [754/995] episode 33841505839707: hp 60->18 | total wins 588/754
10:34:26 [755/995] episode 33841505836706: hp 75->57 | total wins 589/755
10:34:28 [756/995] episode 33841505836605: hp 75->35 | total wins 590/756
10:34:30 [757/995] episode 33841505842707: hp 52->lost | total wins 590/757
10:34:34 [758/995] episode 33841505833606: hp 67->45 | total wins 591/758
10:34:41 [759/995] episode 33841505848708: hp 47->42 | total wins 592/759
10:34:41 [760/995] episode 33841505852706: hp 75->75 | total wins 593/760
10:34:42 [761/995] episode 33841505845705: hp 75->36 | total wins 594/761
10:34:42 [762/995] episode 33841505840606: hp 57->45 | total wins 595/762
10:34:45 [763/995] episode 33841505848606: hp 44->lost | total wins 595/763
10:34:45 [764/995] episode 33841505850605: hp 66->18 | total wins 596/764
10:34:46 [765/995] episode 33841505844705: hp 67->lost | total wins 596/765
10:34:47 [766/995] episode 33841505853706: hp 43->43 | total wins 597/766
10:34:54 [767/995] episode 33841505863703: hp 40->17 | total wins 598/767
10:34:55 [768/995] episode 33841505855707: hp 52->lost | total wins 598/768
10:34:58 [769/995] episode 33841505864706: hp 42->12 | total wins 599/769
10:34:58 [770/995] episode 33841505845606: hp 26->2 | total wins 600/770
10:34:58 [771/995] episode 33841505866608: hp 41->41 | total wins 601/771
10:35:00 [772/995] episode 33841505857709: hp 54->41 | total wins 602/772
10:35:01 [773/995] episode 33841505858707: hp 53->47 | total wins 603/773
10:35:03 [774/995] episode 33841505857607: hp 56->46 | total wins 604/774
10:35:08 [775/995] episode 33841505859707: hp 59->42 | total wins 605/775
10:35:11 [776/995] episode 33841505858605: hp 75->41 | total wins 606/776
10:35:12 [777/995] episode 33841505866704: hp 47->17 | total wins 607/777
10:35:12 [778/995] episode 33841505873606: hp 55->37 | total wins 608/778
10:35:14 [779/995] episode 33841505872607: hp 45->4 | total wins 609/779
10:35:14 [780/995] episode 33841505871707: hp 31->25 | total wins 610/780
10:35:17 [781/995] episode 33841505871608: hp 46->46 | total wins 611/781
10:35:17 [782/995] episode 33841505867704: hp 58->lost | total wins 611/782
10:35:22 [783/995] episode 33841505879707: hp 46->21 | total wins 612/783
10:35:22 [784/995] episode 33841505884706: hp 18->lost | total wins 612/784
10:35:28 [785/995] episode 33841505882606: hp 73->24 | total wins 613/785
10:35:29 [786/995] episode 33841505887606: hp 32->32 | total wins 614/786
10:35:30 [787/995] episode 33841505877607: hp 71->18 | total wins 615/787
10:35:30 [788/995] episode 33841505882706: hp 85->85 | total wins 616/788
10:35:33 [789/995] episode 33841505875605: hp 75->lost | total wins 616/789
10:35:33 [790/995] episode 33841505886707: hp 59->43 | total wins 617/790
10:35:37 [791/995] episode 33841505895704: hp 59->59 | total wins 618/791
10:35:41 [792/995] episode 33841505889608: hp 72->lost | total wins 618/792
10:35:43 [793/995] episode 33841505896706: hp 53->53 | total wins 619/793
10:35:45 [794/995] episode 33841505894606: hp 66->26 | total wins 620/794
10:35:46 [795/995] episode 33841505885706: hp 55->lost | total wins 620/795
10:35:46 [796/995] episode 33841505881705: hp 62->31 | total wins 621/796
10:35:50 [797/995] episode 33841505881606: hp 48->21 | total wins 622/797
10:35:51 [798/995] episode 33841505891709: hp 46->24 | total wins 623/798
10:35:53 [799/995] episode 33841505894707: hp 54->21 | total wins 624/799
10:35:54 [800/995] episode 33841505898705: hp 68->34 | total wins 625/800
10:35:55 [801/995] episode 33841505910707: hp 75->75 | total wins 626/801
10:35:57 [802/995] episode 33841505899606: hp 69->51 | total wins 627/802
10:36:00 [803/995] episode 33841505900606: hp 49->49 | total wins 628/803
10:36:02 [804/995] episode 33841505898608: hp 51->18 | total wins 629/804
10:36:02 [805/995] episode 33841505905706: hp 39->30 | total wins 630/805
10:36:06 [806/995] episode 33841505920607: hp 72->64 | total wins 631/806
10:36:09 [807/995] episode 33841505917707: hp 41->41 | total wins 632/807
10:36:12 [808/995] episode 33841505921608: hp 61->61 | total wins 633/808
10:36:14 [809/995] episode 33841505902706: hp 75->lost | total wins 633/809
10:36:15 [810/995] episode 33841505916705: hp 58->58 | total wins 634/810
10:36:19 [811/995] episode 33841505929606: hp 67->61 | total wins 635/811
10:36:19 [812/995] episode 33841505922707: hp 68->21 | total wins 636/812
10:36:19 [813/995] episode 33841505919708: hp 61->22 | total wins 637/813
10:36:20 [814/995] episode 33841505927606: hp 39->29 | total wins 638/814
10:36:20 [815/995] episode 33841505905606: hp 58->20 | total wins 639/815
10:36:23 [816/995] episode 33841505921706: hp 57->lost | total wins 639/816
10:36:24 [817/995] episode 33841505906606: hp 75->lost | total wins 639/817
10:36:31 [818/995] episode 33841505931607: hp 43->36 | total wins 640/818
10:36:35 [819/995] episode 33841505938704: hp 75->35 | total wins 641/819
10:36:36 [820/995] episode 33841505927705: hp 57->lost | total wins 641/820
10:36:36 [821/995] episode 33841505928706: hp 75->36 | total wins 642/821
10:36:36 [822/995] episode 33841505939604: hp 54->29 | total wins 643/822
10:36:37 [823/995] episode 33841505941706: hp 63->57 | total wins 644/823
10:36:37 [824/995] episode 33841505935607: hp 45->lost | total wins 644/824
10:36:37 [825/995] episode 33841505944606: hp 50->24 | total wins 645/825
10:36:37 [826/995] episode 33841505946607: hp 32->29 | total wins 646/826
10:36:38 [827/995] episode 33841505931705: hp 43->13 | total wins 647/827
10:36:44 [828/995] episode 33841505951707: hp 17->lost | total wins 647/828
10:36:44 [829/995] episode 33841505949606: hp 38->38 | total wins 648/829
10:36:46 [830/995] episode 33841505951606: hp 31->lost | total wins 648/830
10:36:47 [831/995] episode 33841505959707: hp 38->lost | total wins 648/831
10:36:49 [832/995] episode 33841505961607: hp 81->85 | total wins 649/832
10:36:50 [833/995] episode 33841505948707: hp 40->36 | total wins 650/833
10:36:56 [834/995] episode 33841505952706: hp 58->38 | total wins 651/834
10:36:57 [835/995] episode 33841505962607: hp 33->lost | total wins 651/835
10:36:58 [836/995] episode 33841505965605: hp 73->23 | total wins 652/836
10:36:59 [837/995] episode 33841505967707: hp 75->65 | total wins 653/837
10:36:59 [838/995] episode 33841505956606: hp 50->lost | total wins 653/838
10:37:06 [839/995] episode 33841505976606: hp 59->56 | total wins 654/839
10:37:07 [840/995] episode 33841505973705: hp 51->43 | total wins 655/840
10:37:09 [841/995] episode 33841505979706: hp 50->20 | total wins 656/841
10:37:11 [842/995] episode 33841505984705: hp 64->lost | total wins 656/842
10:37:12 [843/995] episode 33841505966707: hp 76->57 | total wins 657/843
10:37:12 [844/995] episode 33841505978706: hp 48->19 | total wins 658/844
10:37:18 [845/995] episode 33841505976708: hp 49->23 | total wins 659/845
10:37:19 [846/995] episode 33841505982608: hp 27->lost | total wins 659/846
10:37:19 [847/995] episode 33841505987703: hp 62->lost | total wins 659/847
10:37:22 [848/995] episode 33841505990606: hp 75->54 | total wins 660/848
10:37:23 [849/995] episode 33841506002604: hp 28->lost | total wins 660/849
10:37:27 [850/995] episode 33841506002706: hp 38->8 | total wins 661/850
10:37:28 [851/995] episode 33841505991707: hp 75->67 | total wins 662/851
10:37:29 [852/995] episode 33841505971706: hp 65->4 | total wins 663/852
10:37:31 [853/995] episode 33841506000606: hp 60->lost | total wins 663/853
10:37:31 [854/995] episode 33841505990704: hp 47->20 | total wins 664/854
10:37:31 [855/995] episode 33841505996707: hp 55->17 | total wins 665/855
10:37:35 [856/995] episode 33841506015705: hp 62->62 | total wins 666/856
10:37:36 [857/995] episode 33841506011604: hp 56->33 | total wins 667/857
10:37:38 [858/995] episode 33841506003605: hp 75->45 | total wins 668/858
10:37:39 [859/995] episode 33841506011706: hp 75->75 | total wins 669/859
10:37:41 [860/995] episode 33841505992606: hp 63->50 | total wins 670/860
10:37:41 [861/995] episode 33841506010703: hp 35->lost | total wins 670/861
10:37:42 [862/995] episode 33841506020705: hp 59->44 | total wins 671/862
10:37:47 [863/995] episode 33841506042706: hp 72->69 | total wins 672/863
10:37:48 [864/995] episode 33841506024606: hp 71->69 | total wins 673/864
10:37:48 [865/995] episode 33841506014605: hp 75->41 | total wins 674/865
10:37:53 [866/995] episode 33841506032707: hp 72->lost | total wins 674/866
10:37:54 [867/995] episode 33841506020606: hp 72->62 | total wins 675/867
10:37:55 [868/995] episode 33841506041608: hp 45->6 | total wins 676/868
10:38:02 [869/995] episode 33841506037706: hp 59->lost | total wins 676/869
10:38:02 [870/995] episode 33841506042606: hp 48->lost | total wins 676/870
10:38:03 [871/995] episode 33841506040605: hp 60->29 | total wins 677/871
10:38:05 [872/995] episode 33841506047606: hp 51->51 | total wins 678/872
10:38:05 [873/995] episode 33841506044606: hp 55->35 | total wins 679/873
10:38:07 [874/995] episode 33841506048607: hp 34->13 | total wins 680/874
10:38:10 [875/995] episode 33841506045607: hp 34->26 | total wins 681/875
10:38:14 [876/995] episode 33841506034606: hp 75->33 | total wins 682/876
10:38:14 [877/995] episode 33841506060703: hp 25->lost | total wins 682/877
10:38:20 [878/995] episode 33841506059605: hp 82->42 | total wins 683/878
10:38:21 [879/995] episode 33841506053608: hp 50->50 | total wins 684/879
10:38:21 [880/995] episode 33841506046606: hp 62->42 | total wins 685/880
10:38:21 [881/995] episode 33841506055606: hp 69->69 | total wins 686/881
10:38:27 [882/995] episode 33841506054705: hp 49->36 | total wins 687/882
10:38:30 [883/995] episode 33841506060606: hp 75->56 | total wins 688/883
10:38:31 [884/995] episode 33841506051604: hp 74->45 | total wins 689/884
10:38:35 [885/995] episode 33841506068607: hp 31->lost | total wins 689/885
10:38:36 [886/995] episode 33841506066707: hp 63->28 | total wins 690/886
10:38:36 [887/995] episode 33841506073704: hp 75->57 | total wins 691/887
10:38:37 [888/995] episode 33841506075606: hp 51->lost | total wins 691/888
10:38:37 [889/995] episode 33841506071606: hp 75->70 | total wins 692/889
10:38:39 [890/995] episode 33841506049607: hp 75->12 | total wins 693/890
10:38:40 [891/995] episode 33841506079605: hp 51->lost | total wins 693/891
10:38:44 [892/995] episode 33841506078707: hp 56->24 | total wins 694/892
10:38:51 [893/995] episode 33841506082705: hp 39->lost | total wins 694/893
10:38:53 [894/995] episode 33841506077608: hp 75->20 | total wins 695/894
10:38:53 [895/995] episode 33841506090705: hp 63->63 | total wins 696/895
10:38:55 [896/995] episode 33841506064707: hp 55->28 | total wins 697/896
10:38:58 [897/995] episode 33841506085707: hp 59->32 | total wins 698/897
10:38:59 [898/995] episode 33841506086706: hp 53->23 | total wins 699/898
10:38:59 [899/995] episode 33841506084607: hp 59->20 | total wins 700/899
10:39:01 [900/995] episode 33841506095606: hp 55->55 | total wins 701/900
10:39:02 [901/995] episode 33841506092605: hp 50->lost | total wins 701/901
10:39:04 [902/995] episode 33841506094706: hp 37->lost | total wins 701/902
10:39:05 [903/995] episode 33841506100706: hp 35->lost | total wins 701/903
10:39:06 [904/995] episode 33841506091605: hp 60->lost | total wins 701/904
10:39:08 [905/995] episode 33841506100606: hp 72->72 | total wins 702/905
10:39:10 [906/995] episode 33841506093706: hp 38->12 | total wins 703/906
10:39:11 [907/995] episode 33841506102707: hp 32->lost | total wins 703/907
10:39:13 [908/995] episode 33841506099705: hp 51->31 | total wins 704/908
10:39:17 [909/995] episode 33841506102607: hp 28->lost | total wins 704/909
10:39:20 [910/995] episode 33841506087706: hp 73->55 | total wins 705/910
10:39:21 [911/995] episode 33841506105706: hp 36->9 | total wins 706/911
10:39:21 [912/995] episode 33841506115705: hp 42->42 | total wins 707/912
10:39:23 [913/995] episode 33841506103705: hp 61->22 | total wins 708/913
10:39:26 [914/995] episode 33841506120706: hp 35->35 | total wins 709/914
10:39:27 [915/995] episode 33841506121705: hp 46->46 | total wins 710/915
10:39:29 [916/995] episode 33841506107606: hp 52->48 | total wins 711/916
10:39:30 [917/995] episode 33841506103606: hp 52->lost | total wins 711/917
10:39:34 [918/995] episode 33841506123708: hp 50->41 | total wins 712/918
10:39:38 [919/995] episode 33841506128606: hp 60->47 | total wins 713/919
10:39:40 [920/995] episode 33841506127706: hp 47->22 | total wins 714/920
10:39:40 [921/995] episode 33841506131706: hp 33->lost | total wins 714/921
10:39:41 [922/995] episode 33841506127605: hp 74->58 | total wins 715/922
10:39:42 [923/995] episode 33841506124608: hp 62->lost | total wins 715/923
10:39:43 [924/995] episode 33841506114609: hp 42->23 | total wins 716/924
10:39:44 [925/995] episode 33841506125607: hp 61->30 | total wins 717/925
10:39:46 [926/995] episode 33841506132705: hp 62->74 | total wins 718/926
10:39:50 [927/995] episode 33841506130607: hp 43->21 | total wins 719/927
10:39:51 [928/995] episode 33841506126607: hp 60->40 | total wins 720/928
10:39:52 [929/995] episode 33841506140604: hp 75->75 | total wins 721/929
10:39:53 [930/995] episode 33841506113705: hp 75->35 | total wins 722/930
10:39:56 [931/995] episode 33841506132606: hp 43->21 | total wins 723/931
10:39:59 [932/995] episode 33841506140705: hp 60->56 | total wins 724/932
10:40:05 [933/995] episode 33841506146705: hp 68->68 | total wins 725/933
10:40:05 [934/995] episode 33841506143706: hp 37->lost | total wins 725/934
10:40:05 [935/995] episode 33841506138705: hp 75->lost | total wins 725/935
10:40:06 [936/995] episode 33841506144605: hp 51->47 | total wins 726/936
10:40:07 [937/995] episode 33841506137706: hp 72->57 | total wins 727/937
10:40:11 [938/995] episode 33841506159706: hp 30->lost | total wins 727/938
10:40:12 [939/995] episode 33841506153607: hp 61->2 | total wins 728/939
10:40:13 [940/995] episode 33841506162706: hp 75->75 | total wins 729/940
10:40:13 [941/995] episode 33841506135708: hp 64->18 | total wins 730/941
10:40:14 [942/995] episode 33841506161606: hp 51->51 | total wins 731/942
10:40:14 [943/995] episode 33841506153706: hp 55->30 | total wins 732/943
10:40:15 [944/995] episode 33841506166705: hp 19->4 | total wins 733/944
10:40:17 [945/995] episode 33841506160605: hp 64->36 | total wins 734/945
10:40:24 [946/995] episode 33841506168607: hp 69->43 | total wins 735/946
10:40:26 [947/995] episode 33841506174707: hp 47->lost | total wins 735/947
10:40:28 [948/995] episode 33841506169607: hp 29->lost | total wins 735/948
10:40:29 [949/995] episode 33841506177707: hp 53->25 | total wins 736/949
10:40:29 [950/995] episode 33841506169707: hp 64->64 | total wins 737/950
10:40:32 [951/995] episode 33841506184605: hp 46->lost | total wins 737/951
10:40:36 [952/995] episode 33841506180705: hp 54->52 | total wins 738/952
10:40:37 [953/995] episode 33841506159606: hp 40->35 | total wins 739/953
10:40:41 [954/995] episode 33841506190604: hp 75->62 | total wins 740/954
10:40:42 [955/995] episode 33841506188604: hp 59->3 | total wins 741/955
10:40:46 [956/995] episode 33841506172608: hp 56->6 | total wins 742/956
10:40:48 [957/995] episode 33841506180606: hp 68->12 | total wins 743/957
10:40:50 [958/995] episode 33841506200606: hp 53->lost | total wins 743/958
10:40:50 [959/995] episode 33841506184707: hp 51->17 | total wins 744/959
10:40:53 [960/995] episode 33841506202604: hp 49->24 | total wins 745/960
10:40:54 [961/995] episode 33841506198706: hp 54->lost | total wins 745/961
10:40:57 [962/995] episode 33841506208605: hp 70->62 | total wins 746/962
10:40:59 [963/995] episode 33841506215607: hp 56->36 | total wins 747/963
10:41:00 [964/995] episode 33841506194706: hp 38->29 | total wins 748/964
10:41:03 [965/995] episode 33841506214707: hp 56->53 | total wins 749/965
10:41:04 [966/995] episode 33841506222707: hp 35->lost | total wins 749/966
10:41:08 [967/995] episode 33841506219706: hp 53->14 | total wins 750/967
10:41:09 [968/995] episode 33841506223706: hp 61->47 | total wins 751/968
10:41:11 [969/995] episode 33841506216707: hp 43->lost | total wins 751/969
10:41:13 [970/995] episode 33841506227607: hp 75->47 | total wins 752/970
10:41:15 [971/995] episode 33841506229605: hp 61->lost | total wins 752/971
10:41:19 [972/995] episode 33841506216604: hp 60->lost | total wins 752/972
10:41:19 [973/995] episode 33841506227705: hp 70->52 | total wins 753/973
10:41:21 [974/995] episode 33841506231605: hp 58->lost | total wins 753/974
10:41:21 [975/995] episode 33841506224703: hp 42->34 | total wins 754/975
10:41:26 [976/995] episode 33841506235707: hp 62->44 | total wins 755/976
10:41:27 [977/995] episode 33841506232607: hp 75->23 | total wins 756/977
10:41:29 [978/995] episode 33841506248706: hp 75->71 | total wins 757/978
10:41:30 [979/995] episode 33841506246606: hp 75->70 | total wins 758/979
10:41:32 [980/995] episode 33841506233707: hp 58->54 | total wins 759/980
10:41:35 [981/995] episode 33841506243605: hp 42->26 | total wins 760/981
10:41:38 [982/995] episode 33841506240606: hp 76->58 | total wins 761/982
10:41:42 [983/995] episode 33841506259606: hp 22->lost | total wins 761/983
10:41:45 [984/995] episode 33841506258609: hp 40->lost | total wins 761/984
10:41:46 [985/995] episode 33841506238707: hp 48->11 | total wins 762/985
10:41:46 [986/995] episode 33841506260606: hp 62->44 | total wins 763/986
10:41:46 [987/995] episode 33841506233607: hp 65->lost | total wins 763/987
10:41:49 [988/995] episode 33841506255605: hp 50->14 | total wins 764/988
10:41:50 [989/995] episode 33841506237706: hp 52->30 | total wins 765/989
10:41:53 [990/995] episode 33841506272606: hp 45->43 | total wins 766/990
10:41:53 [991/995] episode 33841506250606: hp 51->39 | total wins 767/991
10:41:56 [992/995] episode 33841506262708: hp 58->53 | total wins 768/992
10:41:58 [993/995] episode 33841506266708: hp 75->34 | total wins 769/993
10:41:58 [994/995] episode 33841506260707: hp 75->61 | total wins 770/994
10:42:01 [995/995] episode 33841506270704: hp 48->lost | total wins 770/995
10:42:01 done in 31.2 min: {'schema': 'combat_v3', 'query': "select * from combat_v3\nwhere encounter = 'slime_boss' and source_episode_id is null\n  and id = 'act1-a20-8' and run_seed % 10 in (6, 7)\n", 'sources': ['combat_v3/2026-09-24/act1-a20-8'], 'value_run': 'value_net_v1/2026-09-25/slime-v8-gen1', 'teacher': {'batch': 64, 'child_min_visits': 50, 'early_stop': True, 'forced_simulations': 500, 'leaf': 'value_net', 'max_actions': 512, 'oracle': False, 'particles': 8, 'random_move': False, 'random_window': 24, 'simulations': 20000}, 'worker_sha256': 'aaa7463c9ca420b3eedce7bffca386e918a7ce1e360f5e61d9e5764b08c4e5f5', 'samples': 1, 'hp_sd': 10, 'random_potions': False, 'source_fights': 995, 'fights': 995, 'wins': 770, 'mean_terminal_value': 0.4223121564508199, 'seconds_per_fight': 18.69981937245115}
run: done (exit 0) /home/sborowsk/project/sts_combat_rl/runs/schema=combat_v3/date=2026-09-26/id=slime-v8-selfplay-gen2
