run: /home/sborowsk/project/sts_combat_rl/runs/schema=value_net_v1/date=2026-09-27/id=elite-v3-t1
log: /home/sborowsk/project/sts_combat_rl/runs/schema=value_net_v1/date=2026-09-27/id=elite-v3-t1/logs/stdout.log (stderr: /home/sborowsk/project/sts_combat_rl/runs/schema=value_net_v1/date=2026-09-27/id=elite-v3-t1/logs/stderr.log)

Value training
==============
config:     /home/sborowsk/project/sts_combat_rl/rundecks/elite-v3/configs/s2-t1.toml
output:     /home/sborowsk/project/sts_combat_rl/runs/schema=value_net_v1/date=2026-09-27/id=elite-v3-t1/out
checkpoint: /home/sborowsk/project/sts_combat_rl/runs/schema=value_net_v1/date=2026-09-27/id=elite-v3-t1/out/value_checkpoint.pt

Inputs
------
data:        select * from combat_v3
where id = 'elite-v3-teacher' and category = 'elite' and row_kind in ('decision', 'child')
  and v4_encoding_version = 4


Model
-----
kind:                deep_sets_v3
card_vocab:          512
monster_vocab:       128
move_vocab:          512
potion_vocab:        64
relic_vocab:         192
width:               96
card_id_dim:         32
monster_id_dim:      16
move_dim:            16
potion_id_dim:       16
relic_id_dim:        16
id_dropout:          0.1
pool_count_features: True
head_input_norm:     True
head_width:          192
head_blocks:         2
zero_init_blocks:    True
score_hp_offset:     35.0
score_potion_hp:     4.0
score_max_hp_offset: 55.0
policy_width:        128

Config
------
epochs:              10
batch_size:          512
lr:                  0.0005
weight_decay:        0.01
seed:                0
label:               shift
blend:               0.5
lr_schedule:         cosine
keep:                best
threads:             4
device:              cuda
aux_won_weight:      0.1
aux_hp_weight:       0.1
split:               None
validation_fraction: 0.1
correction_weight:   None
row_weighting:       elite_sqrt_source
aux_keep_weight:     0.1
policy_weight:       0.05
device: cuda (NVIDIA GeForce RTX 3060)
label shift: clipped 5989 of 377175 targets to [0, 1]
elite training loss shares: {'gremlin_nob': 0.33333333333333337, 'lagavulin': 0.3333333333333333, 'three_sentries': 0.33333333333333337}

Dataset
-------
rows: train=338,648  valid=38,527
runs: train=3,408  valid=379
fights: train=4,406  valid=478
encounter: {'gremlin_nob': 72660, 'lagavulin': 125268, 'three_sentries': 179247}
category: {'elite': 377175}
target: label=shift  blend=0.5
aux: won_weight=0.1  hp_weight=0.1  masked_rows=24.5%  hp_masked_rows=22.0%

Training
--------
Each epoch prints batch progress, then validation metrics.
epoch  time    train_mse  train_mae  valid_mse  valid_mae  baseline   teacher
-----  ------  ---------  ---------  ---------  ---------  ---------  ---------
  epoch   1/10  [#.......................]    33/662   loss=0.135619
  epoch   1/10  [##......................]    66/662   loss=0.123105
  epoch   1/10  [####....................]    99/662   loss=0.124542
  epoch   1/10  [#####...................]   132/662   loss=0.094864
  epoch   1/10  [######..................]   165/662   loss=0.093870
  epoch   1/10  [#######.................]   198/662   loss=0.088481
  epoch   1/10  [########................]   231/662   loss=0.087883
  epoch   1/10  [##########..............]   264/662   loss=0.089570
  epoch   1/10  [###########.............]   297/662   loss=0.085523
  epoch   1/10  [############............]   330/662   loss=0.082768
  epoch   1/10  [#############...........]   363/662   loss=0.074093
  epoch   1/10  [##############..........]   396/662   loss=0.073440
  epoch   1/10  [################........]   429/662   loss=0.077062
  epoch   1/10  [#################.......]   462/662   loss=0.079845
  epoch   1/10  [##################......]   495/662   loss=0.085620
  epoch   1/10  [###################.....]   528/662   loss=0.086959
  epoch   1/10  [####################....]   561/662   loss=0.074370
  epoch   1/10  [######################..]   594/662   loss=0.079248
  epoch   1/10  [#######################.]   627/662   loss=0.077165
  epoch   1/10  [########################]   660/662   loss=0.079061
  epoch   1/10  [########################]   662/662   loss=0.078032
  v3: train_aux_keep_mse=0.11043 train_policy_ce=0.99964 policy_validation_ce=0.97432 policy_validation_top1=0.66970 policy_validation_states=9437.00000 aux_keep_validation_mse=0.08984
  summary epoch=1/10 time=25.7s train_mse=0.007213 train_mae=0.066697 valid_mse=0.009365 valid_mae=0.074408 baseline_mse=0.039065 teacher_mse=0.006851 value_loss=0.013501 aux_won_bce=0.168920 aux_hp_mse=0.034187 lr_end=4.88e-04
  validation by encounter             rows       mse  baseline   teacher
  elite/gremlin_nob                   7824   0.01157   0.03936   0.00784
  elite/lagavulin                    10794   0.00768   0.03560   0.00768
  elite/three_sentries               19909   0.00941   0.04074   0.00601
  saved /home/sborowsk/project/sts_combat_rl/runs/schema=value_net_v1/date=2026-09-27/id=elite-v3-t1/out/value_checkpoint.pt (epoch 1)
  epoch   2/10  [#.......................]    33/662   loss=0.075511
  epoch   2/10  [##......................]    66/662   loss=0.071481
  epoch   2/10  [####....................]    99/662   loss=0.065025
  epoch   2/10  [#####...................]   132/662   loss=0.068448
  epoch   2/10  [######..................]   165/662   loss=0.069609
  epoch   2/10  [#######.................]   198/662   loss=0.081990
  epoch   2/10  [########................]   231/662   loss=0.073574
  epoch   2/10  [##########..............]   264/662   loss=0.065508
  epoch   2/10  [###########.............]   297/662   loss=0.077809
  epoch   2/10  [############............]   330/662   loss=0.069443
  epoch   2/10  [#############...........]   363/662   loss=0.076535
  epoch   2/10  [##############..........]   396/662   loss=0.062579
  epoch   2/10  [################........]   429/662   loss=0.064871
  epoch   2/10  [#################.......]   462/662   loss=0.071607
  epoch   2/10  [##################......]   495/662   loss=0.065518
  epoch   2/10  [###################.....]   528/662   loss=0.062082
  epoch   2/10  [####################....]   561/662   loss=0.063510
  epoch   2/10  [######################..]   594/662   loss=0.064059
  epoch   2/10  [#######################.]   627/662   loss=0.065452
  epoch   2/10  [########################]   660/662   loss=0.069794
  epoch   2/10  [########################]   662/662   loss=0.053687
  v3: train_aux_keep_mse=0.06724 train_policy_ce=0.96645 policy_validation_ce=0.96049 policy_validation_top1=0.68602 policy_validation_states=9437.00000 aux_keep_validation_mse=0.09989
  summary epoch=2/10 time=23.9s train_mse=0.006650 train_mae=0.061220 valid_mse=0.009156 valid_mae=0.070672 baseline_mse=0.039065 teacher_mse=0.006851 value_loss=0.006777 aux_won_bce=0.082058 aux_hp_mse=0.024390 lr_end=4.52e-04
  validation by encounter             rows       mse  baseline   teacher
  elite/gremlin_nob                   7824   0.01124   0.03936   0.00784
  elite/lagavulin                    10794   0.00912   0.03560   0.00768
  elite/three_sentries               19909   0.00835   0.04074   0.00601
  saved /home/sborowsk/project/sts_combat_rl/runs/schema=value_net_v1/date=2026-09-27/id=elite-v3-t1/out/value_checkpoint.pt (epoch 2)
  epoch   3/10  [#.......................]    33/662   loss=0.065818
  epoch   3/10  [##......................]    66/662   loss=0.060124
  epoch   3/10  [####....................]    99/662   loss=0.077443
  epoch   3/10  [#####...................]   132/662   loss=0.073550
  epoch   3/10  [######..................]   165/662   loss=0.065249
  epoch   3/10  [#######.................]   198/662   loss=0.066554
  epoch   3/10  [########................]   231/662   loss=0.064900
  epoch   3/10  [##########..............]   264/662   loss=0.064388
  epoch   3/10  [###########.............]   297/662   loss=0.057705
  epoch   3/10  [############............]   330/662   loss=0.066027
  epoch   3/10  [#############...........]   363/662   loss=0.060055
  epoch   3/10  [##############..........]   396/662   loss=0.066217
  epoch   3/10  [################........]   429/662   loss=0.062816
  epoch   3/10  [#################.......]   462/662   loss=0.056333
  epoch   3/10  [##################......]   495/662   loss=0.077569
  epoch   3/10  [###################.....]   528/662   loss=0.064078
  epoch   3/10  [####################....]   561/662   loss=0.061919
  epoch   3/10  [######################..]   594/662   loss=0.066918
  epoch   3/10  [#######################.]   627/662   loss=0.067516
  epoch   3/10  [########################]   660/662   loss=0.066496
  epoch   3/10  [########################]   662/662   loss=0.055665
  v3: train_aux_keep_mse=0.04158 train_policy_ce=0.95548 policy_validation_ce=0.95549 policy_validation_top1=0.68719 policy_validation_states=9437.00000 aux_keep_validation_mse=0.12224
  summary epoch=3/10 time=24.6s train_mse=0.005536 train_mae=0.054497 valid_mse=0.008083 valid_mae=0.065312 baseline_mse=0.039065 teacher_mse=0.006851 value_loss=0.006008 aux_won_bce=0.051882 aux_hp_mse=0.023219 lr_end=3.97e-04
  validation by encounter             rows       mse  baseline   teacher
  elite/gremlin_nob                   7824   0.01041   0.03936   0.00784
  elite/lagavulin                    10794   0.00829   0.03560   0.00768
  elite/three_sentries               19909   0.00706   0.04074   0.00601
  saved /home/sborowsk/project/sts_combat_rl/runs/schema=value_net_v1/date=2026-09-27/id=elite-v3-t1/out/value_checkpoint.pt (epoch 3)
  epoch   4/10  [#.......................]    33/662   loss=0.053894
  epoch   4/10  [##......................]    66/662   loss=0.064877
  epoch   4/10  [####....................]    99/662   loss=0.060482
  epoch   4/10  [#####...................]   132/662   loss=0.057467
  epoch   4/10  [######..................]   165/662   loss=0.067387
  epoch   4/10  [#######.................]   198/662   loss=0.062403
  epoch   4/10  [########................]   231/662   loss=0.061561
  epoch   4/10  [##########..............]   264/662   loss=0.068570
  epoch   4/10  [###########.............]   297/662   loss=0.064975
  epoch   4/10  [############............]   330/662   loss=0.061291
  epoch   4/10  [#############...........]   363/662   loss=0.058409
  epoch   4/10  [##############..........]   396/662   loss=0.060363
  epoch   4/10  [################........]   429/662   loss=0.063010
  epoch   4/10  [#################.......]   462/662   loss=0.049926
  epoch   4/10  [##################......]   495/662   loss=0.056060
  epoch   4/10  [###################.....]   528/662   loss=0.060648
  epoch   4/10  [####################....]   561/662   loss=0.057869
  epoch   4/10  [######################..]   594/662   loss=0.062043
  epoch   4/10  [#######################.]   627/662   loss=0.063246
  epoch   4/10  [########################]   660/662   loss=0.051877
  epoch   4/10  [########################]   662/662   loss=0.056125
  v3: train_aux_keep_mse=0.02546 train_policy_ce=0.94925 policy_validation_ce=0.95139 policy_validation_top1=0.69471 policy_validation_states=9437.00000 aux_keep_validation_mse=0.13793
  summary epoch=4/10 time=24.4s train_mse=0.004791 train_mae=0.050982 valid_mse=0.008047 valid_mae=0.064621 baseline_mse=0.039065 teacher_mse=0.006851 value_loss=0.005492 aux_won_bce=0.031634 aux_hp_mse=0.022137 lr_end=3.27e-04
  validation by encounter             rows       mse  baseline   teacher
  elite/gremlin_nob                   7824   0.00970   0.03936   0.00784
  elite/lagavulin                    10794   0.00819   0.03560   0.00768
  elite/three_sentries               19909   0.00732   0.04074   0.00601
  saved /home/sborowsk/project/sts_combat_rl/runs/schema=value_net_v1/date=2026-09-27/id=elite-v3-t1/out/value_checkpoint.pt (epoch 4)
  epoch   5/10  [#.......................]    33/662   loss=0.060765
  epoch   5/10  [##......................]    66/662   loss=0.053998
  epoch   5/10  [####....................]    99/662   loss=0.053820
  epoch   5/10  [#####...................]   132/662   loss=0.064247
  epoch   5/10  [######..................]   165/662   loss=0.052268
  epoch   5/10  [#######.................]   198/662   loss=0.056990
  epoch   5/10  [########................]   231/662   loss=0.060530
  epoch   5/10  [##########..............]   264/662   loss=0.054344
  epoch   5/10  [###########.............]   297/662   loss=0.054936
  epoch   5/10  [############............]   330/662   loss=0.058781
  epoch   5/10  [#############...........]   363/662   loss=0.054401
  epoch   5/10  [##############..........]   396/662   loss=0.054334
  epoch   5/10  [################........]   429/662   loss=0.058464
  epoch   5/10  [#################.......]   462/662   loss=0.060408
  epoch   5/10  [##################......]   495/662   loss=0.058567
  epoch   5/10  [###################.....]   528/662   loss=0.055203
  epoch   5/10  [####################....]   561/662   loss=0.062406
  epoch   5/10  [######################..]   594/662   loss=0.056651
  epoch   5/10  [#######################.]   627/662   loss=0.053052
  epoch   5/10  [########################]   660/662   loss=0.054074
  epoch   5/10  [########################]   662/662   loss=0.057922
  v3: train_aux_keep_mse=0.01494 train_policy_ce=0.94358 policy_validation_ce=0.94937 policy_validation_top1=0.69588 policy_validation_states=9437.00000 aux_keep_validation_mse=0.14400
  summary epoch=5/10 time=24.0s train_mse=0.004423 train_mae=0.048074 valid_mse=0.007855 valid_mae=0.063005 baseline_mse=0.039065 teacher_mse=0.006851 value_loss=0.004952 aux_won_bce=0.015844 aux_hp_mse=0.020880 lr_end=2.50e-04
  validation by encounter             rows       mse  baseline   teacher
  elite/gremlin_nob                   7824   0.01072   0.03936   0.00784
  elite/lagavulin                    10794   0.00784   0.03560   0.00768
  elite/three_sentries               19909   0.00674   0.04074   0.00601
  saved /home/sborowsk/project/sts_combat_rl/runs/schema=value_net_v1/date=2026-09-27/id=elite-v3-t1/out/value_checkpoint.pt (epoch 5)
  epoch   6/10  [#.......................]    33/662   loss=0.056488
  epoch   6/10  [##......................]    66/662   loss=0.063812
  epoch   6/10  [####....................]    99/662   loss=0.058364
  epoch   6/10  [#####...................]   132/662   loss=0.053677
  epoch   6/10  [######..................]   165/662   loss=0.055714
  epoch   6/10  [#######.................]   198/662   loss=0.057505
  epoch   6/10  [########................]   231/662   loss=0.059222
  epoch   6/10  [##########..............]   264/662   loss=0.059717
  epoch   6/10  [###########.............]   297/662   loss=0.051943
  epoch   6/10  [############............]   330/662   loss=0.055779
  epoch   6/10  [#############...........]   363/662   loss=0.055744
  epoch   6/10  [##############..........]   396/662   loss=0.055746
  epoch   6/10  [################........]   429/662   loss=0.059301
  epoch   6/10  [#################.......]   462/662   loss=0.055094
  epoch   6/10  [##################......]   495/662   loss=0.049863
  epoch   6/10  [###################.....]   528/662   loss=0.057639
  epoch   6/10  [####################....]   561/662   loss=0.057141
  epoch   6/10  [######################..]   594/662   loss=0.061714
  epoch   6/10  [#######################.]   627/662   loss=0.057403
  epoch   6/10  [########################]   660/662   loss=0.050698
  epoch   6/10  [########################]   662/662   loss=0.055705
  v3: train_aux_keep_mse=0.00918 train_policy_ce=0.93837 policy_validation_ce=0.94722 policy_validation_top1=0.69630 policy_validation_states=9437.00000 aux_keep_validation_mse=0.15000
  summary epoch=6/10 time=26.3s train_mse=0.004238 train_mae=0.047540 valid_mse=0.007790 valid_mae=0.062668 baseline_mse=0.039065 teacher_mse=0.006851 value_loss=0.004658 aux_won_bce=0.010099 aux_hp_mse=0.019930 lr_end=1.73e-04
  validation by encounter             rows       mse  baseline   teacher
  elite/gremlin_nob                   7824   0.00938   0.03936   0.00784
  elite/lagavulin                    10794   0.00778   0.03560   0.00768
  elite/three_sentries               19909   0.00717   0.04074   0.00601
  saved /home/sborowsk/project/sts_combat_rl/runs/schema=value_net_v1/date=2026-09-27/id=elite-v3-t1/out/value_checkpoint.pt (epoch 6)
  epoch   7/10  [#.......................]    33/662   loss=0.060483
  epoch   7/10  [##......................]    66/662   loss=0.048567
  epoch   7/10  [####....................]    99/662   loss=0.053430
  epoch   7/10  [#####...................]   132/662   loss=0.055946
  epoch   7/10  [######..................]   165/662   loss=0.057851
  epoch   7/10  [#######.................]   198/662   loss=0.053229
  epoch   7/10  [########................]   231/662   loss=0.053630
  epoch   7/10  [##########..............]   264/662   loss=0.055025
  epoch   7/10  [###########.............]   297/662   loss=0.050878
  epoch   7/10  [############............]   330/662   loss=0.055060
  epoch   7/10  [#############...........]   363/662   loss=0.049744
  epoch   7/10  [##############..........]   396/662   loss=0.050316
  epoch   7/10  [################........]   429/662   loss=0.045628
  epoch   7/10  [#################.......]   462/662   loss=0.052241
  epoch   7/10  [##################......]   495/662   loss=0.053662
  epoch   7/10  [###################.....]   528/662   loss=0.047985
  epoch   7/10  [####################....]   561/662   loss=0.051001
  epoch   7/10  [######################..]   594/662   loss=0.058637
  epoch   7/10  [#######################.]   627/662   loss=0.057525
  epoch   7/10  [########################]   660/662   loss=0.058575
  epoch   7/10  [########################]   662/662   loss=0.048232
  v3: train_aux_keep_mse=0.00592 train_policy_ce=0.93356 policy_validation_ce=0.94452 policy_validation_top1=0.70234 policy_validation_states=9437.00000 aux_keep_validation_mse=0.14714
  summary epoch=7/10 time=25.6s train_mse=0.004003 train_mae=0.045264 valid_mse=0.007993 valid_mae=0.062658 baseline_mse=0.039065 teacher_mse=0.006851 value_loss=0.004288 aux_won_bce=0.005384 aux_hp_mse=0.018777 lr_end=1.03e-04
  validation by encounter             rows       mse  baseline   teacher
  elite/gremlin_nob                   7824   0.01006   0.03936   0.00784
  elite/lagavulin                    10794   0.00809   0.03560   0.00768
  elite/three_sentries               19909   0.00713   0.04074   0.00601
  not saved: valid_mse 0.007993 >= best 0.007790 (keep = best)
  epoch   8/10  [#.......................]    33/662   loss=0.050819
  epoch   8/10  [##......................]    66/662   loss=0.049385
  epoch   8/10  [####....................]    99/662   loss=0.055582
  epoch   8/10  [#####...................]   132/662   loss=0.053060
  epoch   8/10  [######..................]   165/662   loss=0.051356
  epoch   8/10  [#######.................]   198/662   loss=0.053851
  epoch   8/10  [########................]   231/662   loss=0.056075
  epoch   8/10  [##########..............]   264/662   loss=0.055866
  epoch   8/10  [###########.............]   297/662   loss=0.054482
  epoch   8/10  [############............]   330/662   loss=0.061739
  epoch   8/10  [#############...........]   363/662   loss=0.051972
  epoch   8/10  [##############..........]   396/662   loss=0.052979
  epoch   8/10  [################........]   429/662   loss=0.048616
  epoch   8/10  [#################.......]   462/662   loss=0.051960
  epoch   8/10  [##################......]   495/662   loss=0.053699
  epoch   8/10  [###################.....]   528/662   loss=0.051172
  epoch   8/10  [####################....]   561/662   loss=0.056994
  epoch   8/10  [######################..]   594/662   loss=0.054559
  epoch   8/10  [#######################.]   627/662   loss=0.051605
  epoch   8/10  [########################]   660/662   loss=0.051781
  epoch   8/10  [########################]   662/662   loss=0.046304
  v3: train_aux_keep_mse=0.00359 train_policy_ce=0.93003 policy_validation_ce=0.94361 policy_validation_top1=0.70393 policy_validation_states=9437.00000 aux_keep_validation_mse=0.14875
  summary epoch=8/10 time=25.0s train_mse=0.003733 train_mae=0.043388 valid_mse=0.007695 valid_mae=0.061145 baseline_mse=0.039065 teacher_mse=0.006851 value_loss=0.004048 aux_won_bce=0.003494 aux_hp_mse=0.018065 lr_end=4.77e-05
  validation by encounter             rows       mse  baseline   teacher
  elite/gremlin_nob                   7824   0.00963   0.03936   0.00784
  elite/lagavulin                    10794   0.00773   0.03560   0.00768
  elite/three_sentries               19909   0.00692   0.04074   0.00601
  saved /home/sborowsk/project/sts_combat_rl/runs/schema=value_net_v1/date=2026-09-27/id=elite-v3-t1/out/value_checkpoint.pt (epoch 8)
  epoch   9/10  [#.......................]    33/662   loss=0.061177
  epoch   9/10  [##......................]    66/662   loss=0.048983
  epoch   9/10  [####....................]    99/662   loss=0.053822
  epoch   9/10  [#####...................]   132/662   loss=0.050226
  epoch   9/10  [######..................]   165/662   loss=0.050499
  epoch   9/10  [#######.................]   198/662   loss=0.051967
  epoch   9/10  [########................]   231/662   loss=0.056925
  epoch   9/10  [##########..............]   264/662   loss=0.045725
  epoch   9/10  [###########.............]   297/662   loss=0.050737
  epoch   9/10  [############............]   330/662   loss=0.049291
  epoch   9/10  [#############...........]   363/662   loss=0.054514
  epoch   9/10  [##############..........]   396/662   loss=0.053810
  epoch   9/10  [################........]   429/662   loss=0.054966
  epoch   9/10  [#################.......]   462/662   loss=0.053546
  epoch   9/10  [##################......]   495/662   loss=0.057841
  epoch   9/10  [###################.....]   528/662   loss=0.052221
  epoch   9/10  [####################....]   561/662   loss=0.050060
  epoch   9/10  [######################..]   594/662   loss=0.054114
  epoch   9/10  [#######################.]   627/662   loss=0.057079
  epoch   9/10  [########################]   660/662   loss=0.051677
  epoch   9/10  [########################]   662/662   loss=0.049301
  v3: train_aux_keep_mse=0.00262 train_policy_ce=0.92735 policy_validation_ce=0.94347 policy_validation_top1=0.70075 policy_validation_states=9437.00000 aux_keep_validation_mse=0.15226
  summary epoch=9/10 time=25.1s train_mse=0.003563 train_mae=0.042222 valid_mse=0.007582 valid_mae=0.060459 baseline_mse=0.039065 teacher_mse=0.006851 value_loss=0.003909 aux_won_bce=0.002878 aux_hp_mse=0.017570 lr_end=1.22e-05
  validation by encounter             rows       mse  baseline   teacher
  elite/gremlin_nob                   7824   0.00977   0.03936   0.00784
  elite/lagavulin                    10794   0.00750   0.03560   0.00768
  elite/three_sentries               19909   0.00677   0.04074   0.00601
  saved /home/sborowsk/project/sts_combat_rl/runs/schema=value_net_v1/date=2026-09-27/id=elite-v3-t1/out/value_checkpoint.pt (epoch 9)
  epoch  10/10  [#.......................]    33/662   loss=0.052538
  epoch  10/10  [##......................]    66/662   loss=0.050991
  epoch  10/10  [####....................]    99/662   loss=0.056685
  epoch  10/10  [#####...................]   132/662   loss=0.064029
  epoch  10/10  [######..................]   165/662   loss=0.055779
  epoch  10/10  [#######.................]   198/662   loss=0.050917
  epoch  10/10  [########................]   231/662   loss=0.052105
  epoch  10/10  [##########..............]   264/662   loss=0.049653
  epoch  10/10  [###########.............]   297/662   loss=0.052422
  epoch  10/10  [############............]   330/662   loss=0.049718
  epoch  10/10  [#############...........]   363/662   loss=0.053068
  epoch  10/10  [##############..........]   396/662   loss=0.053215
  epoch  10/10  [################........]   429/662   loss=0.055802
  epoch  10/10  [#################.......]   462/662   loss=0.049570
  epoch  10/10  [##################......]   495/662   loss=0.048223
  epoch  10/10  [###################.....]   528/662   loss=0.048143
  epoch  10/10  [####################....]   561/662   loss=0.053250
  epoch  10/10  [######################..]   594/662   loss=0.047276
  epoch  10/10  [#######################.]   627/662   loss=0.055263
  epoch  10/10  [########################]   660/662   loss=0.056601
  epoch  10/10  [########################]   662/662   loss=0.050951
  v3: train_aux_keep_mse=0.00219 train_policy_ce=0.92605 policy_validation_ce=0.94338 policy_validation_top1=0.70139 policy_validation_states=9437.00000 aux_keep_validation_mse=0.15176
  summary epoch=10/10 time=24.4s train_mse=0.003523 train_mae=0.041968 valid_mse=0.007575 valid_mae=0.060441 baseline_mse=0.039065 teacher_mse=0.006851 value_loss=0.003836 aux_won_bce=0.002616 aux_hp_mse=0.017407 lr_end=0.00e+00
  validation by encounter             rows       mse  baseline   teacher
  elite/gremlin_nob                   7824   0.00952   0.03936   0.00784
  elite/lagavulin                    10794   0.00755   0.03560   0.00768
  elite/three_sentries               19909   0.00682   0.04074   0.00601
  saved /home/sborowsk/project/sts_combat_rl/runs/schema=value_net_v1/date=2026-09-27/id=elite-v3-t1/out/value_checkpoint.pt (epoch 10)

Export
------
native weights: /home/sborowsk/project/sts_combat_rl/runs/schema=value_net_v1/date=2026-09-27/id=elite-v3-t1/out/value_weights.bin

Outputs
-------
checkpoint:      /home/sborowsk/project/sts_combat_rl/runs/schema=value_net_v1/date=2026-09-27/id=elite-v3-t1/out/value_checkpoint.pt
checkpoint json: /home/sborowsk/project/sts_combat_rl/runs/schema=value_net_v1/date=2026-09-27/id=elite-v3-t1/out/value_checkpoint.json
native weights:  /home/sborowsk/project/sts_combat_rl/runs/schema=value_net_v1/date=2026-09-27/id=elite-v3-t1/out/value_weights.bin
summary:         /home/sborowsk/project/sts_combat_rl/runs/schema=value_net_v1/date=2026-09-27/id=elite-v3-t1/out/summary.json

Done
validation_mse: 0.007575076539069414
run: done (exit 0) /home/sborowsk/project/sts_combat_rl/runs/schema=value_net_v1/date=2026-09-27/id=elite-v3-t1
T1_EXIT=0
