run: /home/sborowsk/project/sts_combat_rl/runs/schema=combat_v3/date=2026-09-28/id=elite-v3-v-t2-policy
log: /home/sborowsk/project/sts_combat_rl/runs/schema=combat_v3/date=2026-09-28/id=elite-v3-v-t2-policy/logs/stdout.log (stderr: /home/sborowsk/project/sts_combat_rl/runs/schema=combat_v3/date=2026-09-28/id=elite-v3-v-t2-policy/logs/stderr.log)
01:10:05 oracle: off (teacher searches sampled beliefs, fair play)
01:10:05 
01:10:05 Value play
01:10:05 ==========
01:10:05 config:    /home/sborowsk/project/sts_combat_rl/rundecks/elite-v3/configs/rendered/s3-v-t2-policy.toml
01:10:05 output:    /home/sborowsk/project/sts_combat_rl/runs/schema=combat_v3/date=2026-09-28/id=elite-v3-v-t2-policy/out
01:10:05 value run: value_net_v1/2026-09-27/elite-v3-t2
01:10:05 weights:   /home/sborowsk/project/sts_combat_rl/runs/schema=combat_v3/date=2026-09-28/id=elite-v3-v-t2-policy/out/value_weights.bin
01:10:05 data runs: combat_v3/2026-09-26/act1-all-bosses-a20-scaled-search
01:10:05 teacher:   {"leaf": "policy_net", "simulations": 20000, "oracle": false, "random_move": false, "fpu_reduction": 0.05, "prior_floor": 0.03, "c_puct": 1.0, "particles": 8}
01:10:05 fights:    450 from query "select * from combat_v3\nwhere id = 'act1-all-bosses-a20-scaled-search' and source_episode_id is null and category = 'elite' and run_seed % 10 = 5\n  and episode_id in (\n    select source_episode_id from read_csv_auto('experiments/act-1-combat/2026-09-28-elite-specialist/validation_fights.csv'))\n"
01:10:05 workers:   11
01:10:05 worker:    /home/sborowsk/project/sts_combat_rl/runs/schema=combat_v3/date=2026-09-28/id=elite-v3-v-t2-policy/out/value_play_worker (sha256 a47da578daa80c5a4986fb7b2698a5e9f069df62e648c7e701cb3708fbde0952)
01:10:05 
01:10:05 Each line: the policy_net teacher's replay | the stored teacher's result for the same fight
01:10:05 
01:10:05 episode 47504780839504 skipped: replay diverged from the stored fight: : [[0, 0, 0, 1, 1, 1, 0, 1], [0, 0, 0, 1, 0], [5, 5, 1, 0, 0, 1, 0, 0, 0, 0, 0, 0, 1], [6, 2, 1, 0, 1]], "teacher": {"leaf": "policy_net", "simulations": 20000, "oracle": false, "random_move": false, "fpu_reduction": 0.05, "prior: value_play_worker: replayed fight didn't end after its stored actions
01:10:05 episode 47504780851503 skipped: replay diverged from the stored fight: : [[4, 4, 0, 0, 1, 1, 0, 0, 1, 0, 0, 0, 0, 0], [5], [0, 0, 0, 0, 1]], "teacher": {"leaf": "policy_net", "simulations": 20000, "oracle": false, "random_move": false, "fpu_reduction": 0.05, "prior_floor": 0.03, "c_puct": 1.0, "part: value_play_worker: replayed fight didn't end after its stored actions
01:10:05 episode 47504780855505 skipped: replay diverged from the stored fight: : [[2, 2, 0, 0, 3, 1, 1, 0, 0, 1, 2, 0, 0, 0, 0], [1, 0, 0, 1, 0, 0, 0, 0, 0, 0, 1], [1, 1, 0, 0, 1, 0, 0, 0, 0, 3, 2, 0], [4, 1, 1, 0, 0, 7, 6, 1, 0, 1, 2, 2, 0, 1, 0, 0, 0, 0, 0, 0, 1, 0, 0, 5, 3, 0, 0, 2, 1, 0, 0, 0], [13]], ": value_play_worker: replayed fight didn't end after its stored actions
01:10:20 [10/450] wins 8 vs teacher 8; mean terminal value 0.448 vs 0.402
01:10:23 episode 47504780905503 skipped: replay diverged from the stored fight: episode 47504780905503: replayed start differs from the stored fight on ['starting_hp', 'global_numeric', 'cards']
01:10:24 episode 47504780905502 skipped: replay diverged from the stored fight: episode 47504780905502: replayed start differs from the stored fight on ['starting_hp', 'global_numeric']
01:10:34 [20/450] wins 18 vs teacher 17; mean terminal value 0.440 vs 0.405
01:10:39 episode 47504780930503 skipped: replay diverged from the stored fight: : [[6, 3, 0, 0, 1, 0, 0, 0, 2, 2, 1], [1, 1, 1, 0, 0, 1, 0, 0, 1, 2, 1], [4]], "teacher": {"leaf": "policy_net", "simulations": 20000, "oracle": false, "random_move": false, "fpu_reduction": 0.05, "prior_floor": 0.03, "c_puct": 1: value_play_worker: replayed fight didn't end after its stored actions
01:10:39 episode 47504780930504 skipped: replay diverged from the stored fight: : [[6, 3, 0, 0, 1, 0, 0, 0, 2, 2, 1], [1, 1, 1, 0, 0, 1, 0, 0, 1, 2, 1], [4], [8, 5, 2, 0, 6, 6, 6, 2, 0, 2, 1, 0, 3, 3, 1, 1, 0, 1, 1, 0, 0, 1, 0, 0, 0, 1, 0]], "teacher": {"leaf": "policy_net", "simulations": 20000, "oracle": f: value_play_worker: replayed fight didn't end after its stored actions
01:10:46 [30/450] wins 27 vs teacher 26; mean terminal value 0.447 vs 0.421
01:10:54 [40/450] wins 37 vs teacher 35; mean terminal value 0.455 vs 0.426
01:10:58 episode 47504780982503 skipped: replay diverged from the stored fight: : [[0, 0, 0, 0, 0, 0, 0, 0, 1, 1, 0, 0, 1, 0], [5, 6, 0, 0, 0, 0], [0, 0, 0]], "teacher": {"leaf": "policy_net", "simulations": 20000, "oracle": false, "random_move": false, "fpu_reduction": 0.05, "prior_floor": 0.03, "c_puct": 1: value_play_worker: replayed fight didn't end after its stored actions
01:11:05 [50/450] wins 46 vs teacher 45; mean terminal value 0.461 vs 0.439
01:11:18 [60/450] wins 56 vs teacher 54; mean terminal value 0.460 vs 0.440
01:11:28 [70/450] wins 65 vs teacher 62; mean terminal value 0.456 vs 0.438
01:11:35 episode 47504781077504 skipped: replay diverged from the stored fight: ctions": [[1, 2, 1, 1, 0, 0, 0, 0, 0], [0, 0, 0, 0, 0, 0, 1, 2, 0, 0, 0, 1, 2], [1, 3, 2, 0, 4, 1], [0, 1, 5, 0, 0, 1, 0, 0, 1, 2, 1, 0, 0, 1, 1, 1, 0, 0, 0, 0, 0, 1, 1, 0]], "teacher": {"leaf": "policy_net", "simulations": 20000, "orac: value_play_worker: stored actions don't fit the replayed fight
01:11:38 [80/450] wins 75 vs teacher 70; mean terminal value 0.465 vs 0.439
01:11:47 [90/450] wins 84 vs teacher 78; mean terminal value 0.458 vs 0.429
01:11:54 [100/450] wins 93 vs teacher 87; mean terminal value 0.451 vs 0.423
01:12:05 [110/450] wins 101 vs teacher 95; mean terminal value 0.444 vs 0.414
01:12:09 episode 47504781155505 skipped: replay diverged from the stored fight: episode 47504781155505: replayed start differs from the stored fight on ['starting_hp', 'global_numeric', 'cards']
01:12:13 [120/450] wins 110 vs teacher 103; mean terminal value 0.448 vs 0.414
01:12:14 episode 47504781145504 skipped: replay diverged from the stored fight: episode 47504781145504: replayed start differs from the stored fight on ['starting_hp', 'global_numeric']
01:12:22 [130/450] wins 119 vs teacher 112; mean terminal value 0.445 vs 0.414
01:12:30 [140/450] wins 128 vs teacher 122; mean terminal value 0.450 vs 0.418
01:12:39 episode 47504781230503 skipped: replay diverged from the stored fight: episode 47504781230503: replayed start differs from the stored fight on ['starting_hp', 'global_numeric']
01:12:40 [150/450] wins 137 vs teacher 131; mean terminal value 0.453 vs 0.422
01:12:49 [160/450] wins 146 vs teacher 140; mean terminal value 0.456 vs 0.427
01:12:57 [170/450] wins 156 vs teacher 147; mean terminal value 0.455 vs 0.421
01:13:05 [180/450] wins 166 vs teacher 156; mean terminal value 0.462 vs 0.426
01:13:06 episode 47504781283505 skipped: replay diverged from the stored fight: episode 47504781283505: replayed start differs from the stored fight on ['starting_hp', 'global_numeric']
01:13:13 [190/450] wins 175 vs teacher 165; mean terminal value 0.462 vs 0.429
01:13:20 episode 47504781416503 skipped: replay diverged from the stored fight: ctions": [[2, 1, 0, 0, 5, 1], [0, 0, 1, 0, 0, 1, 0, 2, 0, 0], [3, 2, 1, 0, 2, 2, 1, 0, 0, 0, 1]], "teacher": {"leaf": "policy_net", "simulations": 20000, "oracle": false, "random_move": false, "fpu_reduction": 0.05, "prior_floor": 0.03,: value_play_worker: stored actions don't fit the replayed fight
01:13:26 [200/450] wins 184 vs teacher 172; mean terminal value 0.460 vs 0.424
01:13:35 [210/450] wins 193 vs teacher 181; mean terminal value 0.458 vs 0.422
01:13:35 episode 47504781473502 skipped: replay diverged from the stored fight: ctions": [[1, 0, 0, 0, 0, 1, 0, 0, 0], [1, 2, 0, 2, 0, 0, 2, 0, 0]], "teacher": {"leaf": "policy_net", "simulations": 20000, "oracle": false, "random_move": false, "fpu_reduction": 0.05, "prior_floor": 0.03, "c_puct": 1.0, "particles": : value_play_worker: stored actions don't fit the replayed fight
01:13:50 [220/450] wins 203 vs teacher 191; mean terminal value 0.460 vs 0.426
01:13:53 episode 47504781501504 skipped: replay diverged from the stored fight: : [[0, 0, 0, 0, 0, 1, 1, 0, 0, 0, 0, 0, 1], [3], [3, 4, 0, 2, 0, 2, 3, 1, 0, 1, 0, 0, 0, 1, 0, 0], [3, 3, 1, 7, 1, 3, 1, 1, 0, 0, 0, 0, 3, 0, 1, 5, 0, 0, 3, 0, 0, 4, 0, 0, 5, 5, 1, 0, 1, 3, 3, 0, 1, 0, 0, 0, 1, 0, 3, 0, 0, 1, 0, : value_play_worker: replayed fight didn't end after its stored actions
01:14:03 [230/450] wins 212 vs teacher 200; mean terminal value 0.460 vs 0.427
01:14:13 [240/450] wins 220 vs teacher 208; mean terminal value 0.460 vs 0.430
01:14:21 [250/450] wins 230 vs teacher 218; mean terminal value 0.462 vs 0.433
01:14:30 [260/450] wins 239 vs teacher 226; mean terminal value 0.461 vs 0.432
01:14:39 episode 47504781612503 skipped: replay diverged from the stored fight: : [[2, 0, 0, 0, 1, 1, 0, 0, 0], [3], [2, 1, 0, 0, 0, 3, 1, 0, 2, 2, 0, 0, 0, 0, 0]], "teacher": {"leaf": "policy_net", "simulations": 20000, "oracle": false, "random_move": false, "fpu_reduction": 0.05, "prior_floor": 0.03, "c_pu: value_play_worker: replayed fight didn't end after its stored actions
01:14:40 episode 47504781621504 skipped: replay diverged from the stored fight: ctions": [[1, 1, 1, 0, 1, 3, 1, 2, 0, 0, 3, 1, 0, 0], [4, 4, 1, 0, 0, 0, 0, 0, 2, 0], [2, 1, 0, 1, 0, 0, 0, 0, 2, 0], [0, 5, 1, 1, 1, 2, 0, 1, 1, 1, 3, 2, 1, 0, 0, 0]], "teacher": {"leaf": "policy_net", "simulations": 20000, "oracle": f: value_play_worker: stored actions don't fit the replayed fight
01:14:40 [270/450] wins 249 vs teacher 236; mean terminal value 0.464 vs 0.435
01:14:52 [280/450] wins 257 vs teacher 244; mean terminal value 0.463 vs 0.434
01:15:00 [290/450] wins 266 vs teacher 254; mean terminal value 0.463 vs 0.436
01:15:13 [300/450] wins 273 vs teacher 261; mean terminal value 0.460 vs 0.433
01:15:19 episode 47504781750506 skipped: replay diverged from the stored fight: ctions": [[1, 0, 2, 0, 0, 0, 0, 3, 0, 0, 1], [0, 0, 2, 0, 0, 0, 1, 1, 1, 1, 0, 1, 0, 1, 0, 1, 1, 0, 0, 0, 2], [2, 2, 1, 0, 4, 0], [8, 1, 0, 2, 3, 1, 0, 2, 1, 3, 0, 3, 0, 1, 3, 3], [12, 12, 5, 4, 0, 0, 0, 1, 0, 7], [1, 0, 0, 0, 4, 4, 0, : value_play_worker: stored actions don't fit the replayed fight
01:15:20 [310/450] wins 281 vs teacher 270; mean terminal value 0.457 vs 0.432
01:15:35 [320/450] wins 290 vs teacher 279; mean terminal value 0.456 vs 0.431
01:15:49 [330/450] wins 298 vs teacher 286; mean terminal value 0.454 vs 0.428
01:15:52 episode 47504781829504 skipped: replay diverged from the stored fight: ctions": [[0, 2, 1, 0, 0, 3, 0, 0, 1], [1, 1, 2, 2, 0, 1, 1, 3, 1, 0], [2, 0, 1, 1, 2, 2, 3, 1, 2, 0], [5, 5, 0, 1, 2, 1, 0, 0, 1, 1, 1, 2, 1, 0]], "teacher": {"leaf": "policy_net", "simulations": 20000, "oracle": false, "random_move": : value_play_worker: stored actions don't fit the replayed fight
01:15:54 episode 47504781836504 skipped: replay diverged from the stored fight: ctions": [[1, 0, 0, 2, 1, 0, 0, 1], [3, 0, 0, 1, 0, 0, 0, 1, 0, 0, 0, 0, 0, 0, 0, 0, 0, 1], [1, 1, 1, 0, 1, 0, 1, 1, 3, 2, 1, 1, 1, 1], [3, 3, 1, 1, 2, 4, 0, 1, 0, 0, 0, 0, 0]], "teacher": {"leaf": "policy_net", "simulations": 20000, "o: value_play_worker: stored actions don't fit the replayed fight
01:15:54 [340/450] wins 308 vs teacher 296; mean terminal value 0.456 vs 0.431
01:16:01 [350/450] wins 317 vs teacher 305; mean terminal value 0.458 vs 0.434
01:16:06 episode 47504781845507 skipped: replay diverged from the stored fight: episode 47504781845507: replayed start differs from the stored fight on ['starting_hp', 'global_numeric']
01:16:08 episode 47504781901507 skipped: replay diverged from the stored fight: : [[1, 0, 0, 0, 1, 0, 0, 0, 2, 3, 1, 0, 0, 2, 0], [1, 1, 3, 0, 1, 0, 0, 0, 0, 0, 1], [5], [0, 0, 0, 0, 1, 1, 1, 0, 1, 0, 0, 0, 2, 0, 0, 1], [2, 0, 0, 1, 1, 0, 0, 1, 0, 0, 0], [4, 5, 2, 0, 2, 0, 2, 1, 0, 1, 1, 2, 0, 1, 1, 0, 1, 2,: value_play_worker: replayed fight didn't end after its stored actions
01:16:08 [360/450] wins 326 vs teacher 314; mean terminal value 0.459 vs 0.434
01:16:15 episode 47504781927504 skipped: replay diverged from the stored fight: : [[1, 3, 0, 0, 1, 1, 1, 0], [1, 1, 0, 0, 0, 0, 1, 0, 0, 2, 2, 3, 0], [1, 2, 2, 0, 1, 2, 3, 0, 0, 0, 0, 1], [7]], "teacher": {"leaf": "policy_net", "simulations": 20000, "oracle": false, "random_move": false, "fpu_reduction": 0.0: value_play_worker: replayed fight didn't end after its stored actions
01:16:19 [370/450] wins 335 vs teacher 323; mean terminal value 0.459 vs 0.434
01:16:25 [380/450] wins 344 vs teacher 332; mean terminal value 0.460 vs 0.436
01:16:29 episode 47504781948507 skipped: replay diverged from the stored fight: episode 47504781948507: replayed start differs from the stored fight on ['starting_hp', 'global_numeric']
01:16:39 [390/450] wins 352 vs teacher 341; mean terminal value 0.459 vs 0.437
01:16:45 episode 47504781976503 skipped: replay diverged from the stored fight: episode 47504781976503: replayed start differs from the stored fight on ['starting_hp', 'global_numeric']
01:16:50 episode 47504782012505 skipped: replay diverged from the stored fight: ctions": [[1, 0, 0, 4, 0, 0], [6, 4, 0, 1, 2, 0, 0, 1, 1, 1, 0, 0, 1], [1, 0, 0, 0, 0, 3, 1, 3, 1, 1, 0, 4, 0, 1, 0, 0, 3, 1], [5, 0, 2, 0, 0, 2, 2, 0, 2], [8, 6, 4, 0, 0, 6, 3, 0, 2, 2, 1, 0, 1]], "teacher": {"leaf": "policy_net", "sim: value_play_worker: stored actions don't fit the replayed fight
01:16:52 [400/450] wins 360 vs teacher 349; mean terminal value 0.460 vs 0.437
01:16:54 episode 47504782027504 skipped: replay diverged from the stored fight: ctions": [[1, 0, 0, 0, 3, 2, 0, 0, 1, 0, 0], [2, 1, 1, 0, 0, 0, 0, 0, 3, 1, 1, 0, 0, 2, 0], [1, 0, 2, 1, 0, 0, 1, 1, 0, 1], [3, 1, 2, 0, 1, 0, 1, 1, 0, 0, 0, 0, 1, 1, 0, 0, 0, 4, 1, 1]], "teacher": {"leaf": "policy_net", "simulations": : value_play_worker: stored actions don't fit the replayed fight
01:16:54 episode 47504782027505 skipped: replay diverged from the stored fight: ctions": [[1, 0, 0, 0, 3, 2, 0, 0, 1, 0, 0], [2, 1, 1, 0, 0, 0, 0, 0, 3, 1, 1, 0, 0, 2, 0], [1, 0, 2, 1, 0, 0, 1, 1, 0, 1], [3, 1, 2, 0, 1, 0, 1, 1, 0, 0, 0, 0, 1, 1, 0, 0, 0, 4, 1, 1], [3, 0, 2, 1, 1, 2, 2, 0, 0, 0, 0, 0, 0, 0, 2, 0]],: value_play_worker: stored actions don't fit the replayed fight
01:16:56 [410/450] wins 370 vs teacher 359; mean terminal value 0.461 vs 0.439
01:17:10 [420/450] wins 377 vs teacher 366; mean terminal value 0.458 vs 0.436
01:17:17 
01:17:17 Summary
01:17:17 -------
01:17:17 teacher:        {"batch": 64, "c_puct": 1.0, "child_min_visits": 50, "early_stop": true, "forced_simulations": 500, "fpu_reduction": 0.05, "leaf": "policy_net", "max_actions": 512, "objective": "won * (35 + hp + 4 * potions) / (56 + root max hp)", "oracle": false, "particles": 8, "prior_floor": 0.03, "random_move": false, "random_window": 24, "simulations": 20000}
01:17:17                             policy_net   teacher
01:17:17 won                                378       367   of 421
01:17:17 terminal value                   0.458     0.436   mean
01:17:17 rows:           29,644
01:17:17 seconds/fight:  10.3
01:17:17 skipped:        29 fights whose replay diverged from the stored fight
01:17:17 wall time:      6.9 min
01:17:17 summary:        /home/sborowsk/project/sts_combat_rl/runs/schema=combat_v3/date=2026-09-28/id=elite-v3-v-t2-policy/out/summary.json
run: done (exit 0) /home/sborowsk/project/sts_combat_rl/runs/schema=combat_v3/date=2026-09-28/id=elite-v3-v-t2-policy
