run: /home/sborowsk/project/sts_combat_rl/runs/schema=combat_v3/date=2026-09-27/id=elite-v3-v-t1-value
log: /home/sborowsk/project/sts_combat_rl/runs/schema=combat_v3/date=2026-09-27/id=elite-v3-v-t1-value/logs/stdout.log (stderr: /home/sborowsk/project/sts_combat_rl/runs/schema=combat_v3/date=2026-09-27/id=elite-v3-v-t1-value/logs/stderr.log)
00:49:47 oracle: off (teacher searches sampled beliefs, fair play)
00:49:47 
00:49:47 Value play
00:49:47 ==========
00:49:47 config:    /home/sborowsk/project/sts_combat_rl/rundecks/elite-v3/configs/rendered/s3-v-t1-value.toml
00:49:47 output:    /home/sborowsk/project/sts_combat_rl/runs/schema=combat_v3/date=2026-09-27/id=elite-v3-v-t1-value/out
00:49:47 value run: value_net_v1/2026-09-27/elite-v3-t1
00:49:47 weights:   /home/sborowsk/project/sts_combat_rl/runs/schema=combat_v3/date=2026-09-27/id=elite-v3-v-t1-value/out/value_weights.bin
00:49:47 data runs: combat_v3/2026-09-26/act1-all-bosses-a20-scaled-search
00:49:47 teacher:   {"leaf": "value_net", "simulations": 20000, "oracle": false, "random_move": false, "particles": 8}
00:49:47 fights:    450 from query "select * from combat_v3\nwhere id = 'act1-all-bosses-a20-scaled-search' and source_episode_id is null and category = 'elite' and run_seed % 10 = 5\n  and episode_id in (\n    select source_episode_id from read_csv_auto('experiments/act-1-combat/2026-09-28-elite-specialist/validation_fights.csv'))\n"
00:49:47 workers:   11
00:49:47 worker:    /home/sborowsk/project/sts_combat_rl/runs/schema=combat_v3/date=2026-09-27/id=elite-v3-v-t1-value/out/value_play_worker (sha256 a47da578daa80c5a4986fb7b2698a5e9f069df62e648c7e701cb3708fbde0952)
00:49:47 
00:49:47 Each line: the value_net teacher's replay | the stored teacher's result for the same fight
00:49:47 
00:49:47 episode 47504780839504 skipped: replay diverged from the stored fight: : 4, "actions": [[0, 0, 0, 1, 1, 1, 0, 1], [0, 0, 0, 1, 0], [5, 5, 1, 0, 0, 1, 0, 0, 0, 0, 0, 0, 1], [6, 2, 1, 0, 1]], "teacher": {"leaf": "value_net", "simulations": 20000, "oracle": false, "random_move": false, "particles": 8}}: value_play_worker: replayed fight didn't end after its stored actions
00:49:47 episode 47504780851503 skipped: replay diverged from the stored fight: 515, "ascension": 20, "fight_index": 3, "actions": [[4, 4, 0, 0, 1, 1, 0, 0, 1, 0, 0, 0, 0, 0], [5], [0, 0, 0, 0, 1]], "teacher": {"leaf": "value_net", "simulations": 20000, "oracle": false, "random_move": false, "particles": 8}}: value_play_worker: replayed fight didn't end after its stored actions
00:49:47 episode 47504780855505 skipped: replay diverged from the stored fight: : [[2, 2, 0, 0, 3, 1, 1, 0, 0, 1, 2, 0, 0, 0, 0], [1, 0, 0, 1, 0, 0, 0, 0, 0, 0, 1], [1, 1, 0, 0, 1, 0, 0, 0, 0, 3, 2, 0], [4, 1, 1, 0, 0, 7, 6, 1, 0, 1, 2, 2, 0, 1, 0, 0, 0, 0, 0, 0, 1, 0, 0, 5, 3, 0, 0, 2, 1, 0, 0, 0], [13]], ": value_play_worker: replayed fight didn't end after its stored actions
00:50:06 [10/450] wins 8 vs teacher 8; mean terminal value 0.422 vs 0.400
00:50:11 episode 47504780905503 skipped: replay diverged from the stored fight: episode 47504780905503: replayed start differs from the stored fight on ['starting_hp', 'global_numeric', 'cards']
00:50:11 episode 47504780905502 skipped: replay diverged from the stored fight: episode 47504780905502: replayed start differs from the stored fight on ['starting_hp', 'global_numeric']
00:50:23 [20/450] wins 17 vs teacher 17; mean terminal value 0.422 vs 0.409
00:50:29 episode 47504780930503 skipped: replay diverged from the stored fight: ension": 20, "fight_index": 3, "actions": [[6, 3, 0, 0, 1, 0, 0, 0, 2, 2, 1], [1, 1, 1, 0, 0, 1, 0, 0, 1, 2, 1], [4]], "teacher": {"leaf": "value_net", "simulations": 20000, "oracle": false, "random_move": false, "particles": 8}}: value_play_worker: replayed fight didn't end after its stored actions
00:50:29 episode 47504780930504 skipped: replay diverged from the stored fight: : [[6, 3, 0, 0, 1, 0, 0, 0, 2, 2, 1], [1, 1, 1, 0, 0, 1, 0, 0, 1, 2, 1], [4], [8, 5, 2, 0, 6, 6, 6, 2, 0, 2, 1, 0, 3, 3, 1, 1, 0, 1, 1, 0, 0, 1, 0, 0, 0, 1, 0]], "teacher": {"leaf": "value_net", "simulations": 20000, "oracle": fa: value_play_worker: replayed fight didn't end after its stored actions
00:50:35 [30/450] wins 26 vs teacher 25; mean terminal value 0.439 vs 0.412
00:50:48 [40/450] wins 34 vs teacher 35; mean terminal value 0.432 vs 0.426
00:50:50 episode 47504780982503 skipped: replay diverged from the stored fight: ension": 20, "fight_index": 3, "actions": [[0, 0, 0, 0, 0, 0, 0, 0, 1, 1, 0, 0, 1, 0], [5, 6, 0, 0, 0, 0], [0, 0, 0]], "teacher": {"leaf": "value_net", "simulations": 20000, "oracle": false, "random_move": false, "particles": 8}}: value_play_worker: replayed fight didn't end after its stored actions
00:51:00 [50/450] wins 43 vs teacher 45; mean terminal value 0.449 vs 0.449
00:51:13 [60/450] wins 51 vs teacher 53; mean terminal value 0.436 vs 0.433
00:51:26 [70/450] wins 59 vs teacher 60; mean terminal value 0.432 vs 0.425
00:51:36 episode 47504781077504 skipped: replay diverged from the stored fight: ctions": [[1, 2, 1, 1, 0, 0, 0, 0, 0], [0, 0, 0, 0, 0, 0, 1, 2, 0, 0, 0, 1, 2], [1, 3, 2, 0, 4, 1], [0, 1, 5, 0, 0, 1, 0, 0, 1, 2, 1, 0, 0, 1, 1, 1, 0, 0, 0, 0, 0, 1, 1, 0]], "teacher": {"leaf": "value_net", "simulations": 20000, "oracl: value_play_worker: stored actions don't fit the replayed fight
00:51:39 [80/450] wins 69 vs teacher 70; mean terminal value 0.445 vs 0.439
00:51:51 [90/450] wins 77 vs teacher 78; mean terminal value 0.436 vs 0.429
00:51:58 [100/450] wins 86 vs teacher 88; mean terminal value 0.432 vs 0.428
00:52:10 [110/450] wins 95 vs teacher 96; mean terminal value 0.429 vs 0.419
00:52:17 episode 47504781145504 skipped: replay diverged from the stored fight: episode 47504781145504: replayed start differs from the stored fight on ['starting_hp', 'global_numeric']
00:52:22 [120/450] wins 105 vs teacher 103; mean terminal value 0.434 vs 0.414
00:52:27 episode 47504781155505 skipped: replay diverged from the stored fight: episode 47504781155505: replayed start differs from the stored fight on ['starting_hp', 'global_numeric', 'cards']
00:52:33 [130/450] wins 114 vs teacher 112; mean terminal value 0.434 vs 0.416
00:52:45 [140/450] wins 122 vs teacher 121; mean terminal value 0.433 vs 0.415
00:52:57 [150/450] wins 131 vs teacher 130; mean terminal value 0.438 vs 0.420
00:53:00 episode 47504781230503 skipped: replay diverged from the stored fight: episode 47504781230503: replayed start differs from the stored fight on ['starting_hp', 'global_numeric']
00:53:09 [160/450] wins 141 vs teacher 140; mean terminal value 0.445 vs 0.427
00:53:20 [170/450] wins 150 vs teacher 148; mean terminal value 0.446 vs 0.428
00:53:29 episode 47504781283505 skipped: replay diverged from the stored fight: episode 47504781283505: replayed start differs from the stored fight on ['starting_hp', 'global_numeric']
00:53:30 [180/450] wins 159 vs teacher 156; mean terminal value 0.445 vs 0.426
00:53:44 [190/450] wins 168 vs teacher 165; mean terminal value 0.447 vs 0.429
00:53:51 episode 47504781416503 skipped: replay diverged from the stored fight: n": 20, "fight_index": 3, "actions": [[2, 1, 0, 0, 5, 1], [0, 0, 1, 0, 0, 1, 0, 2, 0, 0], [3, 2, 1, 0, 2, 2, 1, 0, 0, 0, 1]], "teacher": {"leaf": "value_net", "simulations": 20000, "oracle": false, "random_move": false, "particles": 8}}: value_play_worker: stored actions don't fit the replayed fight
00:53:57 [200/450] wins 177 vs teacher 173; mean terminal value 0.446 vs 0.424
00:54:12 [210/450] wins 185 vs teacher 181; mean terminal value 0.443 vs 0.422
00:54:12 episode 47504781473502 skipped: replay diverged from the stored fight: eed": 475047814735, "ascension": 20, "fight_index": 2, "actions": [[1, 0, 0, 0, 0, 1, 0, 0, 0], [1, 2, 0, 2, 0, 0, 2, 0, 0]], "teacher": {"leaf": "value_net", "simulations": 20000, "oracle": false, "random_move": false, "particles": 8}}: value_play_worker: stored actions don't fit the replayed fight
00:54:23 [220/450] wins 193 vs teacher 191; mean terminal value 0.441 vs 0.426
00:54:27 episode 47504781501504 skipped: replay diverged from the stored fight: : [[0, 0, 0, 0, 0, 1, 1, 0, 0, 0, 0, 0, 1], [3], [3, 4, 0, 2, 0, 2, 3, 1, 0, 1, 0, 0, 0, 1, 0, 0], [3, 3, 1, 7, 1, 3, 1, 1, 0, 0, 0, 0, 3, 0, 1, 5, 0, 0, 3, 0, 0, 4, 0, 0, 5, 5, 1, 0, 1, 3, 3, 0, 1, 0, 0, 0, 1, 0, 3, 0, 0, 1, 0, : value_play_worker: replayed fight didn't end after its stored actions
00:54:45 [230/450] wins 201 vs teacher 199; mean terminal value 0.440 vs 0.425
00:54:55 [240/450] wins 210 vs teacher 208; mean terminal value 0.441 vs 0.428
00:55:04 [250/450] wins 220 vs teacher 218; mean terminal value 0.443 vs 0.432
00:55:17 [260/450] wins 228 vs teacher 226; mean terminal value 0.442 vs 0.432
00:55:27 episode 47504781612503 skipped: replay diverged from the stored fight: ": 20, "fight_index": 3, "actions": [[2, 0, 0, 0, 1, 1, 0, 0, 0], [3], [2, 1, 0, 0, 0, 3, 1, 0, 2, 2, 0, 0, 0, 0, 0]], "teacher": {"leaf": "value_net", "simulations": 20000, "oracle": false, "random_move": false, "particles": 8}}: value_play_worker: replayed fight didn't end after its stored actions
00:55:29 episode 47504781621504 skipped: replay diverged from the stored fight: ctions": [[1, 1, 1, 0, 1, 3, 1, 2, 0, 0, 3, 1, 0, 0], [4, 4, 1, 0, 0, 0, 0, 0, 2, 0], [2, 1, 0, 1, 0, 0, 0, 0, 2, 0], [0, 5, 1, 1, 1, 2, 0, 1, 1, 1, 3, 2, 1, 0, 0, 0]], "teacher": {"leaf": "value_net", "simulations": 20000, "oracle": fa: value_play_worker: stored actions don't fit the replayed fight
00:55:31 [270/450] wins 237 vs teacher 235; mean terminal value 0.443 vs 0.434
00:55:44 [280/450] wins 245 vs teacher 244; mean terminal value 0.442 vs 0.434
00:55:56 [290/450] wins 254 vs teacher 254; mean terminal value 0.443 vs 0.436
00:56:08 [300/450] wins 261 vs teacher 261; mean terminal value 0.439 vs 0.432
00:56:19 episode 47504781750506 skipped: replay diverged from the stored fight: ctions": [[1, 0, 2, 0, 0, 0, 0, 3, 0, 0, 1], [0, 0, 2, 0, 0, 0, 1, 1, 1, 1, 0, 1, 0, 1, 0, 1, 1, 0, 0, 0, 2], [2, 2, 1, 0, 4, 0], [8, 1, 0, 2, 3, 1, 0, 2, 1, 3, 0, 3, 0, 1, 3, 3], [12, 12, 5, 4, 0, 0, 0, 1, 0, 7], [1, 0, 0, 0, 4, 4, 0, : value_play_worker: stored actions don't fit the replayed fight
00:56:19 [310/450] wins 269 vs teacher 270; mean terminal value 0.439 vs 0.432
00:56:34 [320/450] wins 278 vs teacher 279; mean terminal value 0.437 vs 0.431
00:56:47 [330/450] wins 286 vs teacher 286; mean terminal value 0.434 vs 0.427
00:56:57 episode 47504781829504 skipped: replay diverged from the stored fight: ctions": [[0, 2, 1, 0, 0, 3, 0, 0, 1], [1, 1, 2, 2, 0, 1, 1, 3, 1, 0], [2, 0, 1, 1, 2, 2, 3, 1, 2, 0], [5, 5, 0, 1, 2, 1, 0, 0, 1, 1, 1, 2, 1, 0]], "teacher": {"leaf": "value_net", "simulations": 20000, "oracle": false, "random_move": f: value_play_worker: stored actions don't fit the replayed fight
00:56:58 episode 47504781836504 skipped: replay diverged from the stored fight: ctions": [[1, 0, 0, 2, 1, 0, 0, 1], [3, 0, 0, 1, 0, 0, 0, 1, 0, 0, 0, 0, 0, 0, 0, 0, 0, 1], [1, 1, 1, 0, 1, 0, 1, 1, 3, 2, 1, 1, 1, 1], [3, 3, 1, 1, 2, 4, 0, 1, 0, 0, 0, 0, 0]], "teacher": {"leaf": "value_net", "simulations": 20000, "or: value_play_worker: stored actions don't fit the replayed fight
00:56:59 [340/450] wins 295 vs teacher 295; mean terminal value 0.436 vs 0.429
00:57:07 episode 47504781845507 skipped: replay diverged from the stored fight: episode 47504781845507: replayed start differs from the stored fight on ['starting_hp', 'global_numeric']
00:57:08 [350/450] wins 305 vs teacher 305; mean terminal value 0.441 vs 0.433
00:57:19 episode 47504781901507 skipped: replay diverged from the stored fight: : [[1, 0, 0, 0, 1, 0, 0, 0, 2, 3, 1, 0, 0, 2, 0], [1, 1, 3, 0, 1, 0, 0, 0, 0, 0, 1], [5], [0, 0, 0, 0, 1, 1, 1, 0, 1, 0, 0, 0, 2, 0, 0, 1], [2, 0, 0, 1, 1, 0, 0, 1, 0, 0, 0], [4, 5, 2, 0, 2, 0, 2, 1, 0, 1, 1, 2, 0, 1, 1, 0, 1, 2,: value_play_worker: replayed fight didn't end after its stored actions
00:57:21 [360/450] wins 314 vs teacher 313; mean terminal value 0.441 vs 0.433
00:57:30 episode 47504781927504 skipped: replay diverged from the stored fight: ions": [[1, 3, 0, 0, 1, 1, 1, 0], [1, 1, 0, 0, 0, 0, 1, 0, 0, 2, 2, 3, 0], [1, 2, 2, 0, 1, 2, 3, 0, 0, 0, 0, 1], [7]], "teacher": {"leaf": "value_net", "simulations": 20000, "oracle": false, "random_move": false, "particles": 8}}: value_play_worker: replayed fight didn't end after its stored actions
00:57:36 [370/450] wins 322 vs teacher 322; mean terminal value 0.440 vs 0.433
00:57:44 [380/450] wins 330 vs teacher 331; mean terminal value 0.440 vs 0.435
00:57:52 episode 47504781948507 skipped: replay diverged from the stored fight: episode 47504781948507: replayed start differs from the stored fight on ['starting_hp', 'global_numeric']
00:58:03 [390/450] wins 340 vs teacher 341; mean terminal value 0.443 vs 0.437
00:58:12 episode 47504782012505 skipped: replay diverged from the stored fight: ctions": [[1, 0, 0, 4, 0, 0], [6, 4, 0, 1, 2, 0, 0, 1, 1, 1, 0, 0, 1], [1, 0, 0, 0, 0, 3, 1, 3, 1, 1, 0, 4, 0, 1, 0, 0, 3, 1], [5, 0, 2, 0, 0, 2, 2, 0, 2], [8, 6, 4, 0, 0, 6, 3, 0, 2, 2, 1, 0, 1]], "teacher": {"leaf": "value_net", "simu: value_play_worker: stored actions don't fit the replayed fight
00:58:14 episode 47504781976503 skipped: replay diverged from the stored fight: episode 47504781976503: replayed start differs from the stored fight on ['starting_hp', 'global_numeric']
00:58:15 [400/450] wins 346 vs teacher 348; mean terminal value 0.440 vs 0.436
00:58:19 episode 47504782027504 skipped: replay diverged from the stored fight: ctions": [[1, 0, 0, 0, 3, 2, 0, 0, 1, 0, 0], [2, 1, 1, 0, 0, 0, 0, 0, 3, 1, 1, 0, 0, 2, 0], [1, 0, 2, 1, 0, 0, 1, 1, 0, 1], [3, 1, 2, 0, 1, 0, 1, 1, 0, 0, 0, 0, 1, 1, 0, 0, 0, 4, 1, 1]], "teacher": {"leaf": "value_net", "simulations": 2: value_play_worker: stored actions don't fit the replayed fight
00:58:19 episode 47504782027505 skipped: replay diverged from the stored fight: ctions": [[1, 0, 0, 0, 3, 2, 0, 0, 1, 0, 0], [2, 1, 1, 0, 0, 0, 0, 0, 3, 1, 1, 0, 0, 2, 0], [1, 0, 2, 1, 0, 0, 1, 1, 0, 1], [3, 1, 2, 0, 1, 0, 1, 1, 0, 0, 0, 0, 1, 1, 0, 0, 0, 4, 1, 1], [3, 0, 2, 1, 1, 2, 2, 0, 0, 0, 0, 0, 0, 0, 2, 0]],: value_play_worker: stored actions don't fit the replayed fight
00:58:24 [410/450] wins 356 vs teacher 358; mean terminal value 0.442 vs 0.437
00:58:42 [420/450] wins 364 vs teacher 366; mean terminal value 0.440 vs 0.436
00:58:45 
00:58:45 Summary
00:58:45 -------
00:58:45 teacher:        {"batch": 64, "child_min_visits": 50, "early_stop": true, "forced_simulations": 500, "leaf": "value_net", "max_actions": 512, "oracle": false, "particles": 8, "random_move": false, "random_window": 24, "simulations": 20000}
00:58:45                              value_net   teacher
00:58:45 won                                365       367   of 421
00:58:45 terminal value                   0.440     0.436   mean
00:58:45 rows:           35,914
00:58:45 seconds/fight:  12.8
00:58:45 skipped:        29 fights whose replay diverged from the stored fight
00:58:45 wall time:      8.5 min
00:58:45 summary:        /home/sborowsk/project/sts_combat_rl/runs/schema=combat_v3/date=2026-09-27/id=elite-v3-v-t1-value/out/summary.json
run: done (exit 0) /home/sborowsk/project/sts_combat_rl/runs/schema=combat_v3/date=2026-09-27/id=elite-v3-v-t1-value
