run: /home/sborowsk/project/sts_combat_rl/runs/schema=combat_v3/date=2026-09-28/id=elite-v3-v-elite-v3-t2-c2
log: /home/sborowsk/project/sts_combat_rl/runs/schema=combat_v3/date=2026-09-28/id=elite-v3-v-elite-v3-t2-c2/logs/stdout.log (stderr: /home/sborowsk/project/sts_combat_rl/runs/schema=combat_v3/date=2026-09-28/id=elite-v3-v-elite-v3-t2-c2/logs/stderr.log)
01:29:06 oracle: off (teacher searches sampled beliefs, fair play)
01:29:06 
01:29:06 Value play
01:29:06 ==========
01:29:06 config:    /home/sborowsk/project/sts_combat_rl/rundecks/elite-v3/configs/rendered/s3-v-best-c2.toml
01:29:06 output:    /home/sborowsk/project/sts_combat_rl/runs/schema=combat_v3/date=2026-09-28/id=elite-v3-v-elite-v3-t2-c2/out
01:29:06 value run: value_net_v1/2026-09-27/elite-v3-t2
01:29:06 weights:   /home/sborowsk/project/sts_combat_rl/runs/schema=combat_v3/date=2026-09-28/id=elite-v3-v-elite-v3-t2-c2/out/value_weights.bin
01:29:06 data runs: combat_v3/2026-09-26/act1-all-bosses-a20-scaled-search
01:29:06 teacher:   {"leaf": "policy_net", "simulations": 20000, "oracle": false, "random_move": false, "fpu_reduction": 0.05, "c_puct": 2.0, "particles": 8, "prior_floor": 0.03}
01:29:06 fights:    450 from query "select * from combat_v3\nwhere id = 'act1-all-bosses-a20-scaled-search' and source_episode_id is null and category = 'elite' and run_seed % 10 = 5\n  and episode_id in (\n    select source_episode_id from read_csv_auto('experiments/act-1-combat/2026-09-28-elite-specialist/validation_fights.csv'))\n"
01:29:06 workers:   11
01:29:06 worker:    /home/sborowsk/project/sts_combat_rl/runs/schema=combat_v3/date=2026-09-28/id=elite-v3-v-elite-v3-t2-c2/out/value_play_worker (sha256 a47da578daa80c5a4986fb7b2698a5e9f069df62e648c7e701cb3708fbde0952)
01:29:06 
01:29:06 Each line: the policy_net teacher's replay | the stored teacher's result for the same fight
01:29:06 
01:29:06 episode 47504780851503 skipped: replay diverged from the stored fight: : [[4, 4, 0, 0, 1, 1, 0, 0, 1, 0, 0, 0, 0, 0], [5], [0, 0, 0, 0, 1]], "teacher": {"leaf": "policy_net", "simulations": 20000, "oracle": false, "random_move": false, "fpu_reduction": 0.05, "c_puct": 2.0, "particles": 8, "prior_flo: value_play_worker: replayed fight didn't end after its stored actions
01:29:06 episode 47504780839504 skipped: replay diverged from the stored fight: : [[0, 0, 0, 1, 1, 1, 0, 1], [0, 0, 0, 1, 0], [5, 5, 1, 0, 0, 1, 0, 0, 0, 0, 0, 0, 1], [6, 2, 1, 0, 1]], "teacher": {"leaf": "policy_net", "simulations": 20000, "oracle": false, "random_move": false, "fpu_reduction": 0.05, "c_puc: value_play_worker: replayed fight didn't end after its stored actions
01:29:06 episode 47504780855505 skipped: replay diverged from the stored fight: : [[2, 2, 0, 0, 3, 1, 1, 0, 0, 1, 2, 0, 0, 0, 0], [1, 0, 0, 1, 0, 0, 0, 0, 0, 0, 1], [1, 1, 0, 0, 1, 0, 0, 0, 0, 3, 2, 0], [4, 1, 1, 0, 0, 7, 6, 1, 0, 1, 2, 2, 0, 1, 0, 0, 0, 0, 0, 0, 1, 0, 0, 5, 3, 0, 0, 2, 1, 0, 0, 0], [13]], ": value_play_worker: replayed fight didn't end after its stored actions
01:29:21 [10/450] wins 8 vs teacher 8; mean terminal value 0.428 vs 0.380
01:29:24 episode 47504780905503 skipped: replay diverged from the stored fight: episode 47504780905503: replayed start differs from the stored fight on ['starting_hp', 'global_numeric', 'cards']
01:29:26 episode 47504780905502 skipped: replay diverged from the stored fight: episode 47504780905502: replayed start differs from the stored fight on ['starting_hp', 'global_numeric']
01:29:35 [20/450] wins 17 vs teacher 17; mean terminal value 0.432 vs 0.409
01:29:42 episode 47504780930503 skipped: replay diverged from the stored fight: : [[6, 3, 0, 0, 1, 0, 0, 0, 2, 2, 1], [1, 1, 1, 0, 0, 1, 0, 0, 1, 2, 1], [4]], "teacher": {"leaf": "policy_net", "simulations": 20000, "oracle": false, "random_move": false, "fpu_reduction": 0.05, "c_puct": 2.0, "particles": 8, ": value_play_worker: replayed fight didn't end after its stored actions
01:29:42 episode 47504780930504 skipped: replay diverged from the stored fight: : [[6, 3, 0, 0, 1, 0, 0, 0, 2, 2, 1], [1, 1, 1, 0, 0, 1, 0, 0, 1, 2, 1], [4], [8, 5, 2, 0, 6, 6, 6, 2, 0, 2, 1, 0, 3, 3, 1, 1, 0, 1, 1, 0, 0, 1, 0, 0, 0, 1, 0]], "teacher": {"leaf": "policy_net", "simulations": 20000, "oracle": f: value_play_worker: replayed fight didn't end after its stored actions
01:29:48 [30/450] wins 26 vs teacher 26; mean terminal value 0.441 vs 0.425
01:29:58 [40/450] wins 36 vs teacher 35; mean terminal value 0.447 vs 0.426
01:30:01 episode 47504780982503 skipped: replay diverged from the stored fight: : [[0, 0, 0, 0, 0, 0, 0, 0, 1, 1, 0, 0, 1, 0], [5, 6, 0, 0, 0, 0], [0, 0, 0]], "teacher": {"leaf": "policy_net", "simulations": 20000, "oracle": false, "random_move": false, "fpu_reduction": 0.05, "c_puct": 2.0, "particles": 8, ": value_play_worker: replayed fight didn't end after its stored actions
01:30:11 [50/450] wins 44 vs teacher 45; mean terminal value 0.450 vs 0.444
01:30:25 [60/450] wins 53 vs teacher 54; mean terminal value 0.445 vs 0.440
01:30:34 [70/450] wins 62 vs teacher 61; mean terminal value 0.439 vs 0.431
01:30:44 episode 47504781077504 skipped: replay diverged from the stored fight: ctions": [[1, 2, 1, 1, 0, 0, 0, 0, 0], [0, 0, 0, 0, 0, 0, 1, 2, 0, 0, 0, 1, 2], [1, 3, 2, 0, 4, 1], [0, 1, 5, 0, 0, 1, 0, 0, 1, 2, 1, 0, 0, 1, 1, 1, 0, 0, 0, 0, 0, 1, 1, 0]], "teacher": {"leaf": "policy_net", "simulations": 20000, "orac: value_play_worker: stored actions don't fit the replayed fight
01:30:46 [80/450] wins 72 vs teacher 70; mean terminal value 0.453 vs 0.439
01:30:57 [90/450] wins 81 vs teacher 78; mean terminal value 0.445 vs 0.426
01:31:05 [100/450] wins 91 vs teacher 87; mean terminal value 0.444 vs 0.423
01:31:17 [110/450] wins 100 vs teacher 96; mean terminal value 0.441 vs 0.418
01:31:25 [120/450] wins 108 vs teacher 103; mean terminal value 0.439 vs 0.413
01:31:26 episode 47504781145504 skipped: replay diverged from the stored fight: episode 47504781145504: replayed start differs from the stored fight on ['starting_hp', 'global_numeric']
01:31:26 episode 47504781155505 skipped: replay diverged from the stored fight: episode 47504781155505: replayed start differs from the stored fight on ['starting_hp', 'global_numeric', 'cards']
01:31:36 [130/450] wins 117 vs teacher 112; mean terminal value 0.439 vs 0.414
01:31:46 [140/450] wins 125 vs teacher 122; mean terminal value 0.441 vs 0.418
01:31:56 episode 47504781230503 skipped: replay diverged from the stored fight: episode 47504781230503: replayed start differs from the stored fight on ['starting_hp', 'global_numeric']
01:32:00 [150/450] wins 132 vs teacher 130; mean terminal value 0.438 vs 0.419
01:32:07 [160/450] wins 142 vs teacher 140; mean terminal value 0.445 vs 0.426
01:32:15 [170/450] wins 152 vs teacher 147; mean terminal value 0.447 vs 0.423
01:32:26 [180/450] wins 162 vs teacher 156; mean terminal value 0.452 vs 0.426
01:32:31 episode 47504781283505 skipped: replay diverged from the stored fight: episode 47504781283505: replayed start differs from the stored fight on ['starting_hp', 'global_numeric']
01:32:39 [190/450] wins 171 vs teacher 165; mean terminal value 0.454 vs 0.429
01:32:43 episode 47504781416503 skipped: replay diverged from the stored fight: ctions": [[2, 1, 0, 0, 5, 1], [0, 0, 1, 0, 0, 1, 0, 2, 0, 0], [3, 2, 1, 0, 2, 2, 1, 0, 0, 0, 1]], "teacher": {"leaf": "policy_net", "simulations": 20000, "oracle": false, "random_move": false, "fpu_reduction": 0.05, "c_puct": 2.0, "part: value_play_worker: stored actions don't fit the replayed fight
01:32:49 [200/450] wins 179 vs teacher 172; mean terminal value 0.450 vs 0.424
01:33:00 [210/450] wins 188 vs teacher 181; mean terminal value 0.450 vs 0.422
01:33:01 episode 47504781473502 skipped: replay diverged from the stored fight: ctions": [[1, 0, 0, 0, 0, 1, 0, 0, 0], [1, 2, 0, 2, 0, 0, 2, 0, 0]], "teacher": {"leaf": "policy_net", "simulations": 20000, "oracle": false, "random_move": false, "fpu_reduction": 0.05, "c_puct": 2.0, "particles": 8, "prior_floor": 0.0: value_play_worker: stored actions don't fit the replayed fight
01:33:16 [220/450] wins 198 vs teacher 191; mean terminal value 0.451 vs 0.426
01:33:18 episode 47504781501504 skipped: replay diverged from the stored fight: : [[0, 0, 0, 0, 0, 1, 1, 0, 0, 0, 0, 0, 1], [3], [3, 4, 0, 2, 0, 2, 3, 1, 0, 1, 0, 0, 0, 1, 0, 0], [3, 3, 1, 7, 1, 3, 1, 1, 0, 0, 0, 0, 3, 0, 1, 5, 0, 0, 3, 0, 0, 4, 0, 0, 5, 5, 1, 0, 1, 3, 3, 0, 1, 0, 0, 0, 1, 0, 3, 0, 0, 1, 0, : value_play_worker: replayed fight didn't end after its stored actions
01:33:31 [230/450] wins 206 vs teacher 199; mean terminal value 0.449 vs 0.425
01:33:41 [240/450] wins 215 vs teacher 208; mean terminal value 0.452 vs 0.429
01:33:53 [250/450] wins 225 vs teacher 218; mean terminal value 0.454 vs 0.432
01:34:00 [260/450] wins 233 vs teacher 226; mean terminal value 0.452 vs 0.432
01:34:11 episode 47504781612503 skipped: replay diverged from the stored fight: : [[2, 0, 0, 0, 1, 1, 0, 0, 0], [3], [2, 1, 0, 0, 0, 3, 1, 0, 2, 2, 0, 0, 0, 0, 0]], "teacher": {"leaf": "policy_net", "simulations": 20000, "oracle": false, "random_move": false, "fpu_reduction": 0.05, "c_puct": 2.0, "particles": value_play_worker: replayed fight didn't end after its stored actions
01:34:12 episode 47504781621504 skipped: replay diverged from the stored fight: ctions": [[1, 1, 1, 0, 1, 3, 1, 2, 0, 0, 3, 1, 0, 0], [4, 4, 1, 0, 0, 0, 0, 0, 2, 0], [2, 1, 0, 1, 0, 0, 0, 0, 2, 0], [0, 5, 1, 1, 1, 2, 0, 1, 1, 1, 3, 2, 1, 0, 0, 0]], "teacher": {"leaf": "policy_net", "simulations": 20000, "oracle": f: value_play_worker: stored actions don't fit the replayed fight
01:34:15 [270/450] wins 242 vs teacher 235; mean terminal value 0.454 vs 0.434
01:34:26 [280/450] wins 251 vs teacher 244; mean terminal value 0.455 vs 0.435
01:34:38 [290/450] wins 259 vs teacher 253; mean terminal value 0.453 vs 0.435
01:34:50 [300/450] wins 266 vs teacher 261; mean terminal value 0.450 vs 0.433
01:34:57 episode 47504781750506 skipped: replay diverged from the stored fight: ctions": [[1, 0, 2, 0, 0, 0, 0, 3, 0, 0, 1], [0, 0, 2, 0, 0, 0, 1, 1, 1, 1, 0, 1, 0, 1, 0, 1, 1, 0, 0, 0, 2], [2, 2, 1, 0, 4, 0], [8, 1, 0, 2, 3, 1, 0, 2, 1, 3, 0, 3, 0, 1, 3, 3], [12, 12, 5, 4, 0, 0, 0, 1, 0, 7], [1, 0, 0, 0, 4, 4, 0, : value_play_worker: stored actions don't fit the replayed fight
01:35:00 [310/450] wins 275 vs teacher 270; mean terminal value 0.449 vs 0.432
01:35:15 [320/450] wins 284 vs teacher 279; mean terminal value 0.449 vs 0.431
01:35:32 [330/450] wins 291 vs teacher 286; mean terminal value 0.445 vs 0.428
01:35:35 episode 47504781829504 skipped: replay diverged from the stored fight: ctions": [[0, 2, 1, 0, 0, 3, 0, 0, 1], [1, 1, 2, 2, 0, 1, 1, 3, 1, 0], [2, 0, 1, 1, 2, 2, 3, 1, 2, 0], [5, 5, 0, 1, 2, 1, 0, 0, 1, 1, 1, 2, 1, 0]], "teacher": {"leaf": "policy_net", "simulations": 20000, "oracle": false, "random_move": : value_play_worker: stored actions don't fit the replayed fight
01:35:38 [340/450] wins 300 vs teacher 295; mean terminal value 0.446 vs 0.430
01:35:38 episode 47504781836504 skipped: replay diverged from the stored fight: ctions": [[1, 0, 0, 2, 1, 0, 0, 1], [3, 0, 0, 1, 0, 0, 0, 1, 0, 0, 0, 0, 0, 0, 0, 0, 0, 1], [1, 1, 1, 0, 1, 0, 1, 1, 3, 2, 1, 1, 1, 1], [3, 3, 1, 1, 2, 4, 0, 1, 0, 0, 0, 0, 0]], "teacher": {"leaf": "policy_net", "simulations": 20000, "o: value_play_worker: stored actions don't fit the replayed fight
01:35:48 [350/450] wins 310 vs teacher 305; mean terminal value 0.450 vs 0.433
01:35:51 episode 47504781845507 skipped: replay diverged from the stored fight: episode 47504781845507: replayed start differs from the stored fight on ['starting_hp', 'global_numeric']
01:35:56 episode 47504781901507 skipped: replay diverged from the stored fight: : [[1, 0, 0, 0, 1, 0, 0, 0, 2, 3, 1, 0, 0, 2, 0], [1, 1, 3, 0, 1, 0, 0, 0, 0, 0, 1], [5], [0, 0, 0, 0, 1, 1, 1, 0, 1, 0, 0, 0, 2, 0, 0, 1], [2, 0, 0, 1, 1, 0, 0, 1, 0, 0, 0], [4, 5, 2, 0, 2, 0, 2, 1, 0, 1, 1, 2, 0, 1, 1, 0, 1, 2,: value_play_worker: replayed fight didn't end after its stored actions
01:35:56 [360/450] wins 319 vs teacher 313; mean terminal value 0.450 vs 0.433
01:36:08 episode 47504781927504 skipped: replay diverged from the stored fight: : [[1, 3, 0, 0, 1, 1, 1, 0], [1, 1, 0, 0, 0, 0, 1, 0, 0, 2, 2, 3, 0], [1, 2, 2, 0, 1, 2, 3, 0, 0, 0, 0, 1], [7]], "teacher": {"leaf": "policy_net", "simulations": 20000, "oracle": false, "random_move": false, "fpu_reduction": 0.0: value_play_worker: replayed fight didn't end after its stored actions
01:36:12 [370/450] wins 329 vs teacher 322; mean terminal value 0.452 vs 0.434
01:36:21 [380/450] wins 338 vs teacher 332; mean terminal value 0.453 vs 0.436
01:36:25 episode 47504781948507 skipped: replay diverged from the stored fight: episode 47504781948507: replayed start differs from the stored fight on ['starting_hp', 'global_numeric']
01:36:33 [390/450] wins 347 vs teacher 341; mean terminal value 0.454 vs 0.438
01:36:38 episode 47504781976503 skipped: replay diverged from the stored fight: episode 47504781976503: replayed start differs from the stored fight on ['starting_hp', 'global_numeric']
01:36:43 episode 47504782012505 skipped: replay diverged from the stored fight: ctions": [[1, 0, 0, 4, 0, 0], [6, 4, 0, 1, 2, 0, 0, 1, 1, 1, 0, 0, 1], [1, 0, 0, 0, 0, 3, 1, 3, 1, 1, 0, 4, 0, 1, 0, 0, 3, 1], [5, 0, 2, 0, 0, 2, 2, 0, 2], [8, 6, 4, 0, 0, 6, 3, 0, 2, 2, 1, 0, 1]], "teacher": {"leaf": "policy_net", "sim: value_play_worker: stored actions don't fit the replayed fight
01:36:45 [400/450] wins 355 vs teacher 349; mean terminal value 0.454 vs 0.438
01:36:48 episode 47504782027504 skipped: replay diverged from the stored fight: ctions": [[1, 0, 0, 0, 3, 2, 0, 0, 1, 0, 0], [2, 1, 1, 0, 0, 0, 0, 0, 3, 1, 1, 0, 0, 2, 0], [1, 0, 2, 1, 0, 0, 1, 1, 0, 1], [3, 1, 2, 0, 1, 0, 1, 1, 0, 0, 0, 0, 1, 1, 0, 0, 0, 4, 1, 1]], "teacher": {"leaf": "policy_net", "simulations": : value_play_worker: stored actions don't fit the replayed fight
01:36:48 episode 47504782027505 skipped: replay diverged from the stored fight: ctions": [[1, 0, 0, 0, 3, 2, 0, 0, 1, 0, 0], [2, 1, 1, 0, 0, 0, 0, 0, 3, 1, 1, 0, 0, 2, 0], [1, 0, 2, 1, 0, 0, 1, 1, 0, 1], [3, 1, 2, 0, 1, 0, 1, 1, 0, 0, 0, 0, 1, 1, 0, 0, 0, 4, 1, 1], [3, 0, 2, 1, 1, 2, 2, 0, 0, 0, 0, 0, 0, 0, 2, 0]],: value_play_worker: stored actions don't fit the replayed fight
01:36:54 [410/450] wins 364 vs teacher 359; mean terminal value 0.454 vs 0.439
01:37:07 [420/450] wins 371 vs teacher 366; mean terminal value 0.451 vs 0.436
01:37:09 
01:37:09 Summary
01:37:09 -------
01:37:09 teacher:        {"batch": 64, "c_puct": 2.0, "child_min_visits": 50, "early_stop": true, "forced_simulations": 500, "fpu_reduction": 0.05, "leaf": "policy_net", "max_actions": 512, "objective": "won * (35 + hp + 4 * potions) / (56 + root max hp)", "oracle": false, "particles": 8, "prior_floor": 0.03, "random_move": false, "random_window": 24, "simulations": 20000}
01:37:09                             policy_net   teacher
01:37:09 won                                372       367   of 421
01:37:09 terminal value                   0.451     0.436   mean
01:37:09 rows:           31,489
01:37:09 seconds/fight:  11.6
01:37:09 skipped:        29 fights whose replay diverged from the stored fight
01:37:09 wall time:      7.7 min
01:37:09 summary:        /home/sborowsk/project/sts_combat_rl/runs/schema=combat_v3/date=2026-09-28/id=elite-v3-v-elite-v3-t2-c2/out/summary.json
run: done (exit 0) /home/sborowsk/project/sts_combat_rl/runs/schema=combat_v3/date=2026-09-28/id=elite-v3-v-elite-v3-t2-c2
