run: /home/sborowsk/project/sts_combat_rl/runs/schema=combat_v3/date=2026-09-27/id=elite-v3-v-t1-policy
log: /home/sborowsk/project/sts_combat_rl/runs/schema=combat_v3/date=2026-09-27/id=elite-v3-v-t1-policy/logs/stdout.log (stderr: /home/sborowsk/project/sts_combat_rl/runs/schema=combat_v3/date=2026-09-27/id=elite-v3-v-t1-policy/logs/stderr.log)
01:00:44 oracle: off (teacher searches sampled beliefs, fair play)
01:00:44 
01:00:44 Value play
01:00:44 ==========
01:00:44 config:    /home/sborowsk/project/sts_combat_rl/rundecks/elite-v3/configs/rendered/s3-v-t1-policy.toml
01:00:44 output:    /home/sborowsk/project/sts_combat_rl/runs/schema=combat_v3/date=2026-09-27/id=elite-v3-v-t1-policy/out
01:00:44 value run: value_net_v1/2026-09-27/elite-v3-t1
01:00:44 weights:   /home/sborowsk/project/sts_combat_rl/runs/schema=combat_v3/date=2026-09-27/id=elite-v3-v-t1-policy/out/value_weights.bin
01:00:44 data runs: combat_v3/2026-09-26/act1-all-bosses-a20-scaled-search
01:00:44 teacher:   {"leaf": "policy_net", "simulations": 20000, "oracle": false, "random_move": false, "fpu_reduction": 0.05, "prior_floor": 0.03, "c_puct": 1.0, "particles": 8}
01:00:44 fights:    450 from query "select * from combat_v3\nwhere id = 'act1-all-bosses-a20-scaled-search' and source_episode_id is null and category = 'elite' and run_seed % 10 = 5\n  and episode_id in (\n    select source_episode_id from read_csv_auto('experiments/act-1-combat/2026-09-28-elite-specialist/validation_fights.csv'))\n"
01:00:44 workers:   11
01:00:44 worker:    /home/sborowsk/project/sts_combat_rl/runs/schema=combat_v3/date=2026-09-27/id=elite-v3-v-t1-policy/out/value_play_worker (sha256 a47da578daa80c5a4986fb7b2698a5e9f069df62e648c7e701cb3708fbde0952)
01:00:44 
01:00:44 Each line: the policy_net teacher's replay | the stored teacher's result for the same fight
01:00:44 
01:00:44 episode 47504780851503 skipped: replay diverged from the stored fight: : [[4, 4, 0, 0, 1, 1, 0, 0, 1, 0, 0, 0, 0, 0], [5], [0, 0, 0, 0, 1]], "teacher": {"leaf": "policy_net", "simulations": 20000, "oracle": false, "random_move": false, "fpu_reduction": 0.05, "prior_floor": 0.03, "c_puct": 1.0, "part: value_play_worker: replayed fight didn't end after its stored actions
01:00:44 episode 47504780839504 skipped: replay diverged from the stored fight: : [[0, 0, 0, 1, 1, 1, 0, 1], [0, 0, 0, 1, 0], [5, 5, 1, 0, 0, 1, 0, 0, 0, 0, 0, 0, 1], [6, 2, 1, 0, 1]], "teacher": {"leaf": "policy_net", "simulations": 20000, "oracle": false, "random_move": false, "fpu_reduction": 0.05, "prior: value_play_worker: replayed fight didn't end after its stored actions
01:00:44 episode 47504780855505 skipped: replay diverged from the stored fight: : [[2, 2, 0, 0, 3, 1, 1, 0, 0, 1, 2, 0, 0, 0, 0], [1, 0, 0, 1, 0, 0, 0, 0, 0, 0, 1], [1, 1, 0, 0, 1, 0, 0, 0, 0, 3, 2, 0], [4, 1, 1, 0, 0, 7, 6, 1, 0, 1, 2, 2, 0, 1, 0, 0, 0, 0, 0, 0, 1, 0, 0, 5, 3, 0, 0, 2, 1, 0, 0, 0], [13]], ": value_play_worker: replayed fight didn't end after its stored actions
01:01:00 [10/450] wins 8 vs teacher 8; mean terminal value 0.450 vs 0.413
01:01:03 episode 47504780905503 skipped: replay diverged from the stored fight: episode 47504780905503: replayed start differs from the stored fight on ['starting_hp', 'global_numeric', 'cards']
01:01:06 episode 47504780905502 skipped: replay diverged from the stored fight: episode 47504780905502: replayed start differs from the stored fight on ['starting_hp', 'global_numeric']
01:01:11 [20/450] wins 16 vs teacher 17; mean terminal value 0.415 vs 0.407
01:01:18 episode 47504780930503 skipped: replay diverged from the stored fight: : [[6, 3, 0, 0, 1, 0, 0, 0, 2, 2, 1], [1, 1, 1, 0, 0, 1, 0, 0, 1, 2, 1], [4]], "teacher": {"leaf": "policy_net", "simulations": 20000, "oracle": false, "random_move": false, "fpu_reduction": 0.05, "prior_floor": 0.03, "c_puct": 1: value_play_worker: replayed fight didn't end after its stored actions
01:01:18 episode 47504780930504 skipped: replay diverged from the stored fight: : [[6, 3, 0, 0, 1, 0, 0, 0, 2, 2, 1], [1, 1, 1, 0, 0, 1, 0, 0, 1, 2, 1], [4], [8, 5, 2, 0, 6, 6, 6, 2, 0, 2, 1, 0, 3, 3, 1, 1, 0, 1, 1, 0, 0, 1, 0, 0, 0, 1, 0]], "teacher": {"leaf": "policy_net", "simulations": 20000, "oracle": f: value_play_worker: replayed fight didn't end after its stored actions
01:01:24 [30/450] wins 25 vs teacher 26; mean terminal value 0.426 vs 0.423
01:01:32 [40/450] wins 33 vs teacher 35; mean terminal value 0.424 vs 0.426
01:01:36 episode 47504780982503 skipped: replay diverged from the stored fight: : [[0, 0, 0, 0, 0, 0, 0, 0, 1, 1, 0, 0, 1, 0], [5, 6, 0, 0, 0, 0], [0, 0, 0]], "teacher": {"leaf": "policy_net", "simulations": 20000, "oracle": false, "random_move": false, "fpu_reduction": 0.05, "prior_floor": 0.03, "c_puct": 1: value_play_worker: replayed fight didn't end after its stored actions
01:01:46 [50/450] wins 43 vs teacher 45; mean terminal value 0.441 vs 0.441
01:01:56 [60/450] wins 52 vs teacher 53; mean terminal value 0.440 vs 0.433
01:02:06 [70/450] wins 62 vs teacher 61; mean terminal value 0.441 vs 0.431
01:02:14 episode 47504781077504 skipped: replay diverged from the stored fight: ctions": [[1, 2, 1, 1, 0, 0, 0, 0, 0], [0, 0, 0, 0, 0, 0, 1, 2, 0, 0, 0, 1, 2], [1, 3, 2, 0, 4, 1], [0, 1, 5, 0, 0, 1, 0, 0, 1, 2, 1, 0, 0, 1, 1, 1, 0, 0, 0, 0, 0, 1, 1, 0]], "teacher": {"leaf": "policy_net", "simulations": 20000, "orac: value_play_worker: stored actions don't fit the replayed fight
01:02:16 [80/450] wins 71 vs teacher 70; mean terminal value 0.451 vs 0.439
01:02:26 [90/450] wins 79 vs teacher 78; mean terminal value 0.442 vs 0.427
01:02:32 [100/450] wins 89 vs teacher 88; mean terminal value 0.439 vs 0.426
01:02:46 [110/450] wins 98 vs teacher 96; mean terminal value 0.439 vs 0.418
01:02:50 episode 47504781155505 skipped: replay diverged from the stored fight: episode 47504781155505: replayed start differs from the stored fight on ['starting_hp', 'global_numeric', 'cards']
01:02:51 episode 47504781145504 skipped: replay diverged from the stored fight: episode 47504781145504: replayed start differs from the stored fight on ['starting_hp', 'global_numeric']
01:02:53 [120/450] wins 107 vs teacher 104; mean terminal value 0.442 vs 0.419
01:03:00 [130/450] wins 116 vs teacher 112; mean terminal value 0.438 vs 0.414
01:03:10 [140/450] wins 125 vs teacher 122; mean terminal value 0.443 vs 0.418
01:03:19 episode 47504781230503 skipped: replay diverged from the stored fight: episode 47504781230503: replayed start differs from the stored fight on ['starting_hp', 'global_numeric']
01:03:24 [150/450] wins 132 vs teacher 130; mean terminal value 0.442 vs 0.420
01:03:29 [160/450] wins 141 vs teacher 140; mean terminal value 0.444 vs 0.426
01:03:37 [170/450] wins 150 vs teacher 147; mean terminal value 0.447 vs 0.424
01:03:44 episode 47504781283505 skipped: replay diverged from the stored fight: episode 47504781283505: replayed start differs from the stored fight on ['starting_hp', 'global_numeric']
01:03:44 [180/450] wins 159 vs teacher 156; mean terminal value 0.448 vs 0.426
01:03:59 [190/450] wins 168 vs teacher 164; mean terminal value 0.451 vs 0.427
01:04:02 episode 47504781416503 skipped: replay diverged from the stored fight: ctions": [[2, 1, 0, 0, 5, 1], [0, 0, 1, 0, 0, 1, 0, 2, 0, 0], [3, 2, 1, 0, 2, 2, 1, 0, 0, 0, 1]], "teacher": {"leaf": "policy_net", "simulations": 20000, "oracle": false, "random_move": false, "fpu_reduction": 0.05, "prior_floor": 0.03,: value_play_worker: stored actions don't fit the replayed fight
01:04:07 [200/450] wins 176 vs teacher 172; mean terminal value 0.447 vs 0.423
01:04:17 [210/450] wins 185 vs teacher 181; mean terminal value 0.447 vs 0.422
01:04:18 episode 47504781473502 skipped: replay diverged from the stored fight: ctions": [[1, 0, 0, 0, 0, 1, 0, 0, 0], [1, 2, 0, 2, 0, 0, 2, 0, 0]], "teacher": {"leaf": "policy_net", "simulations": 20000, "oracle": false, "random_move": false, "fpu_reduction": 0.05, "prior_floor": 0.03, "c_puct": 1.0, "particles": : value_play_worker: stored actions don't fit the replayed fight
01:04:31 [220/450] wins 194 vs teacher 190; mean terminal value 0.447 vs 0.424
01:04:33 episode 47504781501504 skipped: replay diverged from the stored fight: : [[0, 0, 0, 0, 0, 1, 1, 0, 0, 0, 0, 0, 1], [3], [3, 4, 0, 2, 0, 2, 3, 1, 0, 1, 0, 0, 0, 1, 0, 0], [3, 3, 1, 7, 1, 3, 1, 1, 0, 0, 0, 0, 3, 0, 1, 5, 0, 0, 3, 0, 0, 4, 0, 0, 5, 5, 1, 0, 1, 3, 3, 0, 1, 0, 0, 0, 1, 0, 3, 0, 0, 1, 0, : value_play_worker: replayed fight didn't end after its stored actions
01:04:44 [230/450] wins 203 vs teacher 199; mean terminal value 0.446 vs 0.426
01:04:55 [240/450] wins 212 vs teacher 208; mean terminal value 0.450 vs 0.429
01:05:07 [250/450] wins 222 vs teacher 218; mean terminal value 0.452 vs 0.432
01:05:12 [260/450] wins 230 vs teacher 226; mean terminal value 0.451 vs 0.432
01:05:24 episode 47504781612503 skipped: replay diverged from the stored fight: : [[2, 0, 0, 0, 1, 1, 0, 0, 0], [3], [2, 1, 0, 0, 0, 3, 1, 0, 2, 2, 0, 0, 0, 0, 0]], "teacher": {"leaf": "policy_net", "simulations": 20000, "oracle": false, "random_move": false, "fpu_reduction": 0.05, "prior_floor": 0.03, "c_pu: value_play_worker: replayed fight didn't end after its stored actions
01:05:24 episode 47504781621504 skipped: replay diverged from the stored fight: ctions": [[1, 1, 1, 0, 1, 3, 1, 2, 0, 0, 3, 1, 0, 0], [4, 4, 1, 0, 0, 0, 0, 0, 2, 0], [2, 1, 0, 1, 0, 0, 0, 0, 2, 0], [0, 5, 1, 1, 1, 2, 0, 1, 1, 1, 3, 2, 1, 0, 0, 0]], "teacher": {"leaf": "policy_net", "simulations": 20000, "oracle": f: value_play_worker: stored actions don't fit the replayed fight
01:05:27 [270/450] wins 240 vs teacher 236; mean terminal value 0.454 vs 0.435
01:05:38 [280/450] wins 249 vs teacher 244; mean terminal value 0.454 vs 0.434
01:05:46 [290/450] wins 259 vs teacher 254; mean terminal value 0.454 vs 0.434
01:05:57 [300/450] wins 267 vs teacher 261; mean terminal value 0.454 vs 0.433
01:06:04 episode 47504781750506 skipped: replay diverged from the stored fight: ctions": [[1, 0, 2, 0, 0, 0, 0, 3, 0, 0, 1], [0, 0, 2, 0, 0, 0, 1, 1, 1, 1, 0, 1, 0, 1, 0, 1, 1, 0, 0, 0, 2], [2, 2, 1, 0, 4, 0], [8, 1, 0, 2, 3, 1, 0, 2, 1, 3, 0, 3, 0, 1, 3, 3], [12, 12, 5, 4, 0, 0, 0, 1, 0, 7], [1, 0, 0, 0, 4, 4, 0, : value_play_worker: stored actions don't fit the replayed fight
01:06:07 [310/450] wins 275 vs teacher 270; mean terminal value 0.451 vs 0.432
01:06:19 [320/450] wins 285 vs teacher 280; mean terminal value 0.452 vs 0.432
01:06:34 [330/450] wins 293 vs teacher 287; mean terminal value 0.449 vs 0.429
01:06:40 episode 47504781829504 skipped: replay diverged from the stored fight: ctions": [[0, 2, 1, 0, 0, 3, 0, 0, 1], [1, 1, 2, 2, 0, 1, 1, 3, 1, 0], [2, 0, 1, 1, 2, 2, 3, 1, 2, 0], [5, 5, 0, 1, 2, 1, 0, 0, 1, 1, 1, 2, 1, 0]], "teacher": {"leaf": "policy_net", "simulations": 20000, "oracle": false, "random_move": : value_play_worker: stored actions don't fit the replayed fight
01:06:42 episode 47504781836504 skipped: replay diverged from the stored fight: ctions": [[1, 0, 0, 2, 1, 0, 0, 1], [3, 0, 0, 1, 0, 0, 0, 1, 0, 0, 0, 0, 0, 0, 0, 0, 0, 1], [1, 1, 1, 0, 1, 0, 1, 1, 3, 2, 1, 1, 1, 1], [3, 3, 1, 1, 2, 4, 0, 1, 0, 0, 0, 0, 0]], "teacher": {"leaf": "policy_net", "simulations": 20000, "o: value_play_worker: stored actions don't fit the replayed fight
01:06:42 [340/450] wins 302 vs teacher 296; mean terminal value 0.450 vs 0.431
01:06:48 [350/450] wins 311 vs teacher 305; mean terminal value 0.453 vs 0.433
01:06:51 episode 47504781845507 skipped: replay diverged from the stored fight: episode 47504781845507: replayed start differs from the stored fight on ['starting_hp', 'global_numeric']
01:06:55 episode 47504781901507 skipped: replay diverged from the stored fight: : [[1, 0, 0, 0, 1, 0, 0, 0, 2, 3, 1, 0, 0, 2, 0], [1, 1, 3, 0, 1, 0, 0, 0, 0, 0, 1], [5], [0, 0, 0, 0, 1, 1, 1, 0, 1, 0, 0, 0, 2, 0, 0, 1], [2, 0, 0, 1, 1, 0, 0, 1, 0, 0, 0], [4, 5, 2, 0, 2, 0, 2, 1, 0, 1, 1, 2, 0, 1, 1, 0, 1, 2,: value_play_worker: replayed fight didn't end after its stored actions
01:06:57 [360/450] wins 320 vs teacher 313; mean terminal value 0.453 vs 0.433
01:07:07 episode 47504781927504 skipped: replay diverged from the stored fight: : [[1, 3, 0, 0, 1, 1, 1, 0], [1, 1, 0, 0, 0, 0, 1, 0, 0, 2, 2, 3, 0], [1, 2, 2, 0, 1, 2, 3, 0, 0, 0, 0, 1], [7]], "teacher": {"leaf": "policy_net", "simulations": 20000, "oracle": false, "random_move": false, "fpu_reduction": 0.0: value_play_worker: replayed fight didn't end after its stored actions
01:07:08 [370/450] wins 329 vs teacher 322; mean terminal value 0.453 vs 0.433
01:07:17 [380/450] wins 338 vs teacher 331; mean terminal value 0.454 vs 0.435
01:07:22 episode 47504781948507 skipped: replay diverged from the stored fight: episode 47504781948507: replayed start differs from the stored fight on ['starting_hp', 'global_numeric']
01:07:29 [390/450] wins 347 vs teacher 341; mean terminal value 0.456 vs 0.438
01:07:39 episode 47504781976503 skipped: replay diverged from the stored fight: episode 47504781976503: replayed start differs from the stored fight on ['starting_hp', 'global_numeric']
01:07:40 episode 47504782012505 skipped: replay diverged from the stored fight: ctions": [[1, 0, 0, 4, 0, 0], [6, 4, 0, 1, 2, 0, 0, 1, 1, 1, 0, 0, 1], [1, 0, 0, 0, 0, 3, 1, 3, 1, 1, 0, 4, 0, 1, 0, 0, 3, 1], [5, 0, 2, 0, 0, 2, 2, 0, 2], [8, 6, 4, 0, 0, 6, 3, 0, 2, 2, 1, 0, 1]], "teacher": {"leaf": "policy_net", "sim: value_play_worker: stored actions don't fit the replayed fight
01:07:43 [400/450] wins 356 vs teacher 350; mean terminal value 0.457 vs 0.439
01:07:46 episode 47504782027504 skipped: replay diverged from the stored fight: ctions": [[1, 0, 0, 0, 3, 2, 0, 0, 1, 0, 0], [2, 1, 1, 0, 0, 0, 0, 0, 3, 1, 1, 0, 0, 2, 0], [1, 0, 2, 1, 0, 0, 1, 1, 0, 1], [3, 1, 2, 0, 1, 0, 1, 1, 0, 0, 0, 0, 1, 1, 0, 0, 0, 4, 1, 1]], "teacher": {"leaf": "policy_net", "simulations": : value_play_worker: stored actions don't fit the replayed fight
01:07:46 episode 47504782027505 skipped: replay diverged from the stored fight: ctions": [[1, 0, 0, 0, 3, 2, 0, 0, 1, 0, 0], [2, 1, 1, 0, 0, 0, 0, 0, 3, 1, 1, 0, 0, 2, 0], [1, 0, 2, 1, 0, 0, 1, 1, 0, 1], [3, 1, 2, 0, 1, 0, 1, 1, 0, 0, 0, 0, 1, 1, 0, 0, 0, 4, 1, 1], [3, 0, 2, 1, 1, 2, 2, 0, 0, 0, 0, 0, 0, 0, 2, 0]],: value_play_worker: stored actions don't fit the replayed fight
01:07:51 [410/450] wins 365 vs teacher 359; mean terminal value 0.457 vs 0.439
01:08:04 [420/450] wins 372 vs teacher 366; mean terminal value 0.453 vs 0.436
01:08:05 
01:08:05 Summary
01:08:05 -------
01:08:05 teacher:        {"batch": 64, "c_puct": 1.0, "child_min_visits": 50, "early_stop": true, "forced_simulations": 500, "fpu_reduction": 0.05, "leaf": "policy_net", "max_actions": 512, "objective": "won * (35 + hp + 4 * potions) / (56 + root max hp)", "oracle": false, "particles": 8, "prior_floor": 0.03, "random_move": false, "random_window": 24, "simulations": 20000}
01:08:05                             policy_net   teacher
01:08:05 won                                373       367   of 421
01:08:05 terminal value                   0.454     0.436   mean
01:08:05 rows:           30,274
01:08:05 seconds/fight:  10.7
01:08:05 skipped:        29 fights whose replay diverged from the stored fight
01:08:05 wall time:      7.1 min
01:08:05 summary:        /home/sborowsk/project/sts_combat_rl/runs/schema=combat_v3/date=2026-09-27/id=elite-v3-v-t1-policy/out/summary.json
run: done (exit 0) /home/sborowsk/project/sts_combat_rl/runs/schema=combat_v3/date=2026-09-27/id=elite-v3-v-t1-policy
