run: /home/sborowsk/project/sts_combat_rl/runs/schema=combat_v3/date=2026-09-28/id=elite-v3-v-elite-v3-t2-c05
log: /home/sborowsk/project/sts_combat_rl/runs/schema=combat_v3/date=2026-09-28/id=elite-v3-v-elite-v3-t2-c05/logs/stdout.log (stderr: /home/sborowsk/project/sts_combat_rl/runs/schema=combat_v3/date=2026-09-28/id=elite-v3-v-elite-v3-t2-c05/logs/stderr.log)
01:20:43 oracle: off (teacher searches sampled beliefs, fair play)
01:20:43 
01:20:43 Value play
01:20:43 ==========
01:20:43 config:    /home/sborowsk/project/sts_combat_rl/rundecks/elite-v3/configs/rendered/s3-v-best-c05.toml
01:20:43 output:    /home/sborowsk/project/sts_combat_rl/runs/schema=combat_v3/date=2026-09-28/id=elite-v3-v-elite-v3-t2-c05/out
01:20:43 value run: value_net_v1/2026-09-27/elite-v3-t2
01:20:43 weights:   /home/sborowsk/project/sts_combat_rl/runs/schema=combat_v3/date=2026-09-28/id=elite-v3-v-elite-v3-t2-c05/out/value_weights.bin
01:20:43 data runs: combat_v3/2026-09-26/act1-all-bosses-a20-scaled-search
01:20:43 teacher:   {"leaf": "policy_net", "simulations": 20000, "oracle": false, "random_move": false, "prior_floor": 0.03, "particles": 8, "c_puct": 0.5, "fpu_reduction": 0.05}
01:20:43 fights:    450 from query "select * from combat_v3\nwhere id = 'act1-all-bosses-a20-scaled-search' and source_episode_id is null and category = 'elite' and run_seed % 10 = 5\n  and episode_id in (\n    select source_episode_id from read_csv_auto('experiments/act-1-combat/2026-09-28-elite-specialist/validation_fights.csv'))\n"
01:20:43 workers:   11
01:20:43 worker:    /home/sborowsk/project/sts_combat_rl/runs/schema=combat_v3/date=2026-09-28/id=elite-v3-v-elite-v3-t2-c05/out/value_play_worker (sha256 a47da578daa80c5a4986fb7b2698a5e9f069df62e648c7e701cb3708fbde0952)
01:20:43 
01:20:43 Each line: the policy_net teacher's replay | the stored teacher's result for the same fight
01:20:43 
01:20:43 episode 47504780839504 skipped: replay diverged from the stored fight: : [[0, 0, 0, 1, 1, 1, 0, 1], [0, 0, 0, 1, 0], [5, 5, 1, 0, 0, 1, 0, 0, 0, 0, 0, 0, 1], [6, 2, 1, 0, 1]], "teacher": {"leaf": "policy_net", "simulations": 20000, "oracle": false, "random_move": false, "prior_floor": 0.03, "particl: value_play_worker: replayed fight didn't end after its stored actions
01:20:43 episode 47504780855505 skipped: replay diverged from the stored fight: : [[2, 2, 0, 0, 3, 1, 1, 0, 0, 1, 2, 0, 0, 0, 0], [1, 0, 0, 1, 0, 0, 0, 0, 0, 0, 1], [1, 1, 0, 0, 1, 0, 0, 0, 0, 3, 2, 0], [4, 1, 1, 0, 0, 7, 6, 1, 0, 1, 2, 2, 0, 1, 0, 0, 0, 0, 0, 0, 1, 0, 0, 5, 3, 0, 0, 2, 1, 0, 0, 0], [13]], ": value_play_worker: replayed fight didn't end after its stored actions
01:20:43 episode 47504780851503 skipped: replay diverged from the stored fight: : [[4, 4, 0, 0, 1, 1, 0, 0, 1, 0, 0, 0, 0, 0], [5], [0, 0, 0, 0, 1]], "teacher": {"leaf": "policy_net", "simulations": 20000, "oracle": false, "random_move": false, "prior_floor": 0.03, "particles": 8, "c_puct": 0.5, "fpu_reducti: value_play_worker: replayed fight didn't end after its stored actions
01:20:55 [10/450] wins 8 vs teacher 8; mean terminal value 0.460 vs 0.413
01:20:58 episode 47504780905503 skipped: replay diverged from the stored fight: episode 47504780905503: replayed start differs from the stored fight on ['starting_hp', 'global_numeric', 'cards']
01:20:59 episode 47504780905502 skipped: replay diverged from the stored fight: episode 47504780905502: replayed start differs from the stored fight on ['starting_hp', 'global_numeric']
01:21:07 [20/450] wins 17 vs teacher 17; mean terminal value 0.440 vs 0.403
01:21:12 episode 47504780930503 skipped: replay diverged from the stored fight: : [[6, 3, 0, 0, 1, 0, 0, 0, 2, 2, 1], [1, 1, 1, 0, 0, 1, 0, 0, 1, 2, 1], [4]], "teacher": {"leaf": "policy_net", "simulations": 20000, "oracle": false, "random_move": false, "prior_floor": 0.03, "particles": 8, "c_puct": 0.5, "fp: value_play_worker: replayed fight didn't end after its stored actions
01:21:12 episode 47504780930504 skipped: replay diverged from the stored fight: : [[6, 3, 0, 0, 1, 0, 0, 0, 2, 2, 1], [1, 1, 1, 0, 0, 1, 0, 0, 1, 2, 1], [4], [8, 5, 2, 0, 6, 6, 6, 2, 0, 2, 1, 0, 3, 3, 1, 1, 0, 1, 1, 0, 0, 1, 0, 0, 0, 1, 0]], "teacher": {"leaf": "policy_net", "simulations": 20000, "oracle": f: value_play_worker: replayed fight didn't end after its stored actions
01:21:18 [30/450] wins 26 vs teacher 26; mean terminal value 0.452 vs 0.425
01:21:25 [40/450] wins 35 vs teacher 35; mean terminal value 0.446 vs 0.426
01:21:27 episode 47504780982503 skipped: replay diverged from the stored fight: : [[0, 0, 0, 0, 0, 0, 0, 0, 1, 1, 0, 0, 1, 0], [5, 6, 0, 0, 0, 0], [0, 0, 0]], "teacher": {"leaf": "policy_net", "simulations": 20000, "oracle": false, "random_move": false, "prior_floor": 0.03, "particles": 8, "c_puct": 0.5, "fp: value_play_worker: replayed fight didn't end after its stored actions
01:21:34 [50/450] wins 45 vs teacher 45; mean terminal value 0.463 vs 0.444
01:21:48 [60/450] wins 55 vs teacher 54; mean terminal value 0.462 vs 0.440
01:21:55 [70/450] wins 64 vs teacher 62; mean terminal value 0.456 vs 0.438
01:22:01 episode 47504781077504 skipped: replay diverged from the stored fight: ctions": [[1, 2, 1, 1, 0, 0, 0, 0, 0], [0, 0, 0, 0, 0, 0, 1, 2, 0, 0, 0, 1, 2], [1, 3, 2, 0, 4, 1], [0, 1, 5, 0, 0, 1, 0, 0, 1, 2, 1, 0, 0, 1, 1, 1, 0, 0, 0, 0, 0, 1, 1, 0]], "teacher": {"leaf": "policy_net", "simulations": 20000, "orac: value_play_worker: stored actions don't fit the replayed fight
01:22:03 [80/450] wins 74 vs teacher 70; mean terminal value 0.464 vs 0.439
01:22:11 [90/450] wins 83 vs teacher 78; mean terminal value 0.457 vs 0.426
01:22:18 [100/450] wins 93 vs teacher 88; mean terminal value 0.454 vs 0.426
01:22:26 [110/450] wins 103 vs teacher 96; mean terminal value 0.454 vs 0.418
01:22:30 episode 47504781155505 skipped: replay diverged from the stored fight: episode 47504781155505: replayed start differs from the stored fight on ['starting_hp', 'global_numeric', 'cards']
01:22:33 episode 47504781145504 skipped: replay diverged from the stored fight: episode 47504781145504: replayed start differs from the stored fight on ['starting_hp', 'global_numeric']
01:22:35 [120/450] wins 113 vs teacher 104; mean terminal value 0.460 vs 0.419
01:22:40 [130/450] wins 122 vs teacher 112; mean terminal value 0.455 vs 0.414
01:22:50 [140/450] wins 130 vs teacher 122; mean terminal value 0.458 vs 0.420
01:22:56 episode 47504781230503 skipped: replay diverged from the stored fight: episode 47504781230503: replayed start differs from the stored fight on ['starting_hp', 'global_numeric']
01:22:59 [150/450] wins 139 vs teacher 131; mean terminal value 0.458 vs 0.421
01:23:06 [160/450] wins 148 vs teacher 140; mean terminal value 0.462 vs 0.427
01:23:12 [170/450] wins 157 vs teacher 147; mean terminal value 0.461 vs 0.423
01:23:17 [180/450] wins 167 vs teacher 156; mean terminal value 0.465 vs 0.426
01:23:19 episode 47504781283505 skipped: replay diverged from the stored fight: episode 47504781283505: replayed start differs from the stored fight on ['starting_hp', 'global_numeric']
01:23:28 [190/450] wins 176 vs teacher 165; mean terminal value 0.465 vs 0.429
01:23:33 episode 47504781416503 skipped: replay diverged from the stored fight: ctions": [[2, 1, 0, 0, 5, 1], [0, 0, 1, 0, 0, 1, 0, 2, 0, 0], [3, 2, 1, 0, 2, 2, 1, 0, 0, 0, 1]], "teacher": {"leaf": "policy_net", "simulations": 20000, "oracle": false, "random_move": false, "prior_floor": 0.03, "particles": 8, "c_puc: value_play_worker: stored actions don't fit the replayed fight
01:23:37 [200/450] wins 184 vs teacher 172; mean terminal value 0.462 vs 0.423
01:23:45 [210/450] wins 193 vs teacher 181; mean terminal value 0.461 vs 0.422
01:23:45 episode 47504781473502 skipped: replay diverged from the stored fight: ctions": [[1, 0, 0, 0, 0, 1, 0, 0, 0], [1, 2, 0, 2, 0, 0, 2, 0, 0]], "teacher": {"leaf": "policy_net", "simulations": 20000, "oracle": false, "random_move": false, "prior_floor": 0.03, "particles": 8, "c_puct": 0.5, "fpu_reduction": 0.0: value_play_worker: stored actions don't fit the replayed fight
01:23:57 [220/450] wins 203 vs teacher 191; mean terminal value 0.462 vs 0.426
01:23:59 episode 47504781501504 skipped: replay diverged from the stored fight: : [[0, 0, 0, 0, 0, 1, 1, 0, 0, 0, 0, 0, 1], [3], [3, 4, 0, 2, 0, 2, 3, 1, 0, 1, 0, 0, 0, 1, 0, 0], [3, 3, 1, 7, 1, 3, 1, 1, 0, 0, 0, 0, 3, 0, 1, 5, 0, 0, 3, 0, 0, 4, 0, 0, 5, 5, 1, 0, 1, 3, 3, 0, 1, 0, 0, 0, 1, 0, 3, 0, 0, 1, 0, : value_play_worker: replayed fight didn't end after its stored actions
01:24:08 [230/450] wins 212 vs teacher 200; mean terminal value 0.462 vs 0.428
01:24:17 [240/450] wins 220 vs teacher 208; mean terminal value 0.462 vs 0.431
01:24:25 [250/450] wins 230 vs teacher 218; mean terminal value 0.462 vs 0.433
01:24:34 [260/450] wins 239 vs teacher 227; mean terminal value 0.462 vs 0.433
01:24:42 episode 47504781612503 skipped: replay diverged from the stored fight: : [[2, 0, 0, 0, 1, 1, 0, 0, 0], [3], [2, 1, 0, 0, 0, 3, 1, 0, 2, 2, 0, 0, 0, 0, 0]], "teacher": {"leaf": "policy_net", "simulations": 20000, "oracle": false, "random_move": false, "prior_floor": 0.03, "particles": 8, "c_puct": 0.: value_play_worker: replayed fight didn't end after its stored actions
01:24:42 episode 47504781621504 skipped: replay diverged from the stored fight: ctions": [[1, 1, 1, 0, 1, 3, 1, 2, 0, 0, 3, 1, 0, 0], [4, 4, 1, 0, 0, 0, 0, 0, 2, 0], [2, 1, 0, 1, 0, 0, 0, 0, 2, 0], [0, 5, 1, 1, 1, 2, 0, 1, 1, 1, 3, 2, 1, 0, 0, 0]], "teacher": {"leaf": "policy_net", "simulations": 20000, "oracle": f: value_play_worker: stored actions don't fit the replayed fight
01:24:43 [270/450] wins 249 vs teacher 236; mean terminal value 0.465 vs 0.436
01:24:53 [280/450] wins 257 vs teacher 244; mean terminal value 0.463 vs 0.434
01:25:00 [290/450] wins 266 vs teacher 254; mean terminal value 0.463 vs 0.436
01:25:11 [300/450] wins 273 vs teacher 261; mean terminal value 0.459 vs 0.432
01:25:17 episode 47504781750506 skipped: replay diverged from the stored fight: ctions": [[1, 0, 2, 0, 0, 0, 0, 3, 0, 0, 1], [0, 0, 2, 0, 0, 0, 1, 1, 1, 1, 0, 1, 0, 1, 0, 1, 1, 0, 0, 0, 2], [2, 2, 1, 0, 4, 0], [8, 1, 0, 2, 3, 1, 0, 2, 1, 3, 0, 3, 0, 1, 3, 3], [12, 12, 5, 4, 0, 0, 0, 1, 0, 7], [1, 0, 0, 0, 4, 4, 0, : value_play_worker: stored actions don't fit the replayed fight
01:25:18 [310/450] wins 282 vs teacher 270; mean terminal value 0.458 vs 0.432
01:25:30 [320/450] wins 290 vs teacher 279; mean terminal value 0.456 vs 0.431
01:25:45 [330/450] wins 299 vs teacher 287; mean terminal value 0.455 vs 0.430
01:25:48 episode 47504781829504 skipped: replay diverged from the stored fight: ctions": [[0, 2, 1, 0, 0, 3, 0, 0, 1], [1, 1, 2, 2, 0, 1, 1, 3, 1, 0], [2, 0, 1, 1, 2, 2, 3, 1, 2, 0], [5, 5, 0, 1, 2, 1, 0, 0, 1, 1, 1, 2, 1, 0]], "teacher": {"leaf": "policy_net", "simulations": 20000, "oracle": false, "random_move": : value_play_worker: stored actions don't fit the replayed fight
01:25:48 episode 47504781836504 skipped: replay diverged from the stored fight: ctions": [[1, 0, 0, 2, 1, 0, 0, 1], [3, 0, 0, 1, 0, 0, 0, 1, 0, 0, 0, 0, 0, 0, 0, 0, 0, 1], [1, 1, 1, 0, 1, 0, 1, 1, 3, 2, 1, 1, 1, 1], [3, 3, 1, 1, 2, 4, 0, 1, 0, 0, 0, 0, 0]], "teacher": {"leaf": "policy_net", "simulations": 20000, "o: value_play_worker: stored actions don't fit the replayed fight
01:25:49 [340/450] wins 308 vs teacher 296; mean terminal value 0.456 vs 0.431
01:25:55 [350/450] wins 317 vs teacher 305; mean terminal value 0.458 vs 0.433
01:25:58 episode 47504781845507 skipped: replay diverged from the stored fight: episode 47504781845507: replayed start differs from the stored fight on ['starting_hp', 'global_numeric']
01:26:00 episode 47504781901507 skipped: replay diverged from the stored fight: : [[1, 0, 0, 0, 1, 0, 0, 0, 2, 3, 1, 0, 0, 2, 0], [1, 1, 3, 0, 1, 0, 0, 0, 0, 0, 1], [5], [0, 0, 0, 0, 1, 1, 1, 0, 1, 0, 0, 0, 2, 0, 0, 1], [2, 0, 0, 1, 1, 0, 0, 1, 0, 0, 0], [4, 5, 2, 0, 2, 0, 2, 1, 0, 1, 1, 2, 0, 1, 1, 0, 1, 2,: value_play_worker: replayed fight didn't end after its stored actions
01:26:00 [360/450] wins 327 vs teacher 314; mean terminal value 0.460 vs 0.434
01:26:06 episode 47504781927504 skipped: replay diverged from the stored fight: : [[1, 3, 0, 0, 1, 1, 1, 0], [1, 1, 0, 0, 0, 0, 1, 0, 0, 2, 2, 3, 0], [1, 2, 2, 0, 1, 2, 3, 0, 0, 0, 0, 1], [7]], "teacher": {"leaf": "policy_net", "simulations": 20000, "oracle": false, "random_move": false, "prior_floor": 0.03,: value_play_worker: replayed fight didn't end after its stored actions
01:26:13 [370/450] wins 336 vs teacher 323; mean terminal value 0.461 vs 0.435
01:26:18 [380/450] wins 344 vs teacher 332; mean terminal value 0.459 vs 0.436
01:26:20 episode 47504781948507 skipped: replay diverged from the stored fight: episode 47504781948507: replayed start differs from the stored fight on ['starting_hp', 'global_numeric']
01:26:28 [390/450] wins 353 vs teacher 341; mean terminal value 0.460 vs 0.437
01:26:32 episode 47504781976503 skipped: replay diverged from the stored fight: episode 47504781976503: replayed start differs from the stored fight on ['starting_hp', 'global_numeric']
01:26:37 episode 47504782012505 skipped: replay diverged from the stored fight: ctions": [[1, 0, 0, 4, 0, 0], [6, 4, 0, 1, 2, 0, 0, 1, 1, 1, 0, 0, 1], [1, 0, 0, 0, 0, 3, 1, 3, 1, 1, 0, 4, 0, 1, 0, 0, 3, 1], [5, 0, 2, 0, 0, 2, 2, 0, 2], [8, 6, 4, 0, 0, 6, 3, 0, 2, 2, 1, 0, 1]], "teacher": {"leaf": "policy_net", "sim: value_play_worker: stored actions don't fit the replayed fight
01:26:39 [400/450] wins 361 vs teacher 349; mean terminal value 0.459 vs 0.437
01:26:42 episode 47504782027504 skipped: replay diverged from the stored fight: ctions": [[1, 0, 0, 0, 3, 2, 0, 0, 1, 0, 0], [2, 1, 1, 0, 0, 0, 0, 0, 3, 1, 1, 0, 0, 2, 0], [1, 0, 2, 1, 0, 0, 1, 1, 0, 1], [3, 1, 2, 0, 1, 0, 1, 1, 0, 0, 0, 0, 1, 1, 0, 0, 0, 4, 1, 1]], "teacher": {"leaf": "policy_net", "simulations": : value_play_worker: stored actions don't fit the replayed fight
01:26:42 episode 47504782027505 skipped: replay diverged from the stored fight: ctions": [[1, 0, 0, 0, 3, 2, 0, 0, 1, 0, 0], [2, 1, 1, 0, 0, 0, 0, 0, 3, 1, 1, 0, 0, 2, 0], [1, 0, 2, 1, 0, 0, 1, 1, 0, 1], [3, 1, 2, 0, 1, 0, 1, 1, 0, 0, 0, 0, 1, 1, 0, 0, 0, 4, 1, 1], [3, 0, 2, 1, 1, 2, 2, 0, 0, 0, 0, 0, 0, 0, 2, 0]],: value_play_worker: stored actions don't fit the replayed fight
01:26:44 [410/450] wins 371 vs teacher 359; mean terminal value 0.461 vs 0.439
01:26:57 [420/450] wins 378 vs teacher 366; mean terminal value 0.458 vs 0.436
01:27:01 
01:27:01 Summary
01:27:01 -------
01:27:01 teacher:        {"batch": 64, "c_puct": 0.5, "child_min_visits": 50, "early_stop": true, "forced_simulations": 500, "fpu_reduction": 0.05, "leaf": "policy_net", "max_actions": 512, "objective": "won * (35 + hp + 4 * potions) / (56 + root max hp)", "oracle": false, "particles": 8, "prior_floor": 0.03, "random_move": false, "random_window": 24, "simulations": 20000}
01:27:01                             policy_net   teacher
01:27:01 won                                379       367   of 421
01:27:01 terminal value                   0.458     0.436   mean
01:27:01 rows:           27,333
01:27:01 seconds/fight:  9.0
01:27:01 skipped:        29 fights whose replay diverged from the stored fight
01:27:01 wall time:      6.0 min
01:27:01 summary:        /home/sborowsk/project/sts_combat_rl/runs/schema=combat_v3/date=2026-09-28/id=elite-v3-v-elite-v3-t2-c05/out/summary.json
run: done (exit 0) /home/sborowsk/project/sts_combat_rl/runs/schema=combat_v3/date=2026-09-28/id=elite-v3-v-elite-v3-t2-c05
