run: /home/sborowsk/project/sts_combat_rl/runs/schema=combat_v3/date=2026-09-28/id=elite-v3-f-candidate
log: /home/sborowsk/project/sts_combat_rl/runs/schema=combat_v3/date=2026-09-28/id=elite-v3-f-candidate/logs/stdout.log (stderr: /home/sborowsk/project/sts_combat_rl/runs/schema=combat_v3/date=2026-09-28/id=elite-v3-f-candidate/logs/stderr.log)
03:22:20 oracle: off (teacher searches sampled beliefs, fair play)
03:22:20 
03:22:20 Value play
03:22:20 ==========
03:22:20 config:    /home/sborowsk/project/sts_combat_rl/rundecks/elite-v3/configs/rendered/s5-f-candidate-policy.toml
03:22:20 output:    /home/sborowsk/project/sts_combat_rl/runs/schema=combat_v3/date=2026-09-28/id=elite-v3-f-candidate/out
03:22:20 value run: value_net_v1/2026-09-27/elite-v3-t2
03:22:20 weights:   /home/sborowsk/project/sts_combat_rl/runs/schema=combat_v3/date=2026-09-28/id=elite-v3-f-candidate/out/value_weights.bin
03:22:20 data runs: combat_v3/2026-09-26/act1-all-bosses-a20-scaled-search
03:22:20 teacher:   {"leaf": "policy_net", "simulations": 20000, "oracle": false, "random_move": false, "fpu_reduction": 0.05, "c_puct": 1.0, "prior_floor": 0.03, "particles": 8}
03:22:20 fights:    1500 from query "select * from combat_v3\nwhere id = 'act1-all-bosses-a20-scaled-search' and source_episode_id is null and category = 'elite' and run_seed % 10 in (2,3)\n  and episode_id in (\n    select source_episode_id from read_csv_auto('experiments/act-1-combat/2026-09-28-elite-specialist/final_fights.csv'))\n"
03:22:20 workers:   11
03:22:20 worker:    /home/sborowsk/project/sts_combat_rl/runs/schema=combat_v3/date=2026-09-28/id=elite-v3-f-candidate/out/value_play_worker (sha256 a47da578daa80c5a4986fb7b2698a5e9f069df62e648c7e701cb3708fbde0952)
03:22:20 
03:22:20 Each line: the policy_net teacher's replay | the stored teacher's result for the same fight
03:22:20 
03:22:26 episode 47504780840306 skipped: replay diverged from the stored fight: episode 47504780840306: replayed start differs from the stored fight on ['starting_hp', 'global_numeric']
03:22:29 episode 47504780843304 skipped: replay diverged from the stored fight: episode 47504780843304: replayed start differs from the stored fight on ['starting_hp', 'global_numeric']
03:22:36 [10/1500] wins 9 vs teacher 9; mean terminal value 0.458 vs 0.455
03:22:38 episode 47504780853304 skipped: replay diverged from the stored fight: ctions": [[0, 1, 0, 0, 0, 0, 0, 0, 3, 0, 2, 1, 0, 0], [0, 1, 1, 0, 0, 1, 1, 0, 2, 2], [0, 0, 2, 2, 1, 4, 0, 0], [1, 4, 1, 4, 1, 0, 1, 1, 2, 2, 2, 6, 3, 5]], "teacher": {"leaf": "policy_net", "simulations": 20000, "oracle": false, "rando: value_play_worker: stored actions don't fit the replayed fight
03:22:40 episode 47504780851303 skipped: replay diverged from the stored fight: episode 47504780851303: replayed start differs from the stored fight on ['starting_hp', 'global_numeric']
03:22:45 [20/1500] wins 17 vs teacher 18; mean terminal value 0.461 vs 0.473
03:22:57 [30/1500] wins 27 vs teacher 28; mean terminal value 0.472 vs 0.479
03:23:08 [40/1500] wins 37 vs teacher 37; mean terminal value 0.492 vs 0.475
03:23:10 episode 47504780880203 skipped: replay diverged from the stored fight: ctions": [[0, 1, 0, 0, 1, 2, 0, 1, 1, 0, 0, 1], [1, 2, 0, 0, 1, 1, 0, 3, 1, 0, 0, 0, 3, 1], [4, 4, 2, 0, 4, 2, 0, 1, 0, 0, 1, 1]], "teacher": {"leaf": "policy_net", "simulations": 20000, "oracle": false, "random_move": false, "fpu_reduc: value_play_worker: stored actions don't fit the replayed fight
03:23:15 [50/1500] wins 45 vs teacher 45; mean terminal value 0.467 vs 0.452
03:23:26 [60/1500] wins 52 vs teacher 52; mean terminal value 0.454 vs 0.436
03:23:30 episode 47504780903202 skipped: replay diverged from the stored fight: dex": 2, "actions": [[1, 1, 1, 0, 2, 2, 0, 0, 2, 2], [4]], "teacher": {"leaf": "policy_net", "simulations": 20000, "oracle": false, "random_move": false, "fpu_reduction": 0.05, "c_puct": 1.0, "prior_floor": 0.03, "particles": 8}}: value_play_worker: replayed fight didn't end after its stored actions
03:23:30 episode 47504780904205 skipped: replay diverged from the stored fight: ctions": [[1, 3, 4, 0, 0, 1, 1, 1, 0, 2, 2, 0, 0, 0, 1, 1, 0, 1, 1], [0, 1, 0, 1, 2, 1, 1, 2, 1], [2, 1, 1, 4, 5, 1, 2, 1, 1, 3, 1], [2, 1, 1, 2, 1], [0, 2, 0, 2, 1, 0, 2, 1]], "teacher": {"leaf": "policy_net", "simulations": 20000, "or: value_play_worker: stored actions don't fit the replayed fight
03:23:34 [70/1500] wins 61 vs teacher 61; mean terminal value 0.460 vs 0.441
03:23:35 episode 47504780909303 skipped: replay diverged from the stored fight: episode 47504780909303: replayed start differs from the stored fight on ['starting_hp', 'global_numeric', 'cards']
03:23:40 episode 47504780917304 skipped: replay diverged from the stored fight: : [[1, 0, 1, 0, 0, 1, 0, 0, 0, 0, 0, 2, 0], [0, 3, 1, 1, 0, 0, 0, 1, 0, 5, 0], [4], [2, 0, 0, 2, 1, 1, 1, 0, 1]], "teacher": {"leaf": "policy_net", "simulations": 20000, "oracle": false, "random_move": false, "fpu_reduction": 0.0: value_play_worker: replayed fight didn't end after its stored actions
03:23:40 episode 47504780919204 skipped: replay diverged from the stored fight: : [[0, 1, 0, 0, 4, 4, 0, 0, 1], [5], [0, 0, 0, 0, 0, 1, 1, 1, 2, 1], [1, 2, 0, 0, 0, 1, 0, 1, 0, 1, 0, 1, 1, 3, 1, 0, 1, 1, 1, 1, 0, 3, 0, 1, 1]], "teacher": {"leaf": "policy_net", "simulations": 20000, "oracle": false, "random_m: value_play_worker: replayed fight didn't end after its stored actions
03:23:40 episode 47504780919206 skipped: replay diverged from the stored fight: : [[0, 1, 0, 0, 4, 4, 0, 0, 1], [5], [0, 0, 0, 0, 0, 1, 1, 1, 2, 1], [1, 2, 0, 0, 0, 1, 0, 1, 0, 1, 0, 1, 1, 3, 1, 0, 1, 1, 1, 1, 0, 3, 0, 1, 1], [1, 2, 0, 0, 0, 0, 0, 0, 1, 0, 1, 0, 0, 0, 2], [3, 0, 0, 4, 8, 1, 2, 0, 4, 0, 1, 3,: value_play_worker: replayed fight didn't end after its stored actions
03:23:42 [80/1500] wins 69 vs teacher 67; mean terminal value 0.447 vs 0.421
03:23:51 episode 47504780927203 skipped: replay diverged from the stored fight: : [[0, 0, 0, 0, 1, 1, 0, 1, 0], [0, 2, 0, 0, 3, 1, 0, 0, 0], [4]], "teacher": {"leaf": "policy_net", "simulations": 20000, "oracle": false, "random_move": false, "fpu_reduction": 0.05, "c_puct": 1.0, "prior_floor": 0.03, "particl: value_play_worker: replayed fight didn't end after its stored actions
03:23:53 [90/1500] wins 79 vs teacher 77; mean terminal value 0.454 vs 0.428
03:24:01 episode 47504780936207 skipped: replay diverged from the stored fight: : [[0, 1, 1, 0, 0, 0, 0, 1, 1], [1, 0, 1, 0, 0, 1, 1, 1, 0, 0], [5], [2, 1, 0, 2, 0, 1, 0, 0, 0], [1, 2, 0, 0, 1], [1, 0, 0, 0, 0, 0, 0, 1], [0, 1, 0, 0, 2, 0, 2, 2, 1, 0, 2]], "teacher": {"leaf": "policy_net", "simulations": 200: value_play_worker: replayed fight didn't end after its stored actions
03:24:04 [100/1500] wins 89 vs teacher 87; mean terminal value 0.463 vs 0.440
03:24:11 [110/1500] wins 99 vs teacher 96; mean terminal value 0.466 vs 0.442
03:24:22 [120/1500] wins 109 vs teacher 105; mean terminal value 0.468 vs 0.442
03:24:33 episode 47504780961304 skipped: replay diverged from the stored fight: ctions": [[0, 0, 0, 1, 1, 1, 0, 0, 1, 2, 0, 0, 1, 3], [0, 1, 1, 0, 0, 0, 0, 0, 0, 0, 0, 0, 0, 1, 0, 1, 3], [4, 2, 5, 0, 1, 0, 1, 1, 1, 0, 1, 0, 1, 0], [14]], "teacher": {"leaf": "policy_net", "simulations": 20000, "oracle": false, "rand: value_play_worker: stored actions don't fit the replayed fight
03:24:33 episode 47504780961306 skipped: replay diverged from the stored fight: ctions": [[0, 0, 0, 1, 1, 1, 0, 0, 1, 2, 0, 0, 1, 3], [0, 1, 1, 0, 0, 0, 0, 0, 0, 0, 0, 0, 0, 1, 0, 1, 3], [4, 2, 5, 0, 1, 0, 1, 1, 1, 0, 1, 0, 1, 0], [14], [0, 1, 0, 0, 1, 1, 2, 0, 1, 0, 2, 0, 1, 1, 1, 0, 1, 2], [0, 0, 0, 2, 2, 0, 1, 1: value_play_worker: stored actions don't fit the replayed fight
03:24:39 [130/1500] wins 118 vs teacher 114; mean terminal value 0.468 vs 0.444
03:24:40 episode 47504780965204 skipped: replay diverged from the stored fight: ctions": [[1, 0, 0, 0, 1, 2, 1, 0, 1, 2, 2, 3, 1, 1, 1], [2, 2, 0, 2, 0, 0, 0, 1, 2, 0, 0, 2, 2, 1], [0, 2, 1, 3, 0, 2, 2, 0, 1, 0, 0, 0, 3, 0, 2, 2, 1, 3], [6, 0, 5, 2, 2, 0, 0, 1, 0, 5, 0, 3, 0, 0, 0, 0, 3, 2, 0, 0, 2, 0, 0, 4, 4, 0, : value_play_worker: stored actions don't fit the replayed fight
03:24:43 episode 47504780957205 skipped: replay diverged from the stored fight: episode 47504780957205: replayed start differs from the stored fight on ['starting_hp', 'global_numeric']
03:24:44 episode 47504780967205 skipped: replay diverged from the stored fight: ctions": [[1, 1, 2, 0, 4, 1, 0, 0, 0, 2, 2, 0, 0, 1, 1, 0, 0, 0, 1], [0, 0, 0, 1, 2, 0, 0, 0, 2, 0, 0, 3, 3], [1, 1, 1, 1, 1, 2, 3, 2, 3, 0, 0, 1, 0, 0, 0, 1, 1, 0, 3, 3], [0, 4, 2, 0, 0, 0, 0, 0, 0, 0, 0, 1, 1, 0, 0, 1], [0, 0, 0, 0, 0: value_play_worker: stored actions don't fit the replayed fight
03:24:48 [140/1500] wins 127 vs teacher 122; mean terminal value 0.464 vs 0.438
03:24:58 [150/1500] wins 137 vs teacher 132; mean terminal value 0.465 vs 0.441
03:25:01 episode 47504780985303 skipped: replay diverged from the stored fight: ctions": [[4, 0, 2, 0, 2, 2, 0, 0, 0, 1, 0, 2], [0, 0, 1, 0, 0, 1, 0, 0, 1], [0, 0, 0, 1, 0, 0, 1, 0, 2, 0, 1, 0, 1, 1, 1]], "teacher": {"leaf": "policy_net", "simulations": 20000, "oracle": false, "random_move": false, "fpu_reduction":: value_play_worker: stored actions don't fit the replayed fight
03:25:02 episode 47504780990205 skipped: replay diverged from the stored fight: ctions": [[2, 0, 1, 0, 0, 0, 0, 1, 1, 1], [0, 1, 1, 0, 4, 3, 0, 0, 1, 1, 1, 0, 0, 0, 0, 0, 1, 0, 1, 0, 1], [1, 0, 1, 4, 2, 0, 1, 1, 1], [6, 6, 0, 0, 0, 0, 0, 3, 3, 0, 5, 1, 4, 0, 0, 0, 0, 0, 0, 0, 0, 0, 0, 1], [1, 0, 0, 0, 0, 0, 1, 1, 0: value_play_worker: stored actions don't fit the replayed fight
03:25:08 [160/1500] wins 145 vs teacher 140; mean terminal value 0.466 vs 0.444
03:25:19 [170/1500] wins 155 vs teacher 150; mean terminal value 0.468 vs 0.448
03:25:26 episode 47504781004306 skipped: replay diverged from the stored fight: : [[0, 0, 0, 0, 0, 0, 0, 1, 1], [1, 0, 0, 0, 1, 0, 0, 4, 0], [0, 2, 1, 0, 0, 1, 0, 1, 0, 0, 1, 0], [6, 0, 0, 1, 1, 2, 0, 0, 2, 3, 2, 0], [0, 2, 2, 0, 1, 0, 0, 0, 2, 0, 0], [3]], "teacher": {"leaf": "policy_net", "simulations": 20: value_play_worker: replayed fight didn't end after its stored actions
03:25:27 episode 47504781005303 skipped: replay diverged from the stored fight: : [[2, 0, 0, 0, 1, 0, 0, 2, 2, 1, 0, 0, 1, 1, 0, 1, 1], [1, 1, 2, 1, 0, 0, 0, 0, 0, 0], [7]], "teacher": {"leaf": "policy_net", "simulations": 20000, "oracle": false, "random_move": false, "fpu_reduction": 0.05, "c_puct": 1.0, "p: value_play_worker: replayed fight didn't end after its stored actions
03:25:28 [180/1500] wins 163 vs teacher 158; mean terminal value 0.467 vs 0.446
03:25:41 [190/1500] wins 173 vs teacher 167; mean terminal value 0.469 vs 0.447
03:25:47 episode 47504781015304 skipped: replay diverged from the stored fight: episode 47504781015304: replayed start differs from the stored fight on ['starting_hp', 'global_numeric']
03:25:50 [200/1500] wins 183 vs teacher 177; mean terminal value 0.468 vs 0.447
03:25:52 episode 47504781022303 skipped: replay diverged from the stored fight: : [[4, 4, 0, 0, 1, 1, 0, 0, 2, 2, 0, 0, 0, 0, 0, 0, 0], [3], [1, 0, 0, 0, 0, 0, 0, 2, 2, 0]], "teacher": {"leaf": "policy_net", "simulations": 20000, "oracle": false, "random_move": false, "fpu_reduction": 0.05, "c_puct": 1.0, "p: value_play_worker: replayed fight didn't end after its stored actions
03:26:01 [210/1500] wins 192 vs teacher 186; mean terminal value 0.467 vs 0.447
03:26:01 episode 47504781032304 skipped: replay diverged from the stored fight: ctions": [[1, 1, 1, 0, 0, 1, 0, 0, 1, 1], [2, 0, 1, 0, 0, 2, 2, 0, 0, 2, 2, 0, 0, 0, 0], [1, 0, 1, 0, 1, 1, 2, 1, 1, 0, 0, 0, 0, 0], [1, 0, 1, 1, 0, 0, 2, 2, 0, 1]], "teacher": {"leaf": "policy_net", "simulations": 20000, "oracle": fals: value_play_worker: stored actions don't fit the replayed fight
03:26:06 [220/1500] wins 200 vs teacher 194; mean terminal value 0.463 vs 0.444
03:26:18 [230/1500] wins 210 vs teacher 204; mean terminal value 0.468 vs 0.450
03:26:25 episode 47504781051205 skipped: replay diverged from the stored fight: episode 47504781051205: replayed start differs from the stored fight on ['starting_hp', 'global_numeric']
03:26:25 episode 47504781054204 skipped: replay diverged from the stored fight: ctions": [[2, 0, 2, 0, 0, 0, 0, 0, 1], [2, 0, 0, 0, 1, 0, 0, 1, 2, 2, 0, 1, 1], [4, 0, 0, 1, 0, 3, 2, 0, 0, 2, 0], [1, 4, 1, 0, 0, 3, 0, 0, 0, 3, 2, 2]], "teacher": {"leaf": "policy_net", "simulations": 20000, "oracle": false, "random_m: value_play_worker: stored actions don't fit the replayed fight
03:26:25 episode 47504781055205 skipped: replay diverged from the stored fight: ctions": [[1, 1, 0, 1, 0, 0, 0, 0, 1, 1], [0, 0, 0, 1, 1, 2, 3, 2, 0, 1, 1, 1], [2], [0, 5, 0, 2, 0], [1, 0, 1, 1, 3, 3, 0, 2, 0]], "teacher": {"leaf": "policy_net", "simulations": 20000, "oracle": false, "random_move": false, "fpu_redu: value_play_worker: stored actions don't fit the replayed fight
03:26:27 episode 47504781056304 skipped: replay diverged from the stored fight: episode 47504781056304: replayed start differs from the stored fight on ['starting_hp', 'global_numeric']
03:26:30 [240/1500] wins 219 vs teacher 212; mean terminal value 0.467 vs 0.448
03:26:37 [250/1500] wins 225 vs teacher 220; mean terminal value 0.460 vs 0.444
03:26:42 [260/1500] wins 235 vs teacher 229; mean terminal value 0.463 vs 0.445
03:26:43 episode 47504781078206 skipped: replay diverged from the stored fight: : [[6, 3, 1, 0, 1, 0, 1, 0, 1, 1, 0, 0, 0, 1, 1], [2, 0, 0, 0, 1, 1, 0, 0, 0, 0, 1, 0, 0, 0, 0, 1, 2], [0, 3, 2, 0, 1, 1, 0, 0, 0, 2, 2], [0, 2, 1, 1, 0, 1, 0, 4, 1, 1, 0, 3, 0, 1, 0, 1, 2, 2, 3, 0, 0, 0, 0, 1, 0], [5, 4, 1, 0, 2: value_play_worker: replayed fight didn't end after its stored actions
03:26:43 episode 47504781079304 skipped: replay diverged from the stored fight: : [[0, 1, 0, 0, 0, 0, 0, 1, 2, 1], [1, 4], [3, 2, 0, 0, 1, 2, 0, 0, 1, 2], [1, 0, 0, 0, 0, 0, 1, 1, 0, 0, 0, 0]], "teacher": {"leaf": "policy_net", "simulations": 20000, "oracle": false, "random_move": false, "fpu_reduction": 0.0: value_play_worker: replayed fight didn't end after its stored actions
03:26:53 [270/1500] wins 245 vs teacher 238; mean terminal value 0.464 vs 0.445
03:26:59 [280/1500] wins 255 vs teacher 248; mean terminal value 0.466 vs 0.447
03:27:09 [290/1500] wins 264 vs teacher 258; mean terminal value 0.467 vs 0.450
03:27:16 [300/1500] wins 274 vs teacher 268; mean terminal value 0.470 vs 0.452
03:27:16 episode 47504781109203 skipped: replay diverged from the stored fight: : [[0, 2, 0, 1, 1, 2, 0, 0, 1, 0, 2, 1], [0, 0, 0, 0, 0, 0, 0, 1, 1, 0, 0, 1, 1, 0, 0], [5]], "teacher": {"leaf": "policy_net", "simulations": 20000, "oracle": false, "random_move": false, "fpu_reduction": 0.05, "c_puct": 1.0, "p: value_play_worker: replayed fight didn't end after its stored actions
03:27:28 episode 47504781108204 skipped: replay diverged from the stored fight: episode 47504781108204: replayed start differs from the stored fight on ['starting_hp', 'global_numeric']
03:27:30 [310/1500] wins 283 vs teacher 277; mean terminal value 0.470 vs 0.452
03:27:38 [320/1500] wins 293 vs teacher 286; mean terminal value 0.471 vs 0.453
03:27:44 [330/1500] wins 302 vs teacher 296; mean terminal value 0.472 vs 0.454
03:27:51 [340/1500] wins 310 vs teacher 304; mean terminal value 0.470 vs 0.452
03:28:06 [350/1500] wins 319 vs teacher 312; mean terminal value 0.469 vs 0.451
03:28:18 [360/1500] wins 327 vs teacher 320; mean terminal value 0.468 vs 0.450
03:28:32 [370/1500] wins 334 vs teacher 327; mean terminal value 0.465 vs 0.447
03:28:42 [380/1500] wins 342 vs teacher 335; mean terminal value 0.463 vs 0.446
03:28:52 [390/1500] wins 351 vs teacher 344; mean terminal value 0.464 vs 0.446
03:29:00 [400/1500] wins 361 vs teacher 354; mean terminal value 0.466 vs 0.449
03:29:01 episode 47504781187306 skipped: replay diverged from the stored fight: : [[1, 1, 0, 0, 0, 1, 0, 1, 1, 0, 0, 0, 1, 1, 0, 0], [4], [0, 2, 0, 1, 1, 0, 1, 0, 1], [1, 3, 3, 0, 0, 0, 0, 0, 0], [3, 2, 1, 0], [5, 0, 0, 0, 2, 3, 0, 1, 0, 1, 1, 0, 1]], "teacher": {"leaf": "policy_net", "simulations": 20000, ": value_play_worker: replayed fight didn't end after its stored actions
03:29:10 [410/1500] wins 371 vs teacher 362; mean terminal value 0.467 vs 0.447
03:29:17 episode 47504781200205 skipped: replay diverged from the stored fight: ctions": [[2, 0, 1, 0, 2, 2, 1, 1, 0], [0, 4, 4, 2, 4, 0, 1, 0, 1, 1, 1, 1], [2, 0, 2, 0, 0, 0, 2, 0, 3, 5, 0, 6], [0, 3, 3, 0, 2, 2, 2, 2, 1, 1, 1, 1, 1, 1, 3, 5, 2], [0, 4, 1, 1, 0, 2, 0, 0, 0, 1, 0, 0, 2, 2, 1, 0, 0, 1, 0, 0, 0, 0]],: value_play_worker: stored actions don't fit the replayed fight
03:29:18 [420/1500] wins 379 vs teacher 370; mean terminal value 0.466 vs 0.447
03:29:29 [430/1500] wins 389 vs teacher 380; mean terminal value 0.467 vs 0.449
03:29:40 [440/1500] wins 398 vs teacher 388; mean terminal value 0.468 vs 0.448
03:29:42 episode 47504781217305 skipped: replay diverged from the stored fight: episode 47504781217305: replayed start differs from the stored fight on ['starting_hp', 'global_numeric']
03:29:49 episode 47504781199204 skipped: replay diverged from the stored fight: episode 47504781199204: replayed start differs from the stored fight on ['starting_hp', 'global_numeric']
03:29:49 [450/1500] wins 408 vs teacher 398; mean terminal value 0.469 vs 0.450
03:29:57 [460/1500] wins 418 vs teacher 408; mean terminal value 0.471 vs 0.451
03:30:06 [470/1500] wins 428 vs teacher 418; mean terminal value 0.471 vs 0.452
03:30:14 [480/1500] wins 437 vs teacher 427; mean terminal value 0.473 vs 0.453
03:30:19 episode 47504781256202 skipped: replay diverged from the stored fight: episode 47504781256202: replayed start differs from the stored fight on ['starting_hp', 'global_numeric']
03:30:20 episode 47504781249205 skipped: replay diverged from the stored fight: episode 47504781249205: replayed start differs from the stored fight on ['starting_hp', 'global_numeric']
03:30:22 episode 47504781260203 skipped: replay diverged from the stored fight: : [[3, 4, 0, 0, 3, 1, 1, 0, 0], [0, 1, 1, 0, 1, 2, 0], [4]], "teacher": {"leaf": "policy_net", "simulations": 20000, "oracle": false, "random_move": false, "fpu_reduction": 0.05, "c_puct": 1.0, "prior_floor": 0.03, "particles": 8: value_play_worker: replayed fight didn't end after its stored actions
03:30:22 [490/1500] wins 445 vs teacher 435; mean terminal value 0.471 vs 0.451
03:30:30 [500/1500] wins 455 vs teacher 445; mean terminal value 0.472 vs 0.452
03:30:40 [510/1500] wins 464 vs teacher 455; mean terminal value 0.472 vs 0.453
03:30:49 [520/1500] wins 471 vs teacher 461; mean terminal value 0.469 vs 0.450
03:30:59 [530/1500] wins 480 vs teacher 471; mean terminal value 0.470 vs 0.450
03:31:13 [540/1500] wins 488 vs teacher 478; mean terminal value 0.468 vs 0.448
03:31:25 [550/1500] wins 496 vs teacher 486; mean terminal value 0.467 vs 0.447
03:31:37 [560/1500] wins 506 vs teacher 496; mean terminal value 0.469 vs 0.450
03:31:45 [570/1500] wins 516 vs teacher 505; mean terminal value 0.469 vs 0.450
03:31:58 [580/1500] wins 526 vs teacher 514; mean terminal value 0.471 vs 0.451
03:32:04 [590/1500] wins 536 vs teacher 523; mean terminal value 0.471 vs 0.450
03:32:15 [600/1500] wins 546 vs teacher 532; mean terminal value 0.473 vs 0.451
03:32:15 episode 47504781345205 skipped: replay diverged from the stored fight: : [[4, 4, 1, 0, 3, 2, 1, 0, 1], [0, 0, 0, 0, 1, 0, 3, 3, 0, 2], [1, 1, 0, 1, 2, 1, 2, 1, 1, 1, 1, 0, 0, 0, 3, 1, 0, 1, 1, 1, 0, 0, 2, 2, 0, 2, 0, 0], [0, 0, 0, 0, 3, 3, 0, 0, 1, 2, 0, 2, 0, 0, 0, 0, 2, 0, 0, 0, 0, 0, 1, 1, 0, 0],: value_play_worker: replayed fight didn't end after its stored actions
03:32:22 [610/1500] wins 555 vs teacher 541; mean terminal value 0.473 vs 0.452
03:32:36 [620/1500] wins 565 vs teacher 551; mean terminal value 0.473 vs 0.452
03:32:42 episode 47504781367205 skipped: replay diverged from the stored fight: episode 47504781367205: replayed start differs from the stored fight on ['starting_hp', 'global_numeric']
03:32:46 [630/1500] wins 575 vs teacher 559; mean terminal value 0.473 vs 0.451
03:32:48 episode 47504781361205 skipped: replay diverged from the stored fight: episode 47504781361205: replayed start differs from the stored fight on ['starting_hp', 'global_numeric']
03:32:57 [640/1500] wins 583 vs teacher 567; mean terminal value 0.471 vs 0.449
03:33:07 [650/1500] wins 593 vs teacher 576; mean terminal value 0.472 vs 0.449
03:33:18 [660/1500] wins 602 vs teacher 584; mean terminal value 0.472 vs 0.449
03:33:26 [670/1500] wins 612 vs teacher 592; mean terminal value 0.472 vs 0.449
03:33:35 [680/1500] wins 622 vs teacher 601; mean terminal value 0.472 vs 0.449
03:33:49 [690/1500] wins 631 vs teacher 608; mean terminal value 0.472 vs 0.447
03:33:59 [700/1500] wins 640 vs teacher 617; mean terminal value 0.471 vs 0.447
03:34:07 [710/1500] wins 646 vs teacher 623; mean terminal value 0.470 vs 0.445
03:34:13 episode 47504781445304 skipped: replay diverged from the stored fight: ctions": [[2, 1, 2, 0, 4, 3, 1, 0, 2, 3, 0, 0, 0, 0, 1, 0, 0, 1, 0, 0, 0], [0, 1, 0, 0, 0, 0, 0], [7, 0, 1, 0], [0, 1, 0, 1, 1, 0, 0, 0, 0, 0, 0]], "teacher": {"leaf": "policy_net", "simulations": 20000, "oracle": false, "random_move": : value_play_worker: stored actions don't fit the replayed fight
03:34:15 episode 47504781453204 skipped: replay diverged from the stored fight: ctions": [[1, 0, 0, 1, 1, 1, 0, 1, 1, 0, 0, 0], [1, 0, 0, 1, 1, 1, 0, 0, 0], [3, 0, 0, 0, 1, 0, 0, 0, 0], [1, 0, 1, 2, 2, 1, 0, 0, 1, 0, 0, 0]], "teacher": {"leaf": "policy_net", "simulations": 20000, "oracle": false, "random_move": fal: value_play_worker: stored actions don't fit the replayed fight
03:34:16 [720/1500] wins 655 vs teacher 631; mean terminal value 0.469 vs 0.445
03:34:23 episode 47504781449306 skipped: replay diverged from the stored fight: episode 47504781449306: replayed start differs from the stored fight on ['starting_hp', 'global_numeric']
03:34:27 [730/1500] wins 665 vs teacher 641; mean terminal value 0.470 vs 0.446
03:34:29 episode 47504781463304 skipped: replay diverged from the stored fight: : [[0, 0, 0, 0, 1, 2, 1, 1], [0, 0, 0, 0, 1, 1, 0, 1, 1], [8], [0, 0, 1, 0, 1, 0, 0, 1, 2, 1, 0, 1]], "teacher": {"leaf": "policy_net", "simulations": 20000, "oracle": false, "random_move": false, "fpu_reduction": 0.05, "c_puct":: value_play_worker: replayed fight didn't end after its stored actions
03:34:35 [740/1500] wins 675 vs teacher 651; mean terminal value 0.471 vs 0.447
03:34:50 [750/1500] wins 684 vs teacher 661; mean terminal value 0.471 vs 0.447
03:34:59 [760/1500] wins 692 vs teacher 669; mean terminal value 0.470 vs 0.446
03:35:11 [770/1500] wins 702 vs teacher 679; mean terminal value 0.470 vs 0.447
03:35:20 episode 47504781492205 skipped: replay diverged from the stored fight: episode 47504781492205: replayed start differs from the stored fight on ['starting_hp', 'global_numeric']
03:35:24 [780/1500] wins 710 vs teacher 687; mean terminal value 0.470 vs 0.447
03:35:35 [790/1500] wins 720 vs teacher 696; mean terminal value 0.470 vs 0.447
03:35:35 episode 47504781502307 skipped: replay diverged from the stored fight: episode 47504781502307: replayed start differs from the stored fight on ['starting_hp', 'global_numeric']
03:35:44 [800/1500] wins 727 vs teacher 704; mean terminal value 0.469 vs 0.446
03:35:51 [810/1500] wins 737 vs teacher 714; mean terminal value 0.469 vs 0.446
03:36:01 episode 47504781539204 skipped: replay diverged from the stored fight: : [[3, 1, 0, 0, 1, 0, 0, 1, 0, 1, 0], [0, 2, 1, 0, 0, 1, 0, 0, 0, 2, 1, 0], [6], [0, 2, 0, 2, 0, 2, 2, 0, 0, 0, 0, 0, 1, 0, 1, 0, 0, 0, 1, 1]], "teacher": {"leaf": "policy_net", "simulations": 20000, "oracle": false, "random_move: value_play_worker: replayed fight didn't end after its stored actions
03:36:01 episode 47504781539207 skipped: replay diverged from the stored fight: : [[3, 1, 0, 0, 1, 0, 0, 1, 0, 1, 0], [0, 2, 1, 0, 0, 1, 0, 0, 0, 2, 1, 0], [6], [0, 2, 0, 2, 0, 2, 2, 0, 0, 0, 0, 0, 1, 0, 1, 0, 0, 0, 1, 1], [0, 3, 5, 3, 0, 4, 2, 0, 0, 0, 2, 2, 3, 0, 4, 2, 2, 0, 0, 0, 0, 1, 0, 0, 2, 0, 0, 0, 1: value_play_worker: replayed fight didn't end after its stored actions
03:36:02 [820/1500] wins 746 vs teacher 723; mean terminal value 0.468 vs 0.446
03:36:11 [830/1500] wins 755 vs teacher 732; mean terminal value 0.468 vs 0.446
03:36:19 [840/1500] wins 764 vs teacher 742; mean terminal value 0.468 vs 0.447
03:36:25 episode 47504781564206 skipped: replay diverged from the stored fight: : [[1, 2, 0, 1, 1, 2, 1, 1], [4, 5], [4, 5, 2, 1, 0, 2, 3, 1, 1, 1, 1, 1, 1, 2, 2], [1, 1, 1, 1, 0, 0, 0, 0, 0], [9], [5, 0, 0, 0, 0, 0, 0, 1, 1, 0, 2, 0]], "teacher": {"leaf": "policy_net", "simulations": 20000, "oracle": false,: value_play_worker: replayed fight didn't end after its stored actions
03:36:29 episode 47504781566203 skipped: replay diverged from the stored fight: : [[3, 3, 1, 0, 2, 2, 0, 0, 1, 2, 1, 0, 2], [0, 2, 0, 0, 1, 0, 0, 0, 0, 0, 2], [5]], "teacher": {"leaf": "policy_net", "simulations": 20000, "oracle": false, "random_move": false, "fpu_reduction": 0.05, "c_puct": 1.0, "prior_floo: value_play_worker: replayed fight didn't end after its stored actions
03:36:29 episode 47504781566204 skipped: replay diverged from the stored fight: : [[3, 3, 1, 0, 2, 2, 0, 0, 1, 2, 1, 0, 2], [0, 2, 0, 0, 1, 0, 0, 0, 0, 0, 2], [5], [3, 0, 0, 3, 3, 0, 0, 1, 1, 1, 0, 8, 1, 0, 1, 0, 0, 3, 1, 0, 0, 0, 0, 0, 2, 0]], "teacher": {"leaf": "policy_net", "simulations": 20000, "oracle": value_play_worker: replayed fight didn't end after its stored actions
03:36:31 [850/1500] wins 773 vs teacher 752; mean terminal value 0.468 vs 0.447
03:36:43 [860/1500] wins 782 vs teacher 762; mean terminal value 0.468 vs 0.447
03:36:52 [870/1500] wins 791 vs teacher 771; mean terminal value 0.468 vs 0.447
03:37:02 episode 47504781570206 skipped: replay diverged from the stored fight: episode 47504781570206: replayed start differs from the stored fight on ['starting_hp', 'global_numeric']
03:37:03 [880/1500] wins 800 vs teacher 780; mean terminal value 0.468 vs 0.447
03:37:04 episode 47504781595203 skipped: replay diverged from the stored fight: ctions": [[0, 0, 1, 0, 0, 0, 0, 0, 1, 0, 0, 1, 1, 0, 0, 1, 1, 1, 0, 0, 0], [4, 2, 2, 0, 2, 0, 0, 1, 2, 2, 0, 0, 0, 0], [0, 2, 1, 4, 3, 1, 2, 0, 1, 1]], "teacher": {"leaf": "policy_net", "simulations": 20000, "oracle": false, "random_mov: value_play_worker: stored actions don't fit the replayed fight
03:37:11 [890/1500] wins 810 vs teacher 790; mean terminal value 0.469 vs 0.448
03:37:22 [900/1500] wins 820 vs teacher 800; mean terminal value 0.469 vs 0.449
03:37:30 episode 47504781583204 skipped: replay diverged from the stored fight: episode 47504781583204: replayed start differs from the stored fight on ['starting_hp', 'global_numeric']
03:37:30 episode 47504781611203 skipped: replay diverged from the stored fight: ctions": [[6, 0, 0, 1, 3, 2, 0, 0, 0], [0, 0, 3, 0, 0, 2, 2, 0, 1, 1], [2, 2, 0, 2, 2, 2, 3, 1, 0, 2, 2, 2, 0, 0, 2, 2, 2]], "teacher": {"leaf": "policy_net", "simulations": 20000, "oracle": false, "random_move": false, "fpu_reduction":: value_play_worker: stored actions don't fit the replayed fight
03:37:31 episode 47504781608304 skipped: replay diverged from the stored fight: episode 47504781608304: replayed start differs from the stored fight on ['starting_hp', 'global_numeric']
03:37:36 episode 47504781608306 skipped: replay diverged from the stored fight: episode 47504781608306: replayed start differs from the stored fight on ['starting_hp', 'global_numeric']
03:37:42 [910/1500] wins 830 vs teacher 810; mean terminal value 0.470 vs 0.450
03:37:43 episode 47504781615204 skipped: replay diverged from the stored fight: episode 47504781615204: replayed start differs from the stored fight on ['starting_hp', 'global_numeric']
03:37:51 [920/1500] wins 839 vs teacher 819; mean terminal value 0.470 vs 0.451
03:37:59 [930/1500] wins 848 vs teacher 828; mean terminal value 0.471 vs 0.452
03:37:59 episode 47504781635304 skipped: replay diverged from the stored fight: ctions": [[3, 0, 1, 0, 0, 3, 3, 0, 0, 0, 1, 0, 1, 0, 1, 2], [0, 1, 2, 0, 0, 0, 0, 2, 2, 0, 0, 0, 1], [0, 3, 3, 1, 0, 1, 0, 1, 2, 1, 0, 1, 0, 0, 0, 0], [0, 8, 2, 2, 2, 1, 1, 3, 3, 1, 2, 1, 2, 1, 1, 1, 3, 2, 2, 1, 1, 2, 1, 0, 1, 2, 0]], ": value_play_worker: stored actions don't fit the replayed fight
03:38:04 episode 47504781637304 skipped: replay diverged from the stored fight: episode 47504781637304: replayed start differs from the stored fight on ['starting_hp', 'global_numeric']
03:38:11 [940/1500] wins 858 vs teacher 838; mean terminal value 0.471 vs 0.452
03:38:21 episode 47504781647303 skipped: replay diverged from the stored fight: ctions": [[0, 1, 1, 0, 0, 1, 0, 0, 0, 0, 0, 0], [1, 6, 2, 0, 1, 0, 1], [3, 0, 1, 0, 1, 0]], "teacher": {"leaf": "policy_net", "simulations": 20000, "oracle": false, "random_move": false, "fpu_reduction": 0.05, "c_puct": 1.0, "prior_floo: value_play_worker: stored actions don't fit the replayed fight
03:38:21 [950/1500] wins 868 vs teacher 848; mean terminal value 0.471 vs 0.452
03:38:29 [960/1500] wins 878 vs teacher 858; mean terminal value 0.471 vs 0.452
03:38:31 episode 47504781658305 skipped: replay diverged from the stored fight: : [[0, 1, 0, 0, 0, 0, 1, 0, 0, 0, 0], [2, 3, 0, 1, 0, 1, 0, 1, 0, 0, 0, 0, 1, 2, 0, 0, 3, 3, 0, 2], [0, 6, 0, 0, 0, 0, 0, 4, 0, 1, 0], [1, 4, 3, 1, 1, 1, 1, 0, 1, 0, 2, 0, 1, 0], [1, 4, 0, 1, 1, 0, 0, 2, 1, 1, 1, 0, 0, 1, 1]], "t: value_play_worker: replayed fight didn't end after its stored actions
03:38:37 episode 47504781664303 skipped: replay diverged from the stored fight: episode 47504781664303: replayed start differs from the stored fight on ['starting_hp', 'global_numeric']
03:38:37 [970/1500] wins 888 vs teacher 868; mean terminal value 0.472 vs 0.453
03:38:39 episode 47504781668205 skipped: replay diverged from the stored fight: ctions": [[2, 1, 2, 1, 0, 0, 1, 2, 2, 0, 0, 0], [1, 4, 1, 2, 1, 1, 0, 1, 0, 0], [0, 2, 0, 0, 2], [3, 2, 0, 1, 11, 0], [6, 4, 4, 1, 1, 4, 4, 5, 5, 1]], "teacher": {"leaf": "policy_net", "simulations": 20000, "oracle": false, "random_move: value_play_worker: stored actions don't fit the replayed fight
03:38:47 episode 47504781671204 skipped: replay diverged from the stored fight: episode 47504781671204: replayed start differs from the stored fight on ['starting_hp', 'global_numeric']
03:38:49 [980/1500] wins 897 vs teacher 877; mean terminal value 0.471 vs 0.453
03:38:53 [990/1500] wins 905 vs teacher 885; mean terminal value 0.471 vs 0.452
03:38:53 episode 47504781682206 skipped: replay diverged from the stored fight: ctions": [[1, 1, 1, 1, 0, 1, 0, 2, 0], [1, 0, 0, 2, 2, 0], [1, 1, 1, 0, 1, 1, 1, 0, 0, 2, 0, 3, 5, 3, 1, 0, 2, 3, 0, 2, 2, 0, 0, 0, 0, 0, 0, 0, 0, 0, 0], [6, 0, 2, 4, 3, 1, 0, 2, 2, 0, 0, 2, 1], [0, 0, 1, 7, 0, 0, 3, 1, 1, 0, 6, 0, 3, 0: value_play_worker: stored actions don't fit the replayed fight
03:38:57 episode 47504781674304 skipped: replay diverged from the stored fight: episode 47504781674304: replayed start differs from the stored fight on ['starting_hp', 'global_numeric']
03:39:01 [1000/1500] wins 915 vs teacher 895; mean terminal value 0.471 vs 0.452
03:39:10 [1010/1500] wins 923 vs teacher 901; mean terminal value 0.470 vs 0.451
03:39:15 episode 47504781707303 skipped: replay diverged from the stored fight: : [[1, 1, 0, 1, 1, 0, 0, 0, 0, 0, 0, 0, 0, 0, 1], [3], [0, 0, 2, 2, 0, 2, 0, 0, 0, 2, 0, 1, 0, 1]], "teacher": {"leaf": "policy_net", "simulations": 20000, "oracle": false, "random_move": false, "fpu_reduction": 0.05, "c_puct": 1: value_play_worker: replayed fight didn't end after its stored actions
03:39:22 [1020/1500] wins 933 vs teacher 909; mean terminal value 0.471 vs 0.451
03:39:33 [1030/1500] wins 942 vs teacher 919; mean terminal value 0.471 vs 0.452
03:39:39 episode 47504781725304 skipped: replay diverged from the stored fight: : [[0, 1, 0, 0, 1, 1, 1], [4], [2, 0, 1, 0, 2, 1], [4, 3, 2, 0, 0, 1]], "teacher": {"leaf": "policy_net", "simulations": 20000, "oracle": false, "random_move": false, "fpu_reduction": 0.05, "c_puct": 1.0, "prior_floor": 0.03, "pa: value_play_worker: replayed fight didn't end after its stored actions
03:39:40 [1040/1500] wins 949 vs teacher 927; mean terminal value 0.470 vs 0.452
03:39:46 episode 47504781734302 skipped: replay diverged from the stored fight: ns": [[2, 0, 1, 0, 2, 2, 1, 0, 0, 1, 1, 0, 2, 2, 1], [9]], "teacher": {"leaf": "policy_net", "simulations": 20000, "oracle": false, "random_move": false, "fpu_reduction": 0.05, "c_puct": 1.0, "prior_floor": 0.03, "particles": 8}}: value_play_worker: replayed fight didn't end after its stored actions
03:39:49 [1050/1500] wins 958 vs teacher 936; mean terminal value 0.470 vs 0.451
03:40:02 [1060/1500] wins 967 vs teacher 945; mean terminal value 0.470 vs 0.452
03:40:12 [1070/1500] wins 976 vs teacher 955; mean terminal value 0.470 vs 0.451
03:40:20 [1080/1500] wins 985 vs teacher 963; mean terminal value 0.470 vs 0.451
03:40:36 [1090/1500] wins 994 vs teacher 971; mean terminal value 0.470 vs 0.451
03:40:46 [1100/1500] wins 1003 vs teacher 980; mean terminal value 0.470 vs 0.451
03:40:49 episode 47504781775204 skipped: replay diverged from the stored fight: episode 47504781775204: replayed start differs from the stored fight on ['starting_hp', 'global_numeric']
03:40:56 [1110/1500] wins 1011 vs teacher 987; mean terminal value 0.469 vs 0.450
03:41:00 episode 47504781775203 skipped: replay diverged from the stored fight: episode 47504781775203: replayed start differs from the stored fight on ['starting_hp', 'global_numeric']
03:41:00 episode 47504781785304 skipped: replay diverged from the stored fight: episode 47504781785304: replayed start differs from the stored fight on ['starting_hp', 'global_numeric']
03:41:09 [1120/1500] wins 1021 vs teacher 997; mean terminal value 0.469 vs 0.450
03:41:12 episode 47504781799302 skipped: replay diverged from the stored fight: ctions": [[0, 0, 1, 0, 0, 0, 0, 1, 2, 1], [1, 0, 2, 1, 0, 0, 2, 1, 0, 0, 0, 0]], "teacher": {"leaf": "policy_net", "simulations": 20000, "oracle": false, "random_move": false, "fpu_reduction": 0.05, "c_puct": 1.0, "prior_floor": 0.03, ": value_play_worker: stored actions don't fit the replayed fight
03:41:12 episode 47504781799303 skipped: replay diverged from the stored fight: ctions": [[0, 0, 1, 0, 0, 0, 0, 1, 2, 1], [1, 0, 2, 1, 0, 0, 2, 1, 0, 0, 0, 0], [8, 3, 3, 2, 0, 2, 2, 0, 0, 5, 2, 2, 0, 0, 1, 0, 0, 5, 2, 2, 0, 0, 0, 0, 1, 0, 0, 0, 0, 0, 0, 0, 0]], "teacher": {"leaf": "policy_net", "simulations": 20000: value_play_worker: stored actions don't fit the replayed fight
03:41:15 [1130/1500] wins 1030 vs teacher 1006; mean terminal value 0.469 vs 0.449
03:41:27 [1140/1500] wins 1040 vs teacher 1015; mean terminal value 0.469 vs 0.449
03:41:35 [1150/1500] wins 1049 vs teacher 1024; mean terminal value 0.469 vs 0.449
03:41:46 [1160/1500] wins 1059 vs teacher 1033; mean terminal value 0.469 vs 0.449
03:41:56 [1170/1500] wins 1067 vs teacher 1041; mean terminal value 0.469 vs 0.448
03:42:04 episode 47504781836204 skipped: replay diverged from the stored fight: episode 47504781836204: replayed start differs from the stored fight on ['starting_hp', 'global_numeric']
03:42:09 [1180/1500] wins 1077 vs teacher 1051; mean terminal value 0.469 vs 0.448
03:42:19 [1190/1500] wins 1086 vs teacher 1060; mean terminal value 0.468 vs 0.448
03:42:20 episode 47504781862304 skipped: replay diverged from the stored fight: : [[0, 0, 1, 0, 0, 0, 0, 1, 1], [0, 0, 0, 0, 0, 2, 0, 0, 0, 1], [0, 2, 0, 1, 1, 0, 0, 0, 3, 0, 1, 1], [6]], "teacher": {"leaf": "policy_net", "simulations": 20000, "oracle": false, "random_move": false, "fpu_reduction": 0.05, "c_: value_play_worker: replayed fight didn't end after its stored actions
03:42:32 [1200/1500] wins 1096 vs teacher 1070; mean terminal value 0.468 vs 0.448
03:42:35 episode 47504781874207 skipped: replay diverged from the stored fight: episode 47504781874207: replayed start differs from the stored fight on ['starting_hp', 'global_numeric']
03:42:36 episode 47504781879308 skipped: replay diverged from the stored fight: ctions": [[1, 1, 0, 0, 0, 0, 0, 1, 0, 3, 0, 0, 1], [0, 2, 1, 1, 1, 2, 1, 0, 0, 0, 1, 0, 0, 0], [0, 4, 1, 3, 0, 0, 0, 0, 1, 0, 0, 0, 0, 0, 0, 0, 2, 1, 0, 0, 0], [0, 0, 1, 0, 0, 4, 0, 0, 0, 1, 0, 0, 0, 0, 2, 3, 3, 3], [2, 6, 1, 2, 0, 1, 0: value_play_worker: stored actions don't fit the replayed fight
03:42:38 [1210/1500] wins 1106 vs teacher 1080; mean terminal value 0.469 vs 0.449
03:42:43 episode 47504781882202 skipped: replay diverged from the stored fight: ctions": [[1, 1, 0, 0, 0, 2, 0, 0, 0, 0], [1, 0, 1, 2, 0, 3, 0]], "teacher": {"leaf": "policy_net", "simulations": 20000, "oracle": false, "random_move": false, "fpu_reduction": 0.05, "c_puct": 1.0, "prior_floor": 0.03, "particles": 8}}: value_play_worker: stored actions don't fit the replayed fight
03:42:43 episode 47504781883203 skipped: replay diverged from the stored fight: : [[5, 4, 0, 0, 2, 0, 0, 0, 1], [1, 2, 0, 0, 0, 1, 0, 0, 1, 0, 1, 0, 1], [5]], "teacher": {"leaf": "policy_net", "simulations": 20000, "oracle": false, "random_move": false, "fpu_reduction": 0.05, "c_puct": 1.0, "prior_floor": 0.: value_play_worker: replayed fight didn't end after its stored actions
03:42:49 [1220/1500] wins 1113 vs teacher 1088; mean terminal value 0.468 vs 0.448
03:42:57 [1230/1500] wins 1123 vs teacher 1098; mean terminal value 0.468 vs 0.449
03:43:05 [1240/1500] wins 1131 vs teacher 1106; mean terminal value 0.468 vs 0.449
03:43:10 [1250/1500] wins 1140 vs teacher 1114; mean terminal value 0.469 vs 0.448
03:43:23 [1260/1500] wins 1148 vs teacher 1122; mean terminal value 0.468 vs 0.448
03:43:34 [1270/1500] wins 1157 vs teacher 1130; mean terminal value 0.468 vs 0.448
03:43:41 [1280/1500] wins 1164 vs teacher 1137; mean terminal value 0.467 vs 0.447
03:43:43 episode 47504781940303 skipped: replay diverged from the stored fight: ctions": [[2, 1, 0, 0, 1, 2, 0, 0, 0, 0, 1, 0, 0, 0, 0, 1, 1, 1], [0, 0, 1, 2, 0, 1, 1, 0, 1, 0, 1, 1], [4, 2, 2, 0, 0, 0, 0, 0, 0, 1]], "teacher": {"leaf": "policy_net", "simulations": 20000, "oracle": false, "random_move": false, "fpu: value_play_worker: stored actions don't fit the replayed fight
03:43:46 [1290/1500] wins 1173 vs teacher 1146; mean terminal value 0.468 vs 0.448
03:43:53 [1300/1500] wins 1183 vs teacher 1155; mean terminal value 0.468 vs 0.448
03:43:57 episode 47504781954204 skipped: replay diverged from the stored fight: ctions": [[1, 0, 0, 0, 0, 0, 0, 0, 0, 0, 0, 0], [2, 0, 0, 3, 3, 0, 0, 0, 0], [1, 1, 0, 1, 0, 0, 0, 0, 1, 1, 1], [1, 1, 1, 5, 4, 2, 1]], "teacher": {"leaf": "policy_net", "simulations": 20000, "oracle": false, "random_move": false, "fpu_: value_play_worker: stored actions don't fit the replayed fight
03:44:00 [1310/1500] wins 1193 vs teacher 1165; mean terminal value 0.469 vs 0.449
03:44:08 [1320/1500] wins 1203 vs teacher 1174; mean terminal value 0.469 vs 0.448
03:44:12 episode 47504781968303 skipped: replay diverged from the stored fight: : [[2, 2, 0, 0, 1, 2, 0, 0, 1, 0, 1, 0, 0, 0, 0, 1, 0], [0, 2, 1, 0, 3, 3, 2, 0, 0, 2, 0, 0, 0, 6, 0], [6]], "teacher": {"leaf": "policy_net", "simulations": 20000, "oracle": false, "random_move": false, "fpu_reduction": 0.05, "c: value_play_worker: replayed fight didn't end after its stored actions
03:44:12 episode 47504781968304 skipped: replay diverged from the stored fight: : [[2, 2, 0, 0, 1, 2, 0, 0, 1, 0, 1, 0, 0, 0, 0, 1, 0], [0, 2, 1, 0, 3, 3, 2, 0, 0, 2, 0, 0, 0, 6, 0], [6], [1, 1, 0, 4, 0, 0, 0, 3, 0, 0, 1]], "teacher": {"leaf": "policy_net", "simulations": 20000, "oracle": false, "random_move: value_play_worker: replayed fight didn't end after its stored actions
03:44:15 [1330/1500] wins 1212 vs teacher 1183; mean terminal value 0.469 vs 0.449
03:44:25 [1340/1500] wins 1221 vs teacher 1193; mean terminal value 0.469 vs 0.449
03:44:34 [1350/1500] wins 1229 vs teacher 1201; mean terminal value 0.468 vs 0.449
03:44:41 episode 47504782009302 skipped: replay diverged from the stored fight: : [[4, 4, 1, 0, 1, 1, 1, 0, 0, 1, 1, 0, 0, 0, 0, 0], [7]], "teacher": {"leaf": "policy_net", "simulations": 20000, "oracle": false, "random_move": false, "fpu_reduction": 0.05, "c_puct": 1.0, "prior_floor": 0.03, "particles": 8}}: value_play_worker: replayed fight didn't end after its stored actions
03:44:42 [1360/1500] wins 1239 vs teacher 1211; mean terminal value 0.469 vs 0.449
03:44:49 episode 47504782012303 skipped: replay diverged from the stored fight: ctions": [[1, 1, 1, 0, 0, 1, 0, 1, 0, 1, 0, 0], [4, 2, 1, 0, 3, 1], [0, 2, 0, 0, 1, 0, 3, 1, 0, 0, 0, 0]], "teacher": {"leaf": "policy_net", "simulations": 20000, "oracle": false, "random_move": false, "fpu_reduction": 0.05, "c_puct": 1: value_play_worker: stored actions don't fit the replayed fight
03:44:52 [1370/1500] wins 1247 vs teacher 1218; mean terminal value 0.468 vs 0.449
03:45:02 [1380/1500] wins 1257 vs teacher 1227; mean terminal value 0.469 vs 0.449
03:45:14 [1390/1500] wins 1266 vs teacher 1236; mean terminal value 0.468 vs 0.449
03:45:20 [1400/1500] wins 1274 vs teacher 1243; mean terminal value 0.468 vs 0.448
03:45:30 [1410/1500] wins 1282 vs teacher 1251; mean terminal value 0.467 vs 0.447
03:45:30 
03:45:30 Summary
03:45:30 -------
03:45:30 teacher:        {"batch": 64, "c_puct": 1.0, "child_min_visits": 50, "early_stop": true, "forced_simulations": 500, "fpu_reduction": 0.05, "leaf": "policy_net", "max_actions": 512, "objective": "won * (35 + hp + 4 * potions) / (56 + root max hp)", "oracle": false, "particles": 8, "prior_floor": 0.03, "random_move": false, "random_window": 24, "simulations": 20000}
03:45:30                             policy_net   teacher
03:45:30 won                               1282      1251   of 1410
03:45:30 terminal value                   0.467     0.447   mean
03:45:30 rows:           99,640
03:45:30 seconds/fight:  10.0
03:45:30 skipped:        90 fights whose replay diverged from the stored fight
03:45:30 wall time:      22.0 min
03:45:30 summary:        /home/sborowsk/project/sts_combat_rl/runs/schema=combat_v3/date=2026-09-28/id=elite-v3-f-candidate/out/summary.json
run: done (exit 0) /home/sborowsk/project/sts_combat_rl/runs/schema=combat_v3/date=2026-09-28/id=elite-v3-f-candidate
