run: /home/sborowsk/project/sts_combat_rl/runs/schema=combat_v3/date=2026-09-27/id=ab-selfplay-gen1-boss
log: /home/sborowsk/project/sts_combat_rl/runs/schema=combat_v3/date=2026-09-27/id=ab-selfplay-gen1-boss/logs/stdout.log (stderr: /home/sborowsk/project/sts_combat_rl/runs/schema=combat_v3/date=2026-09-27/id=ab-selfplay-gen1-boss/logs/stderr.log)
01:02:46 971 source fights x 2 samples, hp_sd 10, random_potions False, teacher value_net /home/sborowsk/project/sts_combat_rl/runs/schema=combat_v3/date=2026-09-27/id=ab-selfplay-gen1-boss/out/value_weights.bin, 10 workers -> /home/sborowsk/project/sts_combat_rl/runs/schema=combat_v3/date=2026-09-27/id=ab-selfplay-gen1-boss/out
01:03:00 [1/971] episode 47504780838406: hp 37->lost hp 20->lost | total wins 0/2
01:03:02 [2/971] episode 47504780835407: hp 42->8 hp 55->30 | total wins 2/4
01:03:02 [3/971] episode 47504780844407: hp 48->48 hp 56->56 | total wins 4/6
01:03:02 [4/971] episode 47504780841405: hp 48->10 hp 47->18 | total wins 6/8
01:03:03 [5/971] episode 47504780845404: hp 50->28 hp 75->29 | total wins 8/10
01:03:05 [6/971] episode 47504780843407: hp 55->lost hp 44->lost | total wins 8/12
01:03:08 [7/971] episode 47504780840406: hp 50->lost hp 35->lost | total wins 8/14
01:03:09 [8/971] episode 47504780839406: hp 80->1 hp 62->lost | total wins 9/16
01:03:12 [9/971] episode 47504780853404: hp 53->48 hp 48->19 | total wins 11/18
01:03:13 [10/971] episode 47504780837406: hp 65->18 hp 61->52 | total wins 13/20
01:03:13 [11/971] episode 47504780842406: hp 74->40 hp 74->36 | total wins 15/22
01:03:17 [12/971] episode 47504780846406: hp 72->44 hp 38->lost | total wins 16/24
01:03:18 [13/971] episode 47504780848408: hp 41->8 hp 58->13 | total wins 18/26
01:03:19 [14/971] episode 47504780856406: hp 15->lost hp 18->lost | total wins 18/28
01:03:22 [15/971] episode 47504780849404: hp 34->lost hp 35->lost | total wins 18/30
01:03:27 [16/971] episode 47504780854405: hp 72->16 hp 61->13 | total wins 20/32
01:03:31 [17/971] episode 47504780850406: hp 48->27 hp 59->34 | total wins 22/34
01:03:41 [18/971] episode 47504780862404: hp 41->29 hp 39->19 | total wins 24/36
01:03:44 [19/971] episode 47504780861407: hp 68->1 hp 75->lost | total wins 25/38
01:03:44 [20/971] episode 47504780858406: hp 32->lost hp 44->lost | total wins 25/40
01:03:44 [21/971] episode 47504780860407: hp 75->33 hp 75->37 | total wins 27/42
01:03:45 [22/971] episode 47504780855406: hp 72->27 hp 71->26 | total wins 29/44
01:03:45 [23/971] episode 47504780859406: hp 75->75 hp 75->31 | total wins 31/46
01:03:45 [24/971] episode 47504780857407: hp 75->4 hp 75->3 | total wins 33/48
01:03:49 [25/971] episode 47504780864406: hp 18->lost hp 33->lost | total wins 33/50
01:03:53 [26/971] episode 47504780869407: hp 64->58 hp 67->67 | total wins 35/52
01:03:54 [27/971] episode 47504780863407: hp 70->13 hp 75->57 | total wins 37/54
01:03:54 [28/971] episode 47504780866406: hp 56->lost hp 58->lost | total wins 37/56
01:03:58 [29/971] episode 47504780868408: hp 23->lost hp 32->lost | total wins 37/58
01:04:01 [30/971] episode 47504780867406: hp 45->lost hp 40->2 | total wins 38/60
01:04:02 [31/971] episode 47504780870406: hp 68->41 hp 62->43 | total wins 40/62
01:04:04 [32/971] episode 47504780871405: hp 39->11 hp 31->9 | total wins 42/64
01:04:05 [33/971] episode 47504780872406: hp 75->50 hp 72->20 | total wins 44/66
01:04:06 [34/971] episode 47504780874406: hp 44->42 hp 29->17 | total wins 46/68
01:04:12 [35/971] episode 47504780882405: hp 26->26 hp 43->10 | total wins 48/70
01:04:13 [36/971] episode 47504780875405: hp 45->lost hp 31->lost | total wins 48/72
01:04:13 [37/971] episode 47504780880406: hp 63->32 hp 59->21 | total wins 50/74
01:04:15 [38/971] episode 47504780873406: hp 34->17 hp 46->lost | total wins 51/76
01:04:16 [39/971] episode 47504780881407: hp 19->8 hp 30->17 | total wins 53/78
01:04:20 [40/971] episode 47504780876407: hp 63->29 hp 47->18 | total wins 55/80
01:04:27 [41/971] episode 47504780883406: hp 26->9 hp 37->16 | total wins 57/82
01:04:29 [42/971] episode 47504780890406: hp 74->46 hp 75->37 | total wins 59/84
01:04:29 [43/971] episode 47504780884406: hp 68->31 hp 60->20 | total wins 61/86
01:04:30 [44/971] episode 47504780879407: hp 52->lost hp 50->lost | total wins 61/88
01:04:34 [45/971] episode 47504780885405: hp 53->30 hp 61->33 | total wins 63/90
01:04:40 [46/971] episode 47504780891405: hp 31->lost hp 46->6 | total wins 64/92
01:04:41 [47/971] episode 47504780889405: hp 33->lost hp 57->lost | total wins 64/94
01:04:44 [48/971] episode 47504780887406: hp 56->6 hp 53->26 | total wins 66/96
01:04:47 [49/971] episode 47504780893404: hp 75->lost hp 72->lost | total wins 66/98
01:04:49 [50/971] episode 47504780892407: hp 50->24 hp 48->13 | total wins 68/100
01:04:53 [51/971] episode 47504780886407: hp 62->22 hp 48->lost | total wins 69/102
01:04:56 [52/971] episode 47504780896406: hp 75->21 hp 75->34 | total wins 71/104
01:04:59 [53/971] episode 47504780894404: hp 51->51 hp 38->11 | total wins 73/106
01:04:59 [54/971] episode 47504780899404: hp 63->lost hp 34->lost | total wins 73/108
01:05:01 [55/971] episode 47504780895406: hp 72->57 hp 64->lost | total wins 74/110
01:05:03 [56/971] episode 47504780877408: hp 71->2 hp 62->2 | total wins 76/112
01:05:04 [57/971] episode 47504780897406: hp 72->64 hp 69->67 | total wins 78/114
01:05:19 [58/971] episode 47504780902404: hp 75->lost hp 74->lost | total wins 78/116
01:05:23 [59/971] episode 47504780900408: hp 47->lost hp 45->1 | total wins 79/118
01:05:25 [60/971] episode 47504780901407: hp 52->24 hp 64->12 | total wins 81/120
01:05:25 [61/971] episode 47504780903405: hp 45->14 hp 53->3 | total wins 83/122
01:05:25 [62/971] episode 47504780908404: hp 63->16 hp 54->5 | total wins 85/124
01:05:28 [63/971] episode 47504780898407: hp 30->27 hp 55->53 | total wins 87/126
01:05:29 [64/971] episode 47504780904406: hp 65->lost hp 64->31 | total wins 88/128
01:05:32 [65/971] episode 47504780907407: hp 65->39 hp 75->54 | total wins 90/130
01:05:33 [66/971] episode 47504780906407: hp 63->63 hp 39->15 | total wins 92/132
01:05:42 [67/971] episode 47504780913405: hp 58->25 hp 34->19 | total wins 94/134
01:05:44 [68/971] episode 47504780912405: hp 62->37 hp 52->34 | total wins 96/136
01:05:45 [69/971] episode 47504780914406: hp 52->lost hp 67->32 | total wins 97/138
01:05:48 [70/971] episode 47504780909405: hp 45->5 hp 47->1 | total wins 99/140
01:05:49 [71/971] episode 47504780916407: hp 50->6 hp 81->47 | total wins 101/142
01:05:58 [72/971] episode 47504780915408: hp 46->lost hp 62->10 | total wins 102/144
01:05:58 [73/971] episode 47504780917405: hp 68->18 hp 55->29 | total wins 104/146
01:06:01 [74/971] episode 47504780910406: hp 48->lost hp 41->lost | total wins 104/148
01:06:04 [75/971] episode 47504780905407: hp 53->15 hp 54->20 | total wins 106/150
01:06:06 [76/971] episode 47504780920407: hp 75->10 hp 75->lost | total wins 107/152
01:06:10 [77/971] episode 47504780928405: hp 47->15 hp 55->34 | total wins 109/154
01:06:10 [78/971] episode 47504780926408: hp 23->lost hp 53->3 | total wins 110/156
01:06:14 [79/971] episode 47504780930407: hp 41->lost hp 42->lost | total wins 110/158
01:06:14 [80/971] episode 47504780929407: hp 44->lost hp 29->lost | total wins 110/160
01:06:15 [81/971] episode 47504780922405: hp 47->2 hp 50->3 | total wins 112/162
01:06:20 [82/971] episode 47504780925405: hp 73->54 hp 56->11 | total wins 114/164
01:06:24 [83/971] episode 47504780924406: hp 34->lost hp 33->lost | total wins 114/166
01:06:30 [84/971] episode 47504780933406: hp 63->18 hp 57->lost | total wins 115/168
01:06:32 [85/971] episode 47504780934407: hp 57->lost hp 61->lost | total wins 115/170
01:06:32 [86/971] episode 47504780931406: hp 51->6 hp 54->9 | total wins 117/172
01:06:33 [87/971] episode 47504780939407: hp 56->40 hp 37->37 | total wins 119/174
01:06:35 [88/971] episode 47504780938406: hp 68->23 hp 61->34 | total wins 121/176
01:06:35 [89/971] episode 47504780937405: hp 63->24 hp 65->41 | total wins 123/178
01:06:46 [90/971] episode 47504780950406: hp 19->5 hp 37->29 | total wins 125/180
01:06:50 [91/971] episode 47504780945405: hp 42->20 hp 44->18 | total wins 127/182
01:06:50 [92/971] episode 47504780936406: hp 56->12 hp 49->4 | total wins 129/184
01:06:52 [93/971] episode 47504780946405: hp 53->lost hp 26->lost | total wins 129/186
01:06:53 [94/971] episode 47504780943407: hp 44->lost hp 53->lost | total wins 129/188
01:06:58 [95/971] episode 47504780941408: hp 52->6 hp 46->lost | total wins 130/190
01:06:59 [96/971] episode 47504780942406: hp 68->47 hp 75->56 | total wins 132/192
01:07:01 [97/971] episode 47504780949405: hp 44->lost hp 53->1 | total wins 133/194
01:07:01 [98/971] episode 47504780952407: hp 59->8 hp 31->6 | total wins 135/196
01:07:03 [99/971] episode 47504780951408: hp 52->16 hp 36->lost | total wins 136/198
01:07:10 [100/971] episode 47504780958405: hp 34->15 hp 33->lost | total wins 137/200
01:07:16 [101/971] episode 47504780962404: hp 56->lost hp 64->lost | total wins 137/202
01:07:17 [102/971] episode 47504780959405: hp 75->49 hp 71->36 | total wins 139/204
01:07:19 [103/971] episode 47504780956405: hp 75->63 hp 79->54 | total wins 141/206
01:07:21 [104/971] episode 47504780954407: hp 35->3 hp 41->4 | total wins 143/208
01:07:22 [105/971] episode 47504780966408: hp 34->lost hp 45->lost | total wins 143/210
01:07:23 [106/971] episode 47504780965407: hp 61->8 hp 61->45 | total wins 145/212
01:07:26 [107/971] episode 47504780964407: hp 52->17 hp 21->11 | total wins 147/214
01:07:31 [108/971] episode 47504780960406: hp 75->lost hp 75->lost | total wins 147/216
01:07:32 [109/971] episode 47504780969407: hp 67->15 hp 50->21 | total wins 149/218
01:07:34 [110/971] episode 47504780975406: hp 39->39 hp 65->37 | total wins 151/220
01:07:37 [111/971] episode 47504780968410: hp 61->43 hp 58->48 | total wins 153/222
01:07:37 [112/971] episode 47504780973406: hp 47->19 hp 60->29 | total wins 155/224
01:07:40 [113/971] episode 47504780972404: hp 32->lost hp 43->15 | total wins 156/226
01:07:41 [114/971] episode 47504780974407: hp 51->lost hp 37->lost | total wins 156/228
01:07:48 [115/971] episode 47504780983406: hp 53->53 hp 62->62 | total wins 158/230
01:07:49 [116/971] episode 47504780971406: hp 48->6 hp 73->10 | total wins 160/232
01:07:51 [117/971] episode 47504780985406: hp 35->8 hp 47->43 | total wins 162/234
01:07:52 [118/971] episode 47504780976405: hp 32->lost hp 53->10 | total wins 163/236
01:07:54 [119/971] episode 47504780978406: hp 56->lost hp 57->lost | total wins 163/238
01:07:55 [120/971] episode 47504780981407: hp 62->lost hp 61->lost | total wins 163/240
01:07:59 [121/971] episode 47504780987406: hp 56->lost hp 69->lost | total wins 163/242
01:08:03 [122/971] episode 47504780990407: hp 63->43 hp 54->28 | total wins 165/244
01:08:08 [123/971] episode 47504780991407: hp 42->12 hp 34->lost | total wins 166/246
01:08:08 [124/971] episode 47504780989406: hp 51->11 hp 55->4 | total wins 168/248
01:08:09 [125/971] episode 47504780984406: hp 74->lost hp 75->30 | total wins 169/250
01:08:10 [126/971] episode 47504780992405: hp 75->31 hp 75->31 | total wins 171/252
01:08:10 [127/971] episode 47504780994407: hp 75->58 hp 66->66 | total wins 173/254
01:08:13 [128/971] episode 47504780982407: hp 61->28 hp 54->lost | total wins 174/256
01:08:17 [129/971] episode 47504780999406: hp 21->6 hp 55->27 | total wins 176/258
01:08:25 [130/971] episode 47504780998406: hp 32->28 hp 47->46 | total wins 178/260
01:08:25 [131/971] episode 47504780993407: hp 63->12 hp 59->2 | total wins 180/262
01:08:25 [132/971] episode 47504780996406: hp 75->60 hp 75->53 | total wins 182/264
01:08:28 [133/971] episode 47504780988408: hp 48->lost hp 70->40 | total wins 183/266
01:08:29 [134/971] episode 47504781002407: hp 28->lost hp 42->41 | total wins 184/268
01:08:29 [135/971] episode 47504780979404: hp 52->7 hp 75->43 | total wins 186/270
01:08:33 [136/971] episode 47504781005405: hp 38->lost hp 55->lost | total wins 186/272
01:08:35 [137/971] episode 47504781000404: hp 54->lost hp 46->22 | total wins 187/274
01:08:39 [138/971] episode 47504781012406: hp 44->44 hp 37->37 | total wins 189/276
01:08:42 [139/971] episode 47504781003406: hp 75->11 hp 75->18 | total wins 191/278
01:08:44 [140/971] episode 47504781004405: hp 32->lost hp 39->lost | total wins 191/280
01:08:45 [141/971] episode 47504781009405: hp 34->3 hp 37->lost | total wins 192/282
01:08:45 [142/971] episode 47504781001407: hp 21->3 hp 30->10 | total wins 194/284
01:08:47 [143/971] episode 47504781013405: hp 41->11 hp 62->62 | total wins 196/286
01:08:47 [144/971] episode 47504781008407: hp 31->lost hp 40->lost | total wins 196/288
01:08:50 [145/971] episode 47504781016406: hp 66->66 hp 63->51 | total wins 198/290
01:08:53 [146/971] episode 47504781010407: hp 60->34 hp 60->30 | total wins 200/292
01:08:56 [147/971] episode 47504781014405: hp 21->lost hp 45->lost | total wins 200/294
01:08:57 [148/971] episode 47504781007407: hp 50->21 hp 32->27 | total wins 202/296
01:08:58 [149/971] episode 47504781020406: hp 85->60 hp 85->85 | total wins 204/298
01:09:08 [150/971] episode 47504781015408: hp 60->11 hp 52->29 | total wins 206/300
01:09:10 [151/971] episode 47504781017406: hp 50->lost hp 38->lost | total wins 206/302
01:09:12 [152/971] episode 47504781021407: hp 69->lost hp 84->21 | total wins 207/304
01:09:12 [153/971] episode 47504781018408: hp 80->32 hp 80->50 | total wins 209/306
01:09:14 [154/971] episode 47504781022406: hp 50->28 hp 56->34 | total wins 211/308
01:09:19 [155/971] episode 47504781026406: hp 54->21 hp 48->6 | total wins 213/310
01:09:21 [156/971] episode 47504781019407: hp 73->lost hp 80->lost | total wins 213/312
01:09:21 [157/971] episode 47504781023405: hp 43->lost hp 51->14 | total wins 214/314
01:09:22 [158/971] episode 47504781024406: hp 70->19 hp 60->13 | total wins 216/316
01:09:28 [159/971] episode 47504781028408: hp 75->51 hp 75->46 | total wins 218/318
01:09:28 [160/971] episode 47504781032408: hp 41->lost hp 35->4 | total wins 219/320
01:09:29 [161/971] episode 47504781025405: hp 59->lost hp 47->lost | total wins 219/322
01:09:31 [162/971] episode 47504781030407: hp 45->lost hp 50->lost | total wins 219/324
01:09:35 [163/971] episode 47504781034407: hp 47->47 hp 53->23 | total wins 221/326
01:09:36 [164/971] episode 47504781031405: hp 57->11 hp 74->20 | total wins 223/328
01:09:37 [165/971] episode 47504781029407: hp 56->lost hp 44->lost | total wins 223/330
01:09:41 [166/971] episode 47504781037406: hp 61->16 hp 52->19 | total wins 225/332
01:09:42 [167/971] episode 47504781040407: hp 64->30 hp 75->24 | total wins 227/334
01:09:46 [168/971] episode 47504781042407: hp 37->22 hp 51->36 | total wins 229/336
01:09:47 [169/971] episode 47504781038409: hp 53->lost hp 53->lost | total wins 229/338
01:09:50 [170/971] episode 47504781043407: hp 75->11 hp 63->27 | total wins 231/340
01:09:52 [171/971] episode 47504781046406: hp 54->20 hp 60->6 | total wins 233/342
01:09:52 [172/971] episode 47504781036405: hp 44->35 hp 61->17 | total wins 235/344
01:09:59 [173/971] episode 47504781041405: hp 49->2 hp 35->lost | total wins 236/346
01:10:00 [174/971] episode 47504781049404: hp 53->lost hp 55->lost | total wins 236/348
01:10:00 [175/971] episode 47504781039406: hp 57->22 hp 62->lost | total wins 237/350
01:10:01 [176/971] episode 47504781044406: hp 48->7 hp 68->41 | total wins 239/352
01:10:01 [177/971] episode 47504781048408: hp 41->41 hp 82->29 | total wins 241/354
01:10:03 [178/971] episode 47504781056407: hp 33->33 hp 40->40 | total wins 243/356
01:10:06 [179/971] episode 47504781051406: hp 43->lost hp 49->lost | total wins 243/358
01:10:07 [180/971] episode 47504781059405: hp 68->10 hp 89->11 | total wins 245/360
01:10:13 [181/971] episode 47504781057406: hp 73->20 hp 73->20 | total wins 247/362
01:10:16 [182/971] episode 47504781052406: hp 75->19 hp 67->7 | total wins 249/364
01:10:19 [183/971] episode 47504781062407: hp 36->lost hp 30->8 | total wins 250/366
01:10:20 [184/971] episode 47504781060407: hp 75->61 hp 74->56 | total wins 252/368
01:10:20 [185/971] episode 47504781055405: hp 44->1 hp 40->lost | total wins 253/370
01:10:23 [186/971] episode 47504781063406: hp 54->80 hp 47->lost | total wins 254/372
01:10:26 [187/971] episode 47504781066407: hp 56->lost hp 35->lost | total wins 254/374
01:10:26 [188/971] episode 47504781058405: hp 85->44 hp 59->11 | total wins 256/376
01:10:27 [189/971] episode 47504781061406: hp 61->24 hp 62->30 | total wins 258/378
01:10:30 [190/971] episode 47504781069405: hp 51->lost hp 42->lost | total wins 258/380
01:10:33 [191/971] episode 47504781064408: hp 75->70 hp 75->46 | total wins 260/382
01:10:35 [192/971] episode 47504781073406: hp 35->lost hp 43->lost | total wins 260/384
01:10:36 [193/971] episode 47504781071407: hp 30->lost hp 69->20 | total wins 261/386
01:10:38 [194/971] episode 47504781070405: hp 43->37 hp 36->18 | total wins 263/388
01:10:39 [195/971] episode 47504781075404: hp 47->lost hp 58->11 | total wins 264/390
01:10:40 [196/971] episode 47504781076405: hp 61->30 hp 46->13 | total wins 266/392
01:10:41 [197/971] episode 47504781067407: hp 32->9 hp 61->15 | total wins 268/394
01:10:43 [198/971] episode 47504781074409: hp 55->35 hp 73->64 | total wins 270/396
01:10:52 [199/971] episode 47504781078405: hp 58->21 hp 51->24 | total wins 272/398
01:10:52 [200/971] episode 47504781081405: hp 56->41 hp 31->24 | total wins 274/400
01:10:53 [201/971] episode 47504781080406: hp 55->11 hp 72->17 | total wins 276/402
01:10:55 [202/971] episode 47504781086403: hp 46->lost hp 60->lost | total wins 276/404
01:10:58 [203/971] episode 47504781077406: hp 75->25 hp 64->29 | total wins 278/406
01:10:59 [204/971] episode 47504781079405: hp 38->lost hp 55->lost | total wins 278/408
01:11:03 [205/971] episode 47504781082405: hp 75->45 hp 67->22 | total wins 280/410
01:11:07 [206/971] episode 47504781083406: hp 34->5 hp 30->15 | total wins 282/412
01:11:07 [207/971] episode 47504781091407: hp 41->17 hp 70->70 | total wins 284/414
01:11:09 [208/971] episode 47504781092405: hp 42->lost hp 34->3 | total wins 285/416
01:11:09 [209/971] episode 47504781093407: hp 31->19 hp 45->19 | total wins 287/418
01:11:13 [210/971] episode 47504781084407: hp 63->31 hp 58->lost | total wins 288/420
01:11:22 [211/971] episode 47504781097405: hp 61->29 hp 75->52 | total wins 290/422
01:11:26 [212/971] episode 47504781089405: hp 40->23 hp 64->29 | total wins 292/424
01:11:27 [213/971] episode 47504781087408: hp 72->20 hp 51->lost | total wins 293/426
01:11:33 [214/971] episode 47504781096406: hp 70->12 hp 43->lost | total wins 294/428
01:11:33 [215/971] episode 47504781094405: hp 47->37 hp 70->32 | total wins 296/430
01:11:33 [216/971] episode 47504781100406: hp 66->lost hp 36->lost | total wins 296/432
01:11:34 [217/971] episode 47504781098405: hp 72->lost hp 52->lost | total wins 296/434
01:11:36 [218/971] episode 47504781099406: hp 75->36 hp 75->42 | total wins 298/436
01:11:40 [219/971] episode 47504781101408: hp 71->lost hp 67->lost | total wins 298/438
01:11:44 [220/971] episode 47504781108407: hp 37->lost hp 64->16 | total wins 299/440
01:11:45 [221/971] episode 47504781103406: hp 63->lost hp 55->lost | total wins 299/442
01:11:47 [222/971] episode 47504781109405: hp 44->lost hp 44->lost | total wins 299/444
01:11:50 [223/971] episode 47504781102406: hp 65->45 hp 43->27 | total wins 301/446
01:11:55 [224/971] episode 47504781112406: hp 63->30 hp 48->42 | total wins 303/448
01:11:55 [225/971] episode 47504781111407: hp 46->1 hp 40->lost | total wins 304/450
01:11:59 [226/971] episode 47504781110408: hp 43->lost hp 37->lost | total wins 304/452
01:12:05 [227/971] episode 47504781106406: hp 54->14 hp 51->6 | total wins 306/454
01:12:05 [228/971] episode 47504781116406: hp 54->36 hp 60->4 | total wins 308/456
01:12:09 [229/971] episode 47504781107407: hp 62->37 hp 50->9 | total wins 310/458
01:12:11 [230/971] episode 47504781119408: hp 80->52 hp 79->46 | total wins 312/460
01:12:11 [231/971] episode 47504781115407: hp 36->11 hp 46->31 | total wins 314/462
01:12:12 [232/971] episode 47504781117406: hp 73->49 hp 62->33 | total wins 316/464
01:12:13 [233/971] episode 47504781104406: hp 50->lost hp 59->lost | total wins 316/466
01:12:15 [234/971] episode 47504781118403: hp 50->6 hp 51->lost | total wins 317/468
01:12:25 [235/971] episode 47504781121406: hp 39->17 hp 48->15 | total wins 319/470
01:12:25 [236/971] episode 47504781114406: hp 51->2 hp 61->1 | total wins 321/472
01:12:28 [237/971] episode 47504781120405: hp 50->22 hp 53->lost | total wins 322/474
01:12:32 [238/971] episode 47504781122406: hp 63->39 hp 45->lost | total wins 323/476
01:12:36 [239/971] episode 47504781128407: hp 73->29 hp 75->52 | total wins 325/478
01:12:37 [240/971] episode 47504781123407: hp 80->18 hp 80->43 | total wins 327/480
01:12:38 [241/971] episode 47504781124406: hp 57->12 hp 73->34 | total wins 329/482
01:12:39 [242/971] episode 47504781127406: hp 73->9 hp 70->2 | total wins 331/484
01:12:39 [243/971] episode 47504781129404: hp 77->38 hp 79->16 | total wins 333/486
01:12:43 [244/971] episode 47504781131406: hp 56->lost hp 58->8 | total wins 334/488
01:12:46 [245/971] episode 47504781139405: hp 28->lost hp 36->28 | total wins 335/490
01:12:50 [246/971] episode 47504781144406: hp 47->37 hp 60->30 | total wins 337/492
01:12:52 [247/971] episode 47504781143408: hp 38->lost hp 39->lost | total wins 337/494
01:12:56 [248/971] episode 47504781138406: hp 57->55 hp 40->22 | total wins 339/496
01:12:57 [249/971] episode 47504781146406: hp 60->60 hp 63->54 | total wins 341/498
01:12:57 [250/971] episode 47504781145407: hp 48->22 hp 50->46 | total wins 343/500
01:13:01 [251/971] episode 47504781149406: hp 67->14 hp 40->lost | total wins 344/502
01:13:03 [252/971] episode 47504781133405: hp 41->lost hp 53->19 | total wins 345/504
01:13:04 [253/971] episode 47504781141405: hp 36->39 hp 50->24 | total wins 347/506
01:13:05 [254/971] episode 47504781150406: hp 75->28 hp 47->21 | total wins 349/508
01:13:07 [255/971] episode 47504781148405: hp 61->11 hp 44->lost | total wins 350/510
01:13:09 [256/971] episode 47504781142406: hp 56->3 hp 57->5 | total wins 352/512
01:13:10 [257/971] episode 47504781154405: hp 75->45 hp 81->48 | total wins 354/514
01:13:10 [258/971] episode 47504781153404: hp 63->21 hp 40->lost | total wins 355/516
01:13:11 [259/971] episode 47504781152405: hp 53->16 hp 44->lost | total wins 356/518
01:13:14 [260/971] episode 47504781157404: hp 36->3 hp 40->14 | total wins 358/520
01:13:25 [261/971] episode 47504781160408: hp 49->19 hp 43->lost | total wins 359/522
01:13:26 [262/971] episode 47504781155406: hp 47->20 hp 52->35 | total wins 361/524
01:13:27 [263/971] episode 47504781161406: hp 39->lost hp 25->lost | total wins 361/526
01:13:27 [264/971] episode 47504781164405: hp 43->lost hp 25->lost | total wins 361/528
01:13:29 [265/971] episode 47504781158408: hp 75->50 hp 75->lost | total wins 362/530
01:13:31 [266/971] episode 47504781163407: hp 80->21 hp 80->53 | total wins 364/532
01:13:33 [267/971] episode 47504781156407: hp 61->22 hp 39->18 | total wins 366/534
01:13:34 [268/971] episode 47504781162407: hp 52->16 hp 64->19 | total wins 368/536
01:13:38 [269/971] episode 47504781159405: hp 75->36 hp 74->27 | total wins 370/538
01:13:40 [270/971] episode 47504781166404: hp 68->19 hp 73->2 | total wins 372/540
01:13:45 [271/971] episode 47504781173405: hp 59->27 hp 62->23 | total wins 374/542
01:13:47 [272/971] episode 47504781169406: hp 42->lost hp 67->36 | total wins 375/544
01:13:51 [273/971] episode 47504781168407: hp 36->lost hp 30->lost | total wins 375/546
01:13:55 [274/971] episode 47504781170406: hp 75->41 hp 75->52 | total wins 377/548
01:14:01 [275/971] episode 47504781182404: hp 67->3 hp 47->lost | total wins 378/550
01:14:02 [276/971] episode 47504781167404: hp 75->18 hp 73->lost | total wins 379/552
01:14:02 [277/971] episode 47504781175405: hp 27->18 hp 44->lost | total wins 380/554
01:14:04 [278/971] episode 47504781176405: hp 66->lost hp 65->lost | total wins 380/556
01:14:08 [279/971] episode 47504781183407: hp 75->15 hp 67->6 | total wins 382/558
01:14:11 [280/971] episode 47504781179405: hp 41->2 hp 75->39 | total wins 384/560
01:14:13 [281/971] episode 47504781172406: hp 73->29 hp 60->2 | total wins 386/562
01:14:14 [282/971] episode 47504781180406: hp 72->44 hp 72->24 | total wins 388/564
01:14:15 [283/971] episode 47504781184408: hp 30->lost hp 62->3 | total wins 389/566
01:14:16 [284/971] episode 47504781185407: hp 48->36 hp 35->35 | total wins 391/568
01:14:17 [285/971] episode 47504781187407: hp 47->27 hp 42->lost | total wins 392/570
01:14:22 [286/971] episode 47504781178404: hp 68->26 hp 75->37 | total wins 394/572
01:14:23 [287/971] episode 47504781186405: hp 72->lost hp 49->lost | total wins 394/574
01:14:33 [288/971] episode 47504781188405: hp 60->lost hp 46->lost | total wins 394/576
01:14:34 [289/971] episode 47504781197405: hp 65->63 hp 52->30 | total wins 396/578
01:14:34 [290/971] episode 47504781194405: hp 50->lost hp 73->10 | total wins 397/580
01:14:35 [291/971] episode 47504781192405: hp 63->1 hp 67->21 | total wins 399/582
01:14:37 [292/971] episode 47504781193404: hp 25->17 hp 34->25 | total wins 401/584
01:14:38 [293/971] episode 47504781190407: hp 75->27 hp 42->lost | total wins 402/586
01:14:39 [294/971] episode 47504781196407: hp 55->lost hp 65->lost | total wins 402/588
01:14:45 [295/971] episode 47504781191406: hp 53->13 hp 64->44 | total wins 404/590
01:14:46 [296/971] episode 47504781198407: hp 42->lost hp 39->lost | total wins 404/592
01:14:53 [297/971] episode 47504781203407: hp 75->57 hp 75->67 | total wins 406/594
01:14:55 [298/971] episode 47504781201407: hp 52->20 hp 62->lost | total wins 407/596
01:14:57 [299/971] episode 47504781199405: hp 59->9 hp 59->39 | total wins 409/598
01:14:58 [300/971] episode 47504781200405: hp 75->46 hp 74->36 | total wins 411/600
01:14:59 [301/971] episode 47504781204405: hp 73->10 hp 73->27 | total wins 413/602
01:15:00 [302/971] episode 47504781195408: hp 46->29 hp 55->28 | total wins 415/604
01:15:02 [303/971] episode 47504781205408: hp 56->lost hp 40->lost | total wins 415/606
01:15:02 [304/971] episode 47504781207406: hp 77->35 hp 59->18 | total wins 417/608
01:15:10 [305/971] episode 47504781206407: hp 59->lost hp 46->lost | total wins 417/610
01:15:13 [306/971] episode 47504781208403: hp 68->45 hp 57->26 | total wins 419/612
01:15:16 [307/971] episode 47504781202406: hp 64->lost hp 75->3 | total wins 420/614
01:15:22 [308/971] episode 47504781209406: hp 47->18 hp 45->lost | total wins 421/616
01:15:25 [309/971] episode 47504781210405: hp 58->lost hp 61->lost | total wins 421/618
01:15:25 [310/971] episode 47504781211405: hp 43->lost hp 44->lost | total wins 421/620
01:15:26 [311/971] episode 47504781213407: hp 68->lost hp 71->31 | total wins 422/622
01:15:27 [312/971] episode 47504781217406: hp 60->lost hp 70->22 | total wins 423/624
01:15:29 [313/971] episode 47504781216406: hp 49->21 hp 48->37 | total wins 425/626
01:15:31 [314/971] episode 47504781214404: hp 57->29 hp 59->36 | total wins 427/628
01:15:35 [315/971] episode 47504781215409: hp 40->9 hp 50->18 | total wins 429/630
01:15:36 [316/971] episode 47504781218406: hp 23->2 hp 33->15 | total wins 431/632
01:15:39 [317/971] episode 47504781220408: hp 49->15 hp 40->21 | total wins 433/634
01:15:41 [318/971] episode 47504781224407: hp 32->26 hp 27->lost | total wins 434/636
01:15:46 [319/971] episode 47504781228406: hp 56->21 hp 65->30 | total wins 436/638
01:15:48 [320/971] episode 47504781223405: hp 74->49 hp 66->43 | total wins 438/640
01:15:48 [321/971] episode 47504781219405: hp 75->46 hp 73->21 | total wins 440/642
01:15:50 [322/971] episode 47504781225407: hp 29->lost hp 43->lost | total wins 440/644
01:15:54 [323/971] episode 47504781221408: hp 48->lost hp 54->lost | total wins 440/646
01:15:57 [324/971] episode 47504781235405: hp 75->75 hp 75->75 | total wins 442/648
01:15:58 [325/971] episode 47504781232406: hp 34->lost hp 66->46 | total wins 443/650
01:15:59 [326/971] episode 47504781230406: hp 62->53 hp 49->17 | total wins 445/652
01:16:01 [327/971] episode 47504781226407: hp 61->24 hp 65->37 | total wins 447/654
01:16:01 [328/971] episode 47504781231408: hp 49->lost hp 60->lost | total wins 447/656
01:16:07 [329/971] episode 47504781239404: hp 41->23 hp 46->25 | total wins 449/658
01:16:10 [330/971] episode 47504781236405: hp 46->lost hp 58->lost | total wins 449/660
01:16:14 [331/971] episode 47504781237406: hp 40->1 hp 49->lost | total wins 450/662
01:16:15 [332/971] episode 47504781244405: hp 69->75 hp 74->43 | total wins 452/664
01:16:17 [333/971] episode 47504781242407: hp 48->lost hp 38->lost | total wins 452/666
01:16:20 [334/971] episode 47504781240404: hp 59->lost hp 61->lost | total wins 452/668
01:16:20 [335/971] episode 47504781246405: hp 75->75 hp 74->59 | total wins 454/670
01:16:22 [336/971] episode 47504781238406: hp 74->18 hp 75->lost | total wins 455/672
01:16:24 [337/971] episode 47504781234405: hp 55->35 hp 75->38 | total wins 457/674
01:16:27 [338/971] episode 47504781233407: hp 24->lost hp 32->7 | total wins 458/676
01:16:27 [339/971] episode 47504781247409: hp 22->lost hp 44->lost | total wins 458/678
01:16:33 [340/971] episode 47504781250406: hp 75->14 hp 74->35 | total wins 460/680
01:16:37 [341/971] episode 47504781248408: hp 34->6 hp 56->3 | total wins 462/682
01:16:39 [342/971] episode 47504781257406: hp 42->25 hp 58->58 | total wins 464/684
01:16:40 [343/971] episode 47504781252405: hp 46->lost hp 55->lost | total wins 464/686
01:16:40 [344/971] episode 47504781249406: hp 58->lost hp 41->lost | total wins 464/688
01:16:42 [345/971] episode 47504781256406: hp 28->4 hp 44->6 | total wins 466/690
01:16:50 [346/971] episode 47504781253407: hp 63->lost hp 62->lost | total wins 466/692
01:16:54 [347/971] episode 47504781258406: hp 46->lost hp 56->lost | total wins 466/694
01:16:54 [348/971] episode 47504781259407: hp 38->lost hp 67->7 | total wins 467/696
01:16:55 [349/971] episode 47504781260405: hp 61->27 hp 60->26 | total wins 469/698
01:16:55 [350/971] episode 47504781251406: hp 35->lost hp 70->5 | total wins 470/700
01:17:02 [351/971] episode 47504781265406: hp 65->38 hp 51->4 | total wins 472/702
01:17:04 [352/971] episode 47504781245406: hp 45->4 hp 45->20 | total wins 474/704
01:17:05 [353/971] episode 47504781263405: hp 47->lost hp 31->lost | total wins 474/706
01:17:08 [354/971] episode 47504781267406: hp 46->1 hp 34->3 | total wins 476/708
01:17:10 [355/971] episode 47504781268405: hp 75->14 hp 75->29 | total wins 478/710
01:17:11 [356/971] episode 47504781262407: hp 51->3 hp 52->18 | total wins 480/712
01:17:13 [357/971] episode 47504781274406: hp 35->lost hp 32->lost | total wins 480/714
01:17:15 [358/971] episode 47504781271405: hp 43->25 hp 63->39 | total wins 482/716
01:17:17 [359/971] episode 47504781270405: hp 46->2 hp 49->lost | total wins 483/718
01:17:18 [360/971] episode 47504781273406: hp 66->lost hp 68->lost | total wins 483/720
01:17:28 [361/971] episode 47504781279405: hp 13->lost hp 53->lost | total wins 483/722
01:17:33 [362/971] episode 47504781284406: hp 46->lost hp 44->lost | total wins 483/724
01:17:34 [363/971] episode 47504781272406: hp 31->lost hp 44->9 | total wins 484/726
01:17:34 [364/971] episode 47504781278404: hp 43->18 hp 44->21 | total wins 486/728
01:17:34 [365/971] episode 47504781277406: hp 62->10 hp 59->18 | total wins 488/730
01:17:37 [366/971] episode 47504781282406: hp 55->13 hp 48->lost | total wins 489/732
01:17:38 [367/971] episode 47504781280408: hp 75->52 hp 43->14 | total wins 491/734
01:17:44 [368/971] episode 47504781281405: hp 62->34 hp 56->44 | total wins 493/736
01:17:45 [369/971] episode 47504781288405: hp 50->29 hp 46->38 | total wins 495/738
01:17:47 [370/971] episode 47504781287407: hp 42->72 hp 44->72 | total wins 497/740
01:17:48 [371/971] episode 47504781283405: hp 67->16 hp 53->35 | total wins 499/742
01:17:49 [372/971] episode 47504781293407: hp 75->63 hp 75->26 | total wins 501/744
01:17:52 [373/971] episode 47504781286406: hp 53->lost hp 68->12 | total wins 502/746
01:18:01 [374/971] episode 47504781298405: hp 16->lost hp 26->1 | total wins 503/748
01:18:04 [375/971] episode 47504781294407: hp 52->8 hp 63->48 | total wins 505/750
01:18:04 [376/971] episode 47504781291407: hp 56->lost hp 49->lost | total wins 505/752
01:18:05 [377/971] episode 47504781299407: hp 53->22 hp 78->49 | total wins 507/754
01:18:06 [378/971] episode 47504781290407: hp 55->30 hp 53->10 | total wins 509/756
01:18:06 [379/971] episode 47504781295407: hp 42->lost hp 60->lost | total wins 509/758
01:18:16 [380/971] episode 47504781296405: hp 63->9 hp 67->15 | total wins 511/760
01:18:17 [381/971] episode 47504781302406: hp 56->26 hp 64->52 | total wins 513/762
01:18:18 [382/971] episode 47504781297407: hp 38->lost hp 59->lost | total wins 513/764
01:18:19 [383/971] episode 47504781300407: hp 49->28 hp 59->47 | total wins 515/766
01:18:25 [384/971] episode 47504781307406: hp 32->lost hp 52->12 | total wins 516/768
01:18:26 [385/971] episode 47504781306407: hp 63->40 hp 71->39 | total wins 518/770
01:18:26 [386/971] episode 47504781308405: hp 42->lost hp 43->lost | total wins 518/772
01:18:27 [387/971] episode 47504781304406: hp 36->5 hp 40->2 | total wins 520/774
01:18:29 [388/971] episode 47504781303408: hp 50->lost hp 31->lost | total wins 520/776
01:18:35 [389/971] episode 47504781312404: hp 43->lost hp 51->lost | total wins 520/778
01:18:36 [390/971] episode 47504781311406: hp 39->lost hp 58->11 | total wins 521/780
01:18:37 [391/971] episode 47504781301408: hp 51->lost hp 61->lost | total wins 521/782
01:18:41 [392/971] episode 47504781316407: hp 32->lost hp 34->lost | total wins 521/784
01:18:42 [393/971] episode 47504781310407: hp 54->22 hp 40->31 | total wins 523/786
01:18:43 [394/971] episode 47504781309404: hp 59->lost hp 50->lost | total wins 523/788
01:18:44 [395/971] episode 47504781319407: hp 18->lost hp 35->26 | total wins 524/790
01:18:53 [396/971] episode 47504781313405: hp 64->30 hp 71->13 | total wins 526/792
01:18:54 [397/971] episode 47504781323404: hp 52->lost hp 61->18 | total wins 527/794
01:18:56 [398/971] episode 47504781324404: hp 27->lost hp 24->lost | total wins 527/796
01:18:56 [399/971] episode 47504781317406: hp 68->lost hp 54->lost | total wins 527/798
01:18:58 [400/971] episode 47504781322406: hp 53->7 hp 53->25 | total wins 529/800
01:18:59 [401/971] episode 47504781318407: hp 44->21 hp 51->19 | total wins 531/802
01:18:59 [402/971] episode 47504781320405: hp 62->lost hp 63->lost | total wins 531/804
01:19:02 [403/971] episode 47504781321406: hp 52->lost hp 59->lost | total wins 531/806
01:19:09 [404/971] episode 47504781327406: hp 65->11 hp 75->6 | total wins 533/808
01:19:09 [405/971] episode 47504781326405: hp 58->lost hp 45->lost | total wins 533/810
01:19:10 [406/971] episode 47504781330405: hp 26->lost hp 50->17 | total wins 534/812
01:19:16 [407/971] episode 47504781335406: hp 47->lost hp 43->lost | total wins 534/814
01:19:17 [408/971] episode 47504781331404: hp 42->lost hp 62->11 | total wins 535/816
01:19:20 [409/971] episode 47504781339404: hp 34->lost hp 41->lost | total wins 535/818
01:19:21 [410/971] episode 47504781328407: hp 50->lost hp 66->55 | total wins 536/820
01:19:24 [411/971] episode 47504781334403: hp 68->2 hp 62->lost | total wins 537/822
01:19:26 [412/971] episode 47504781340408: hp 53->14 hp 29->5 | total wins 539/824
01:19:28 [413/971] episode 47504781337405: hp 54->32 hp 58->13 | total wins 541/826
01:19:28 [414/971] episode 47504781332406: hp 41->32 hp 49->37 | total wins 543/828
01:19:31 [415/971] episode 47504781336405: hp 75->19 hp 75->35 | total wins 545/830
01:19:32 [416/971] episode 47504781329407: hp 71->14 hp 80->20 | total wins 547/832
01:19:35 [417/971] episode 47504781341406: hp 33->17 hp 43->22 | total wins 549/834
01:19:35 [418/971] episode 47504781343407: hp 35->12 hp 57->22 | total wins 551/836
01:19:42 [419/971] episode 47504781346405: hp 55->28 hp 62->28 | total wins 553/838
01:19:43 [420/971] episode 47504781342406: hp 45->21 hp 55->20 | total wins 555/840
01:19:47 [421/971] episode 47504781347407: hp 45->10 hp 61->21 | total wins 557/842
01:19:48 [422/971] episode 47504781344404: hp 62->25 hp 73->42 | total wins 559/844
01:19:52 [423/971] episode 47504781350406: hp 59->lost hp 68->24 | total wins 560/846
01:19:56 [424/971] episode 47504781348405: hp 75->59 hp 75->70 | total wins 562/848
01:19:57 [425/971] episode 47504781355406: hp 50->3 hp 60->lost | total wins 563/850
01:20:00 [426/971] episode 47504781362409: hp 52->52 hp 55->55 | total wins 565/852
01:20:01 [427/971] episode 47504781351406: hp 50->lost hp 40->lost | total wins 565/854
01:20:02 [428/971] episode 47504781353406: hp 50->lost hp 52->15 | total wins 566/856
01:20:05 [429/971] episode 47504781354406: hp 72->38 hp 61->19 | total wins 568/858
01:20:08 [430/971] episode 47504781358404: hp 73->61 hp 57->24 | total wins 570/860
01:20:14 [431/971] episode 47504781366406: hp 56->21 hp 63->37 | total wins 572/862
01:20:16 [432/971] episode 47504781370405: hp 61->29 hp 54->22 | total wins 574/864
01:20:20 [433/971] episode 47504781357407: hp 34->lost hp 65->lost | total wins 574/866
01:20:22 [434/971] episode 47504781363405: hp 72->25 hp 36->lost | total wins 575/868
01:20:22 [435/971] episode 47504781364406: hp 46->lost hp 51->lost | total wins 575/870
01:20:24 [436/971] episode 47504781371405: hp 69->1 hp 62->8 | total wins 577/872
01:20:26 [437/971] episode 47504781356404: hp 64->35 hp 57->23 | total wins 579/874
01:20:27 [438/971] episode 47504781359406: hp 53->5 hp 73->7 | total wins 581/876
01:20:33 [439/971] episode 47504781376408: hp 62->41 hp 67->37 | total wins 583/878
01:20:36 [440/971] episode 47504781369407: hp 70->7 hp 67->20 | total wins 585/880
01:20:44 [441/971] episode 47504781379406: hp 26->lost hp 39->11 | total wins 586/882
01:20:46 [442/971] episode 47504781378406: hp 75->26 hp 49->14 | total wins 588/884
01:20:53 [443/971] episode 47504781374408: hp 46->16 hp 40->34 | total wins 590/886
01:20:54 [444/971] episode 47504781383405: hp 70->38 hp 54->54 | total wins 592/888
01:20:55 [445/971] episode 47504781381405: hp 67->lost hp 75->34 | total wins 593/890
01:20:55 [446/971] episode 47504781377407: hp 75->29 hp 65->35 | total wins 595/892
01:21:02 [447/971] episode 47504781380405: hp 50->20 hp 68->21 | total wins 597/894
01:21:03 [448/971] episode 47504781375408: hp 48->lost hp 46->lost | total wins 597/896
01:21:04 [449/971] episode 47504781394406: hp 50->36 hp 32->32 | total wins 599/898
01:21:06 [450/971] episode 47504781386405: hp 50->4 hp 48->2 | total wins 601/900
01:21:11 [451/971] episode 47504781385407: hp 51->lost hp 63->22 | total wins 602/902
01:21:12 [452/971] episode 47504781388408: hp 43->lost hp 46->lost | total wins 602/904
01:21:12 [453/971] episode 47504781389406: hp 55->27 hp 74->33 | total wins 604/906
01:21:19 [454/971] episode 47504781390405: hp 57->19 hp 43->25 | total wins 606/908
01:21:19 [455/971] episode 47504781395407: hp 65->5 hp 34->6 | total wins 608/910
01:21:20 [456/971] episode 47504781398405: hp 75->36 hp 61->18 | total wins 610/912
01:21:22 [457/971] episode 47504781396404: hp 54->28 hp 52->25 | total wins 612/914
01:21:27 [458/971] episode 47504781393405: hp 69->35 hp 47->lost | total wins 613/916
01:21:27 [459/971] episode 47504781382408: hp 75->40 hp 69->20 | total wins 615/918
01:21:32 [460/971] episode 47504781400405: hp 50->11 hp 61->37 | total wins 617/920
01:21:33 [461/971] episode 47504781397404: hp 55->lost hp 33->lost | total wins 617/922
01:21:36 [462/971] episode 47504781401406: hp 46->40 hp 37->14 | total wins 619/924
01:21:36 [463/971] episode 47504781403406: hp 55->37 hp 74->49 | total wins 621/926
01:21:40 [464/971] episode 47504781399407: hp 57->lost hp 49->13 | total wins 622/928
01:21:46 [465/971] episode 47504781404407: hp 71->3 hp 44->9 | total wins 624/930
01:21:48 [466/971] episode 47504781410406: hp 75->36 hp 75->21 | total wins 626/932
01:21:49 [467/971] episode 47504781409405: hp 66->lost hp 54->lost | total wins 626/934
01:21:52 [468/971] episode 47504781413408: hp 51->lost hp 58->27 | total wins 627/936
01:21:54 [469/971] episode 47504781406406: hp 38->13 hp 55->39 | total wins 629/938
01:22:00 [470/971] episode 47504781416406: hp 45->21 hp 29->lost | total wins 630/940
01:22:00 [471/971] episode 47504781418407: hp 49->lost hp 37->lost | total wins 630/942
01:22:01 [472/971] episode 47504781414406: hp 72->3 hp 50->lost | total wins 631/944
01:22:01 [473/971] episode 47504781405406: hp 54->9 hp 61->lost | total wins 632/946
01:22:02 [474/971] episode 47504781415406: hp 75->40 hp 75->29 | total wins 634/948
01:22:05 [475/971] episode 47504781412404: hp 75->56 hp 62->31 | total wins 636/950
01:22:07 [476/971] episode 47504781417404: hp 31->15 hp 41->lost | total wins 637/952
01:22:13 [477/971] episode 47504781419404: hp 48->lost hp 50->lost | total wins 637/954
01:22:15 [478/971] episode 47504781420407: hp 42->1 hp 53->5 | total wins 639/956
01:22:16 [479/971] episode 47504781424407: hp 44->16 hp 50->6 | total wins 641/958
01:22:17 [480/971] episode 47504781426406: hp 51->6 hp 51->9 | total wins 643/960
01:22:21 [481/971] episode 47504781428408: hp 72->60 hp 61->61 | total wins 645/962
01:22:31 [482/971] episode 47504781429407: hp 38->lost hp 53->lost | total wins 645/964
01:22:31 [483/971] episode 47504781432406: hp 36->26 hp 18->3 | total wins 647/966
01:22:31 [484/971] episode 47504781421406: hp 75->10 hp 75->10 | total wins 649/968
01:22:32 [485/971] episode 47504781431405: hp 46->lost hp 44->lost | total wins 649/970
01:22:33 [486/971] episode 47504781430409: hp 68->lost hp 58->lost | total wins 649/972
01:22:38 [487/971] episode 47504781425406: hp 90->18 hp 68->14 | total wins 651/974
01:22:39 [488/971] episode 47504781436406: hp 40->lost hp 38->4 | total wins 652/976
01:22:40 [489/971] episode 47504781433405: hp 54->lost hp 58->3 | total wins 653/978
01:22:41 [490/971] episode 47504781435405: hp 78->7 hp 69->lost | total wins 654/980
01:22:49 [491/971] episode 47504781427408: hp 50->17 hp 57->4 | total wins 656/982
01:22:53 [492/971] episode 47504781443404: hp 50->lost hp 57->lost | total wins 656/984
01:23:01 [493/971] episode 47504781451405: hp 29->lost hp 46->lost | total wins 656/986
01:23:02 [494/971] episode 47504781444406: hp 57->lost hp 53->20 | total wins 657/988
01:23:06 [495/971] episode 47504781441406: hp 48->41 hp 56->14 | total wins 659/990
01:23:09 [496/971] episode 47504781448405: hp 49->2 hp 61->22 | total wins 661/992
01:23:10 [497/971] episode 47504781452405: hp 66->1 hp 50->lost | total wins 662/994
01:23:11 [498/971] episode 47504781449406: hp 45->24 hp 38->lost | total wins 663/996
01:23:11 [499/971] episode 47504781447407: hp 54->lost hp 55->28 | total wins 664/998
01:23:12 [500/971] episode 47504781442404: hp 56->28 hp 63->17 | total wins 666/1000
01:23:16 [501/971] episode 47504781445405: hp 54->lost hp 72->lost | total wins 666/1002
01:23:16 [502/971] episode 47504781450406: hp 43->lost hp 42->lost | total wins 666/1004
01:23:28 [503/971] episode 47504781454407: hp 57->27 hp 64->1 | total wins 668/1006
01:23:31 [504/971] episode 47504781455405: hp 38->lost hp 56->8 | total wins 669/1008
01:23:32 [505/971] episode 47504781453405: hp 67->33 hp 64->3 | total wins 671/1010
01:23:33 [506/971] episode 47504781459407: hp 56->30 hp 75->75 | total wins 673/1012
01:23:35 [507/971] episode 47504781463406: hp 42->lost hp 44->6 | total wins 674/1014
01:23:38 [508/971] episode 47504781460407: hp 63->35 hp 75->42 | total wins 676/1016
01:23:42 [509/971] episode 47504781456408: hp 45->45 hp 36->lost | total wins 677/1018
01:23:45 [510/971] episode 47504781464406: hp 59->2 hp 61->lost | total wins 678/1020
01:23:46 [511/971] episode 47504781462406: hp 71->lost hp 47->12 | total wins 679/1022
01:23:49 [512/971] episode 47504781465407: hp 64->18 hp 46->14 | total wins 681/1024
01:23:50 [513/971] episode 47504781468408: hp 54->lost hp 53->lost | total wins 681/1026
01:23:53 [514/971] episode 47504781466406: hp 61->31 hp 70->19 | total wins 683/1028
01:23:56 [515/971] episode 47504781469406: hp 39->10 hp 47->lost | total wins 684/1030
01:23:57 [516/971] episode 47504781467405: hp 41->lost hp 37->lost | total wins 684/1032
01:23:57 [517/971] episode 47504781471407: hp 25->lost hp 43->lost | total wins 684/1034
01:23:58 [518/971] episode 47504781472407: hp 40->28 hp 43->20 | total wins 686/1036
01:24:04 [519/971] episode 47504781470407: hp 72->lost hp 57->lost | total wins 686/1038
01:24:06 [520/971] episode 47504781475407: hp 42->lost hp 75->lost | total wins 686/1040
01:24:13 [521/971] episode 47504781479405: hp 59->43 hp 64->38 | total wins 688/1042
01:24:15 [522/971] episode 47504781482406: hp 57->42 hp 49->47 | total wins 690/1044
01:24:16 [523/971] episode 47504781480408: hp 39->lost hp 36->16 | total wins 691/1046
01:24:19 [524/971] episode 47504781483406: hp 61->55 hp 48->30 | total wins 693/1048
01:24:21 [525/971] episode 47504781487405: hp 25->lost hp 45->29 | total wins 694/1050
01:24:21 [526/971] episode 47504781473406: hp 44->lost hp 66->53 | total wins 695/1052
01:24:22 [527/971] episode 47504781490404: hp 34->lost hp 35->lost | total wins 695/1054
01:24:24 [528/971] episode 47504781489404: hp 37->9 hp 32->4 | total wins 697/1056
01:24:26 [529/971] episode 47504781484407: hp 41->4 hp 43->4 | total wins 699/1058
01:24:29 [530/971] episode 47504781481407: hp 38->21 hp 34->lost | total wins 700/1060
01:24:30 [531/971] episode 47504781486403: hp 55->lost hp 69->lost | total wins 700/1062
01:24:37 [532/971] episode 47504781493406: hp 30->1 hp 21->lost | total wins 701/1064
01:24:37 [533/971] episode 47504781499407: hp 46->26 hp 36->28 | total wins 703/1066
01:24:41 [534/971] episode 47504781500407: hp 49->46 hp 64->58 | total wins 705/1068
01:24:41 [535/971] episode 47504781491405: hp 53->11 hp 40->lost | total wins 706/1070
01:24:50 [536/971] episode 47504781494407: hp 39->lost hp 70->38 | total wins 707/1072
01:24:54 [537/971] episode 47504781498407: hp 54->8 hp 47->lost | total wins 708/1074
01:24:54 [538/971] episode 47504781495406: hp 47->lost hp 49->39 | total wins 709/1076
01:24:58 [539/971] episode 47504781507403: hp 75->60 hp 72->20 | total wins 711/1078
01:25:00 [540/971] episode 47504781503405: hp 85->10 hp 85->29 | total wins 713/1080
01:25:01 [541/971] episode 47504781505404: hp 46->lost hp 63->3 | total wins 714/1082
01:25:11 [542/971] episode 47504781504406: hp 35->lost hp 65->29 | total wins 715/1084
01:25:12 [543/971] episode 47504781502407: hp 35->lost hp 65->34 | total wins 716/1086
01:25:13 [544/971] episode 47504781511404: hp 69->37 hp 56->24 | total wins 718/1088
01:25:13 [545/971] episode 47504781501407: hp 75->47 hp 75->41 | total wins 720/1090
01:25:18 [546/971] episode 47504781509406: hp 66->51 hp 71->55 | total wins 722/1092
01:25:20 [547/971] episode 47504781510407: hp 38->lost hp 55->14 | total wins 723/1094
01:25:21 [548/971] episode 47504781512403: hp 32->23 hp 42->23 | total wins 725/1096
01:25:22 [549/971] episode 47504781508406: hp 49->lost hp 52->9 | total wins 726/1098
01:25:23 [550/971] episode 47504781506405: hp 36->lost hp 35->lost | total wins 726/1100
01:25:30 [551/971] episode 47504781513406: hp 36->lost hp 51->lost | total wins 726/1102
01:25:33 [552/971] episode 47504781515404: hp 44->44 hp 28->28 | total wins 728/1104
01:25:40 [553/971] episode 47504781519405: hp 56->19 hp 61->25 | total wins 730/1106
01:25:42 [554/971] episode 47504781517405: hp 42->lost hp 54->6 | total wins 731/1108
01:25:44 [555/971] episode 47504781514408: hp 52->26 hp 61->13 | total wins 733/1110
01:25:44 [556/971] episode 47504781521405: hp 57->lost hp 26->lost | total wins 733/1112
01:25:45 [557/971] episode 47504781516406: hp 47->lost hp 58->lost | total wins 733/1114
01:25:46 [558/971] episode 47504781524405: hp 41->21 hp 49->49 | total wins 735/1116
01:25:48 [559/971] episode 47504781525406: hp 28->lost hp 55->lost | total wins 735/1118
01:25:54 [560/971] episode 47504781518405: hp 34->lost hp 41->1 | total wins 736/1120
01:25:57 [561/971] episode 47504781520405: hp 51->4 hp 45->13 | total wins 738/1122
01:25:57 [562/971] episode 47504781523406: hp 38->12 hp 44->lost | total wins 739/1124
01:26:00 [563/971] episode 47504781532407: hp 59->22 hp 61->17 | total wins 741/1126
01:26:01 [564/971] episode 47504781530408: hp 51->29 hp 44->21 | total wins 743/1128
01:26:02 [565/971] episode 47504781528407: hp 68->30 hp 57->22 | total wins 745/1130
01:26:05 [566/971] episode 47504781531405: hp 32->lost hp 49->lost | total wins 745/1132
01:26:06 [567/971] episode 47504781534406: hp 38->2 hp 54->8 | total wins 747/1134
01:26:11 [568/971] episode 47504781529405: hp 62->lost hp 68->1 | total wins 748/1136
01:26:13 [569/971] episode 47504781542407: hp 53->lost hp 30->lost | total wins 748/1138
01:26:15 [570/971] episode 47504781535408: hp 50->2 hp 45->lost | total wins 749/1140
01:26:15 [571/971] episode 47504781526406: hp 75->31 hp 66->30 | total wins 751/1142
01:26:15 [572/971] episode 47504781541406: hp 75->9 hp 69->25 | total wins 753/1144
01:26:17 [573/971] episode 47504781539407: hp 55->11 hp 54->35 | total wins 755/1146
01:26:18 [574/971] episode 47504781538407: hp 58->14 hp 29->lost | total wins 756/1148
01:26:21 [575/971] episode 47504781537405: hp 34->lost hp 42->lost | total wins 756/1150
01:26:30 [576/971] episode 47504781543406: hp 41->lost hp 34->lost | total wins 756/1152
01:26:30 [577/971] episode 47504781547406: hp 32->15 hp 52->13 | total wins 758/1154
01:26:31 [578/971] episode 47504781546405: hp 41->lost hp 59->5 | total wins 759/1156
01:26:34 [579/971] episode 47504781552407: hp 43->8 hp 59->7 | total wins 761/1158
01:26:36 [580/971] episode 47504781550405: hp 59->lost hp 62->lost | total wins 761/1160
01:26:36 [581/971] episode 47504781549406: hp 47->13 hp 41->30 | total wins 763/1162
01:26:44 [582/971] episode 47504781553407: hp 54->10 hp 49->19 | total wins 765/1164
01:26:45 [583/971] episode 47504781557409: hp 55->19 hp 34->7 | total wins 767/1166
01:26:47 [584/971] episode 47504781544408: hp 38->9 hp 43->21 | total wins 769/1168
01:26:52 [585/971] episode 47504781555404: hp 50->33 hp 45->25 | total wins 771/1170
01:26:52 [586/971] episode 47504781548407: hp 71->lost hp 75->lost | total wins 771/1172
01:26:54 [587/971] episode 47504781554406: hp 69->9 hp 60->lost | total wins 772/1174
01:26:57 [588/971] episode 47504781558407: hp 52->lost hp 46->1 | total wins 773/1176
01:26:58 [589/971] episode 47504781556407: hp 53->lost hp 56->lost | total wins 773/1178
01:27:02 [590/971] episode 47504781559408: hp 51->33 hp 68->32 | total wins 775/1180
01:27:02 [591/971] episode 47504781560408: hp 51->lost hp 55->24 | total wins 776/1182
01:27:04 [592/971] episode 47504781561407: hp 61->lost hp 40->lost | total wins 776/1184
01:27:08 [593/971] episode 47504781567407: hp 46->6 hp 52->52 | total wins 778/1186
01:27:12 [594/971] episode 47504781566406: hp 69->41 hp 72->72 | total wins 780/1188
01:27:13 [595/971] episode 47504781563405: hp 43->lost hp 55->5 | total wins 781/1190
01:27:13 [596/971] episode 47504781564405: hp 56->1 hp 56->9 | total wins 783/1192
01:27:14 [597/971] episode 47504781565406: hp 48->lost hp 59->lost | total wins 783/1194
01:27:18 [598/971] episode 47504781562407: hp 27->9 hp 42->16 | total wins 785/1196
01:27:20 [599/971] episode 47504781568405: hp 51->lost hp 65->18 | total wins 786/1198
01:27:23 [600/971] episode 47504781575404: hp 32->lost hp 50->lost | total wins 786/1200
01:27:24 [601/971] episode 47504781569407: hp 69->23 hp 57->30 | total wins 788/1202
01:27:28 [602/971] episode 47504781571406: hp 39->6 hp 37->18 | total wins 790/1204
01:27:32 [603/971] episode 47504781572408: hp 80->5 hp 80->lost | total wins 791/1206
01:27:32 [604/971] episode 47504781577407: hp 43->lost hp 44->lost | total wins 791/1208
01:27:36 [605/971] episode 47504781574406: hp 49->lost hp 36->lost | total wins 791/1210
01:27:40 [606/971] episode 47504781580406: hp 42->3 hp 39->lost | total wins 792/1212
01:27:40 [607/971] episode 47504781573407: hp 49->1 hp 28->lost | total wins 793/1214
01:27:42 [608/971] episode 47504781585406: hp 35->lost hp 19->lost | total wins 793/1216
01:27:43 [609/971] episode 47504781579407: hp 53->31 hp 45->36 | total wins 795/1218
01:27:44 [610/971] episode 47504781578406: hp 63->lost hp 38->14 | total wins 796/1220
01:27:48 [611/971] episode 47504781582407: hp 58->lost hp 50->lost | total wins 796/1222
01:27:49 [612/971] episode 47504781576405: hp 74->lost hp 75->lost | total wins 796/1224
01:27:50 [613/971] episode 47504781587406: hp 36->4 hp 23->lost | total wins 797/1226
01:27:52 [614/971] episode 47504781584406: hp 75->61 hp 75->67 | total wins 799/1228
01:27:53 [615/971] episode 47504781589408: hp 36->1 hp 39->11 | total wins 801/1230
01:27:55 [616/971] episode 47504781583405: hp 71->33 hp 74->45 | total wins 803/1232
01:28:00 [617/971] episode 47504781586408: hp 47->20 hp 49->lost | total wins 804/1234
01:28:04 [618/971] episode 47504781597406: hp 47->13 hp 50->8 | total wins 806/1236
01:28:06 [619/971] episode 47504781598407: hp 42->lost hp 37->lost | total wins 806/1238
01:28:06 [620/971] episode 47504781596404: hp 74->lost hp 73->lost | total wins 806/1240
01:28:06 [621/971] episode 47504781595406: hp 57->57 hp 57->43 | total wins 808/1242
01:28:10 [622/971] episode 47504781590405: hp 63->lost hp 58->lost | total wins 808/1244
01:28:11 [623/971] episode 47504781593407: hp 61->lost hp 46->lost | total wins 808/1246
01:28:14 [624/971] episode 47504781602405: hp 42->55 hp 18->28 | total wins 810/1248
01:28:15 [625/971] episode 47504781594406: hp 72->lost hp 74->lost | total wins 810/1250
01:28:19 [626/971] episode 47504781604406: hp 39->9 hp 41->36 | total wins 812/1252
01:28:22 [627/971] episode 47504781599407: hp 33->lost hp 27->lost | total wins 812/1254
01:28:24 [628/971] episode 47504781606405: hp 31->lost hp 60->lost | total wins 812/1256
01:28:25 [629/971] episode 47504781600403: hp 20->lost hp 50->31 | total wins 813/1258
01:28:26 [630/971] episode 47504781615407: hp 40->40 hp 44->44 | total wins 815/1260
01:28:28 [631/971] episode 47504781603407: hp 51->4 hp 64->24 | total wins 817/1262
01:28:30 [632/971] episode 47504781609405: hp 55->23 hp 70->18 | total wins 819/1264
01:28:30 [633/971] episode 47504781610405: hp 45->lost hp 50->11 | total wins 820/1266
01:28:30 [634/971] episode 47504781601405: hp 68->9 hp 58->14 | total wins 822/1268
01:28:31 [635/971] episode 47504781608407: hp 24->lost hp 46->lost | total wins 822/1270
01:28:37 [636/971] episode 47504781612404: hp 64->lost hp 70->9 | total wins 823/1272
01:28:49 [637/971] episode 47504781621407: hp 34->lost hp 26->lost | total wins 823/1274
01:28:49 [638/971] episode 47504781618405: hp 35->2 hp 51->32 | total wins 825/1276
01:28:51 [639/971] episode 47504781625406: hp 74->36 hp 56->22 | total wins 827/1278
01:28:52 [640/971] episode 47504781623407: hp 46->lost hp 54->lost | total wins 827/1280
01:28:53 [641/971] episode 47504781614406: hp 68->23 hp 74->18 | total wins 829/1282
01:28:54 [642/971] episode 47504781616404: hp 66->17 hp 61->lost | total wins 830/1284
01:28:58 [643/971] episode 47504781630406: hp 33->22 hp 40->3 | total wins 832/1286
01:28:58 [644/971] episode 47504781629407: hp 58->lost hp 62->lost | total wins 832/1288
01:28:59 [645/971] episode 47504781627405: hp 75->29 hp 75->15 | total wins 834/1290
01:29:03 [646/971] episode 47504781624405: hp 72->33 hp 45->lost | total wins 835/1292
01:29:08 [647/971] episode 47504781634406: hp 53->34 hp 41->lost | total wins 836/1294
01:29:12 [648/971] episode 47504781636407: hp 38->38 hp 56->47 | total wins 838/1296
01:29:16 [649/971] episode 47504781639404: hp 46->lost hp 35->lost | total wins 838/1298
01:29:18 [650/971] episode 47504781640408: hp 27->lost hp 27->lost | total wins 838/1300
01:29:18 [651/971] episode 47504781631407: hp 47->lost hp 44->6 | total wins 839/1302
01:29:18 [652/971] episode 47504781633407: hp 53->lost hp 47->lost | total wins 839/1304
01:29:20 [653/971] episode 47504781638408: hp 50->31 hp 42->22 | total wins 841/1306
01:29:22 [654/971] episode 47504781632406: hp 40->31 hp 37->3 | total wins 843/1308
01:29:24 [655/971] episode 47504781635405: hp 72->13 hp 68->lost | total wins 844/1310
01:29:26 [656/971] episode 47504781645406: hp 53->53 hp 64->54 | total wins 846/1312
01:29:28 [657/971] episode 47504781643407: hp 42->lost hp 42->lost | total wins 846/1314
01:29:33 [658/971] episode 47504781642408: hp 58->lost hp 44->lost | total wins 846/1316
01:29:41 [659/971] episode 47504781653404: hp 75->35 hp 75->35 | total wins 848/1318
01:29:43 [660/971] episode 47504781648407: hp 34->lost hp 37->lost | total wins 848/1320
01:29:46 [661/971] episode 47504781649405: hp 66->21 hp 56->lost | total wins 849/1322
01:29:46 [662/971] episode 47504781647407: hp 77->13 hp 80->18 | total wins 851/1324
01:29:48 [663/971] episode 47504781646407: hp 70->37 hp 39->lost | total wins 852/1326
01:29:50 [664/971] episode 47504781655408: hp 56->13 hp 64->26 | total wins 854/1328
01:29:52 [665/971] episode 47504781654407: hp 75->13 hp 64->10 | total wins 856/1330
01:29:54 [666/971] episode 47504781651407: hp 19->lost hp 50->lost | total wins 856/1332
01:29:57 [667/971] episode 47504781650408: hp 45->lost hp 30->lost | total wins 856/1334
01:29:58 [668/971] episode 47504781656406: hp 50->lost hp 47->29 | total wins 857/1336
01:30:01 [669/971] episode 47504781652406: hp 75->26 hp 66->5 | total wins 859/1338
01:30:06 [670/971] episode 47504781662406: hp 71->36 hp 73->61 | total wins 861/1340
01:30:07 [671/971] episode 47504781660406: hp 45->lost hp 40->lost | total wins 861/1342
01:30:13 [672/971] episode 47504781659409: hp 34->lost hp 49->lost | total wins 861/1344
01:30:13 [673/971] episode 47504781663405: hp 74->28 hp 66->26 | total wins 863/1346
01:30:15 [674/971] episode 47504781667405: hp 38->2 hp 46->lost | total wins 864/1348
01:30:15 [675/971] episode 47504781670405: hp 54->30 hp 59->27 | total wins 866/1350
01:30:18 [676/971] episode 47504781661405: hp 43->lost hp 61->9 | total wins 867/1352
01:30:18 [677/971] episode 47504781672405: hp 75->75 hp 75->75 | total wins 869/1354
01:30:20 [678/971] episode 47504781665407: hp 58->2 hp 70->23 | total wins 871/1356
01:30:20 [679/971] episode 47504781658409: hp 33->lost hp 46->28 | total wins 872/1358
01:30:22 [680/971] episode 47504781671406: hp 41->7 hp 47->15 | total wins 874/1360
01:30:23 [681/971] episode 47504781669408: hp 85->54 hp 74->55 | total wins 876/1362
01:30:27 [682/971] episode 47504781677408: hp 22->lost hp 32->6 | total wins 877/1364
01:30:27 [683/971] episode 47504781676409: hp 43->25 hp 54->54 | total wins 879/1366
01:30:35 [684/971] episode 47504781683406: hp 45->7 hp 28->lost | total wins 880/1368
01:30:36 [685/971] episode 47504781684405: hp 74->34 hp 60->39 | total wins 882/1370
01:30:37 [686/971] episode 47504781679404: hp 66->18 hp 82->22 | total wins 884/1372
01:30:38 [687/971] episode 47504781675406: hp 75->lost hp 65->lost | total wins 884/1374
01:30:39 [688/971] episode 47504781682406: hp 52->5 hp 41->lost | total wins 885/1376
01:30:43 [689/971] episode 47504781688406: hp 46->46 hp 56->38 | total wins 887/1378
01:30:43 [690/971] episode 47504781673407: hp 76->22 hp 50->11 | total wins 889/1380
01:30:45 [691/971] episode 47504781681405: hp 75->27 hp 75->15 | total wins 891/1382
01:30:45 [692/971] episode 47504781678406: hp 48->lost hp 52->lost | total wins 891/1384
01:30:49 [693/971] episode 47504781685405: hp 49->lost hp 54->4 | total wins 892/1386
01:30:59 [694/971] episode 47504781697406: hp 65->20 hp 64->31 | total wins 894/1388
01:31:01 [695/971] episode 47504781701406: hp 32->lost hp 32->lost | total wins 894/1390
01:31:03 [696/971] episode 47504781693407: hp 44->lost hp 52->3 | total wins 895/1392
01:31:04 [697/971] episode 47504781699407: hp 57->lost hp 50->lost | total wins 895/1394
01:31:06 [698/971] episode 47504781691408: hp 48->16 hp 38->1 | total wins 897/1396
01:31:07 [699/971] episode 47504781696404: hp 47->lost hp 50->lost | total wins 897/1398
01:31:08 [700/971] episode 47504781690407: hp 75->19 hp 70->41 | total wins 899/1400
01:31:08 [701/971] episode 47504781692405: hp 52->lost hp 66->31 | total wins 900/1402
01:31:18 [702/971] episode 47504781705406: hp 35->10 hp 25->lost | total wins 901/1404
01:31:20 [703/971] episode 47504781700405: hp 74->lost hp 67->10 | total wins 902/1406
01:31:21 [704/971] episode 47504781706406: hp 52->52 hp 60->60 | total wins 904/1408
01:31:22 [705/971] episode 47504781702408: hp 24->4 hp 10->lost | total wins 905/1410
01:31:24 [706/971] episode 47504781704406: hp 46->lost hp 75->lost | total wins 905/1412
01:31:25 [707/971] episode 47504781708406: hp 62->4 hp 75->19 | total wins 907/1414
01:31:28 [708/971] episode 47504781703407: hp 80->9 hp 55->8 | total wins 909/1416
01:31:33 [709/971] episode 47504781711408: hp 55->49 hp 50->46 | total wins 911/1418
01:31:35 [710/971] episode 47504781717407: hp 51->13 hp 54->20 | total wins 913/1420
01:31:35 [711/971] episode 47504781719407: hp 65->37 hp 53->23 | total wins 915/1422
01:31:36 [712/971] episode 47504781707406: hp 60->lost hp 40->lost | total wins 915/1424
01:31:36 [713/971] episode 47504781714408: hp 72->15 hp 68->7 | total wins 917/1426
01:31:38 [714/971] episode 47504781716406: hp 24->lost hp 49->2 | total wins 918/1428
01:31:46 [715/971] episode 47504781720406: hp 75->35 hp 75->55 | total wins 920/1430
01:31:47 [716/971] episode 47504781721407: hp 75->59 hp 75->63 | total wins 922/1432
01:31:49 [717/971] episode 47504781728406: hp 58->15 hp 47->lost | total wins 923/1434
01:31:52 [718/971] episode 47504781722405: hp 47->16 hp 43->8 | total wins 925/1436
01:31:54 [719/971] episode 47504781729405: hp 57->13 hp 53->17 | total wins 927/1438
01:31:54 [720/971] episode 47504781730406: hp 52->lost hp 28->lost | total wins 927/1440
01:31:58 [721/971] episode 47504781724407: hp 75->18 hp 75->3 | total wins 929/1442
01:32:01 [722/971] episode 47504781727406: hp 75->17 hp 55->24 | total wins 931/1444
01:32:01 [723/971] episode 47504781726405: hp 74->12 hp 75->13 | total wins 933/1446
01:32:04 [724/971] episode 47504781731406: hp 47->10 hp 63->33 | total wins 935/1448
01:32:04 [725/971] episode 47504781733408: hp 69->44 hp 75->60 | total wins 937/1450
01:32:09 [726/971] episode 47504781709407: hp 47->lost hp 56->lost | total wins 937/1452
01:32:12 [727/971] episode 47504781725406: hp 58->11 hp 62->12 | total wins 939/1454
01:32:13 [728/971] episode 47504781740405: hp 23->lost hp 38->19 | total wins 940/1456
01:32:14 [729/971] episode 47504781735406: hp 72->15 hp 46->3 | total wins 942/1458
01:32:17 [730/971] episode 47504781736404: hp 46->34 hp 62->32 | total wins 944/1460
01:32:18 [731/971] episode 47504781739407: hp 64->57 hp 75->70 | total wins 946/1462
01:32:19 [732/971] episode 47504781737408: hp 53->26 hp 60->lost | total wins 947/1464
01:32:23 [733/971] episode 47504781745402: hp 55->15 hp 49->lost | total wins 948/1466
01:32:32 [734/971] episode 47504781744405: hp 51->lost hp 70->3 | total wins 949/1468
01:32:32 [735/971] episode 47504781750404: hp 75->23 hp 75->34 | total wins 951/1470
01:32:35 [736/971] episode 47504781746407: hp 75->lost hp 75->lost | total wins 951/1472
01:32:37 [737/971] episode 47504781749407: hp 52->lost hp 50->15 | total wins 952/1474
01:32:38 [738/971] episode 47504781752406: hp 44->lost hp 34->lost | total wins 952/1476
01:32:39 [739/971] episode 47504781748404: hp 44->lost hp 65->lost | total wins 952/1478
01:32:42 [740/971] episode 47504781747406: hp 58->9 hp 74->56 | total wins 954/1480
01:32:42 [741/971] episode 47504781751408: hp 58->36 hp 53->33 | total wins 956/1482
01:32:50 [742/971] episode 47504781754405: hp 75->52 hp 75->23 | total wins 958/1484
01:32:52 [743/971] episode 47504781753406: hp 37->lost hp 32->lost | total wins 958/1486
01:32:53 [744/971] episode 47504781756407: hp 33->2 hp 58->32 | total wins 960/1488
01:32:53 [745/971] episode 47504781755406: hp 59->lost hp 41->lost | total wins 960/1490
01:32:58 [746/971] episode 47504781759407: hp 54->6 hp 55->11 | total wins 962/1492
01:32:58 [747/971] episode 47504781761405: hp 71->46 hp 75->47 | total wins 964/1494
01:33:00 [748/971] episode 47504781742406: hp 75->29 hp 75->59 | total wins 966/1496
01:33:01 [749/971] episode 47504781760406: hp 38->lost hp 51->lost | total wins 966/1498
01:33:08 [750/971] episode 47504781758408: hp 62->44 hp 45->14 | total wins 968/1500
01:33:13 [751/971] episode 47504781766407: hp 45->lost hp 66->3 | total wins 969/1502
01:33:15 [752/971] episode 47504781762406: hp 37->lost hp 39->lost | total wins 969/1504
01:33:16 [753/971] episode 47504781768406: hp 57->lost hp 55->13 | total wins 970/1506
01:33:19 [754/971] episode 47504781769407: hp 32->lost hp 42->lost | total wins 970/1508
01:33:19 [755/971] episode 47504781770406: hp 48->15 hp 61->11 | total wins 972/1510
01:33:21 [756/971] episode 47504781765405: hp 47->26 hp 60->33 | total wins 974/1512
01:33:24 [757/971] episode 47504781763408: hp 54->8 hp 74->14 | total wins 976/1514
01:33:26 [758/971] episode 47504781767407: hp 14->lost hp 43->lost | total wins 976/1516
01:33:34 [759/971] episode 47504781776405: hp 69->39 hp 52->18 | total wins 978/1518
01:33:35 [760/971] episode 47504781775405: hp 67->lost hp 62->lost | total wins 978/1520
01:33:36 [761/971] episode 47504781780407: hp 75->55 hp 69->69 | total wins 980/1522
01:33:38 [762/971] episode 47504781771406: hp 75->51 hp 69->33 | total wins 982/1524
01:33:39 [763/971] episode 47504781782407: hp 49->37 hp 72->63 | total wins 984/1526
01:33:41 [764/971] episode 47504781783409: hp 75->39 hp 74->50 | total wins 986/1528
01:33:44 [765/971] episode 47504781788407: hp 42->lost hp 59->9 | total wins 987/1530
01:33:49 [766/971] episode 47504781781408: hp 71->53 hp 56->22 | total wins 989/1532
01:33:50 [767/971] episode 47504781786407: hp 53->lost hp 65->lost | total wins 989/1534
01:33:51 [768/971] episode 47504781790407: hp 48->20 hp 46->8 | total wins 991/1536
01:33:55 [769/971] episode 47504781789406: hp 57->9 hp 59->24 | total wins 993/1538
01:33:55 [770/971] episode 47504781787405: hp 75->44 hp 69->19 | total wins 995/1540
01:33:55 [771/971] episode 47504781798408: hp 57->57 hp 53->53 | total wins 997/1542
01:33:56 [772/971] episode 47504781794405: hp 75->59 hp 72->36 | total wins 999/1544
01:33:59 [773/971] episode 47504781792404: hp 41->14 hp 41->lost | total wins 1000/1546
01:34:00 [774/971] episode 47504781791407: hp 26->lost hp 30->lost | total wins 1000/1548
01:34:00 [775/971] episode 47504781793407: hp 46->46 hp 40->40 | total wins 1002/1550
01:34:03 [776/971] episode 47504781795406: hp 46->34 hp 41->lost | total wins 1003/1552
01:34:14 [777/971] episode 47504781800406: hp 32->lost hp 40->14 | total wins 1004/1554
01:34:16 [778/971] episode 47504781803403: hp 57->21 hp 72->lost | total wins 1005/1556
01:34:17 [779/971] episode 47504781802406: hp 65->65 hp 51->51 | total wins 1007/1558
01:34:19 [780/971] episode 47504781805405: hp 69->lost hp 75->35 | total wins 1008/1560
01:34:21 [781/971] episode 47504781804407: hp 57->56 hp 41->28 | total wins 1010/1562
01:34:21 [782/971] episode 47504781797405: hp 57->8 hp 68->49 | total wins 1012/1564
01:34:24 [783/971] episode 47504781806405: hp 75->lost hp 75->lost | total wins 1012/1566
01:34:28 [784/971] episode 47504781808406: hp 59->12 hp 49->lost | total wins 1013/1568
01:34:29 [785/971] episode 47504781807407: hp 78->lost hp 78->25 | total wins 1014/1570
01:34:30 [786/971] episode 47504781809404: hp 58->26 hp 50->22 | total wins 1016/1572
01:34:31 [787/971] episode 47504781799406: hp 69->4 hp 64->11 | total wins 1018/1574
01:34:36 [788/971] episode 47504781816406: hp 52->52 hp 49->47 | total wins 1020/1576
01:34:37 [789/971] episode 47504781815406: hp 54->28 hp 56->32 | total wins 1022/1578
01:34:39 [790/971] episode 47504781811407: hp 31->23 hp 45->lost | total wins 1023/1580
01:34:41 [791/971] episode 47504781801407: hp 91->39 hp 91->lost | total wins 1024/1582
01:34:41 [792/971] episode 47504781810407: hp 33->16 hp 48->19 | total wins 1026/1584
01:34:45 [793/971] episode 47504781818406: hp 45->lost hp 37->lost | total wins 1026/1586
01:34:48 [794/971] episode 47504781823407: hp 58->40 hp 41->41 | total wins 1028/1588
01:34:48 [795/971] episode 47504781813406: hp 50->21 hp 51->12 | total wins 1030/1590
01:34:53 [796/971] episode 47504781822408: hp 51->42 hp 56->26 | total wins 1032/1592
01:34:54 [797/971] episode 47504781827406: hp 64->64 hp 45->19 | total wins 1034/1594
01:34:55 [798/971] episode 47504781821408: hp 55->9 hp 78->42 | total wins 1036/1596
01:34:56 [799/971] episode 47504781826405: hp 46->lost hp 55->lost | total wins 1036/1598
01:34:56 [800/971] episode 47504781820409: hp 54->8 hp 53->26 | total wins 1038/1600
01:35:00 [801/971] episode 47504781824406: hp 64->43 hp 63->31 | total wins 1040/1602
01:35:06 [802/971] episode 47504781825407: hp 54->7 hp 54->lost | total wins 1041/1604
01:35:10 [803/971] episode 47504781828407: hp 67->71 hp 42->8 | total wins 1043/1606
01:35:10 [804/971] episode 47504781830406: hp 47->19 hp 38->23 | total wins 1045/1608
01:35:13 [805/971] episode 47504781834406: hp 75->69 hp 75->57 | total wins 1047/1610
01:35:15 [806/971] episode 47504781833405: hp 52->12 hp 54->13 | total wins 1049/1612
01:35:17 [807/971] episode 47504781829408: hp 50->lost hp 54->lost | total wins 1049/1614
01:35:23 [808/971] episode 47504781831406: hp 71->lost hp 44->lost | total wins 1049/1616
01:35:25 [809/971] episode 47504781836406: hp 60->lost hp 50->5 | total wins 1050/1618
01:35:25 [810/971] episode 47504781837406: hp 77->77 hp 71->23 | total wins 1052/1620
01:35:29 [811/971] episode 47504781840408: hp 42->13 hp 49->1 | total wins 1054/1622
01:35:32 [812/971] episode 47504781841407: hp 75->32 hp 50->13 | total wins 1056/1624
01:35:35 [813/971] episode 47504781842406: hp 37->lost hp 46->lost | total wins 1056/1626
01:35:43 [814/971] episode 47504781849406: hp 70->58 hp 70->32 | total wins 1058/1628
01:35:43 [815/971] episode 47504781843405: hp 45->lost hp 41->lost | total wins 1058/1630
01:35:43 [816/971] episode 47504781845409: hp 75->37 hp 75->29 | total wins 1060/1632
01:35:43 [817/971] episode 47504781838407: hp 45->lost hp 48->30 | total wins 1061/1634
01:35:45 [818/971] episode 47504781832406: hp 59->24 hp 33->5 | total wins 1063/1636
01:35:46 [819/971] episode 47504781846406: hp 54->12 hp 42->31 | total wins 1065/1638
01:35:48 [820/971] episode 47504781844407: hp 63->47 hp 73->53 | total wins 1067/1640
01:35:51 [821/971] episode 47504781847405: hp 62->28 hp 70->38 | total wins 1069/1642
01:35:57 [822/971] episode 47504781848406: hp 65->61 hp 75->37 | total wins 1071/1644
01:36:00 [823/971] episode 47504781850407: hp 43->37 hp 46->11 | total wins 1073/1646
01:36:01 [824/971] episode 47504781851404: hp 75->28 hp 55->17 | total wins 1075/1648
01:36:03 [825/971] episode 47504781858406: hp 57->57 hp 39->25 | total wins 1077/1650
01:36:07 [826/971] episode 47504781855406: hp 71->4 hp 75->19 | total wins 1079/1652
01:36:07 [827/971] episode 47504781853406: hp 74->18 hp 73->53 | total wins 1081/1654
01:36:07 [828/971] episode 47504781859406: hp 75->75 hp 75->75 | total wins 1083/1656
01:36:09 [829/971] episode 47504781856406: hp 16->lost hp 40->lost | total wins 1083/1658
01:36:10 [830/971] episode 47504781861406: hp 48->48 hp 53->42 | total wins 1085/1660
01:36:15 [831/971] episode 47504781866406: hp 54->7 hp 44->36 | total wins 1087/1662
01:36:16 [832/971] episode 47504781857406: hp 33->lost hp 61->lost | total wins 1087/1664
01:36:21 [833/971] episode 47504781867406: hp 60->44 hp 66->32 | total wins 1089/1666
01:36:21 [834/971] episode 47504781862406: hp 56->36 hp 43->20 | total wins 1091/1668
01:36:21 [835/971] episode 47504781869407: hp 47->47 hp 26->lost | total wins 1092/1670
01:36:27 [836/971] episode 47504781852405: hp 61->60 hp 75->lost | total wins 1093/1672
01:36:33 [837/971] episode 47504781872407: hp 39->lost hp 66->26 | total wins 1094/1674
01:36:34 [838/971] episode 47504781879406: hp 49->49 hp 40->40 | total wins 1096/1676
01:36:34 [839/971] episode 47504781877407: hp 75->23 hp 72->26 | total wins 1098/1678
01:36:35 [840/971] episode 47504781878407: hp 68->60 hp 51->45 | total wins 1100/1680
01:36:39 [841/971] episode 47504781868406: hp 75->48 hp 74->31 | total wins 1102/1682
01:36:39 [842/971] episode 47504781870406: hp 61->3 hp 71->5 | total wins 1104/1684
01:36:40 [843/971] episode 47504781876407: hp 69->11 hp 69->24 | total wins 1106/1686
01:36:44 [844/971] episode 47504781884405: hp 50->39 hp 57->57 | total wins 1108/1688
01:36:49 [845/971] episode 47504781875406: hp 38->19 hp 41->20 | total wins 1110/1690
01:36:49 [846/971] episode 47504781882406: hp 41->lost hp 27->14 | total wins 1111/1692
01:36:51 [847/971] episode 47504781887406: hp 67->lost hp 67->10 | total wins 1112/1694
01:36:53 [848/971] episode 47504781881406: hp 75->lost hp 75->4 | total wins 1113/1696
01:36:54 [849/971] episode 47504781886406: hp 61->lost hp 49->lost | total wins 1113/1698
01:36:59 [850/971] episode 47504781892405: hp 62->62 hp 23->22 | total wins 1115/1700
01:37:00 [851/971] episode 47504781897406: hp 30->lost hp 47->lost | total wins 1115/1702
01:37:01 [852/971] episode 47504781889406: hp 54->lost hp 62->lost | total wins 1115/1704
01:37:02 [853/971] episode 47504781891407: hp 72->74 hp 75->57 | total wins 1117/1706
01:37:07 [854/971] episode 47504781893405: hp 48->lost hp 66->22 | total wins 1118/1708
01:37:12 [855/971] episode 47504781898407: hp 75->68 hp 75->53 | total wins 1120/1710
01:37:14 [856/971] episode 47504781896405: hp 74->lost hp 75->lost | total wins 1120/1712
01:37:14 [857/971] episode 47504781901403: hp 85->8 hp 85->lost | total wins 1121/1714
01:37:15 [858/971] episode 47504781899407: hp 61->32 hp 52->34 | total wins 1123/1716
01:37:17 [859/971] episode 47504781902407: hp 21->lost hp 30->lost | total wins 1123/1718
01:37:19 [860/971] episode 47504781895406: hp 64->45 hp 56->28 | total wins 1125/1720
01:37:24 [861/971] episode 47504781903405: hp 80->38 hp 82->31 | total wins 1127/1722
01:37:26 [862/971] episode 47504781905406: hp 43->7 hp 54->lost | total wins 1128/1724
01:37:28 [863/971] episode 47504781913406: hp 36->36 hp 46->45 | total wins 1130/1726
01:37:29 [864/971] episode 47504781906406: hp 34->lost hp 59->25 | total wins 1131/1728
01:37:32 [865/971] episode 47504781910406: hp 37->lost hp 34->lost | total wins 1131/1730
01:37:34 [866/971] episode 47504781900405: hp 53->lost hp 52->lost | total wins 1131/1732
01:37:36 [867/971] episode 47504781911405: hp 33->11 hp 40->4 | total wins 1133/1734
01:37:36 [868/971] episode 47504781907406: hp 42->lost hp 48->23 | total wins 1134/1736
01:37:37 [869/971] episode 47504781914408: hp 45->33 hp 17->17 | total wins 1136/1738
01:37:40 [870/971] episode 47504781917408: hp 26->lost hp 46->lost | total wins 1136/1740
01:37:42 [871/971] episode 47504781918406: hp 65->62 hp 53->50 | total wins 1138/1742
01:37:42 [872/971] episode 47504781915405: hp 75->31 hp 61->24 | total wins 1140/1744
01:37:44 [873/971] episode 47504781920406: hp 61->41 hp 68->lost | total wins 1141/1746
01:37:44 [874/971] episode 47504781925407: hp 40->lost hp 27->lost | total wins 1141/1748
01:37:45 [875/971] episode 47504781912405: hp 67->lost hp 49->7 | total wins 1142/1750
01:37:48 [876/971] episode 47504781919407: hp 53->40 hp 75->52 | total wins 1144/1752
01:37:57 [877/971] episode 47504781932404: hp 57->lost hp 65->9 | total wins 1145/1754
01:38:00 [878/971] episode 47504781927407: hp 39->lost hp 51->lost | total wins 1145/1756
01:38:00 [879/971] episode 47504781924405: hp 51->lost hp 55->1 | total wins 1146/1758
01:38:03 [880/971] episode 47504781926407: hp 39->lost hp 37->lost | total wins 1146/1760
01:38:04 [881/971] episode 47504781933406: hp 36->29 hp 58->46 | total wins 1148/1762
01:38:06 [882/971] episode 47504781922406: hp 44->lost hp 36->12 | total wins 1149/1764
01:38:11 [883/971] episode 47504781931409: hp 40->lost hp 71->39 | total wins 1150/1766
01:38:12 [884/971] episode 47504781923405: hp 75->24 hp 75->lost | total wins 1151/1768
01:38:18 [885/971] episode 47504781930408: hp 53->55 hp 46->51 | total wins 1153/1770
01:38:18 [886/971] episode 47504781939406: hp 59->59 hp 50->34 | total wins 1155/1772
01:38:19 [887/971] episode 47504781937405: hp 75->35 hp 75->33 | total wins 1157/1774
01:38:23 [888/971] episode 47504781935406: hp 49->6 hp 62->lost | total wins 1158/1776
01:38:23 [889/971] episode 47504781934405: hp 50->17 hp 33->lost | total wins 1159/1778
01:38:30 [890/971] episode 47504781938408: hp 59->lost hp 37->lost | total wins 1159/1780
01:38:30 [891/971] episode 47504781936407: hp 64->8 hp 58->38 | total wins 1161/1782
01:38:32 [892/971] episode 47504781942406: hp 55->21 hp 45->14 | total wins 1163/1784
01:38:36 [893/971] episode 47504781946407: hp 75->72 hp 75->46 | total wins 1165/1786
01:38:40 [894/971] episode 47504781952405: hp 31->lost hp 18->lost | total wins 1165/1788
01:38:43 [895/971] episode 47504781941407: hp 75->8 hp 75->50 | total wins 1167/1790
01:38:46 [896/971] episode 47504781953407: hp 26->lost hp 39->4 | total wins 1168/1792
01:38:47 [897/971] episode 47504781943406: hp 31->15 hp 65->64 | total wins 1170/1794
01:38:47 [898/971] episode 47504781954407: hp 27->lost hp 31->7 | total wins 1171/1796
01:38:48 [899/971] episode 47504781947407: hp 54->lost hp 52->29 | total wins 1172/1798
01:38:49 [900/971] episode 47504781944404: hp 44->4 hp 62->18 | total wins 1174/1800
01:38:50 [901/971] episode 47504781940406: hp 51->17 hp 48->33 | total wins 1176/1802
01:38:55 [902/971] episode 47504781949406: hp 36->lost hp 42->2 | total wins 1177/1804
01:38:58 [903/971] episode 47504781950406: hp 75->7 hp 60->lost | total wins 1178/1806
01:39:01 [904/971] episode 47504781955407: hp 50->lost hp 54->15 | total wins 1179/1808
01:39:06 [905/971] episode 47504781957409: hp 63->lost hp 54->lost | total wins 1179/1810
01:39:08 [906/971] episode 47504781960407: hp 57->21 hp 75->23 | total wins 1181/1812
01:39:08 [907/971] episode 47504781963408: hp 57->lost hp 26->lost | total wins 1181/1814
01:39:09 [908/971] episode 47504781958406: hp 75->43 hp 74->41 | total wins 1183/1816
01:39:15 [909/971] episode 47504781961405: hp 75->25 hp 47->4 | total wins 1185/1818
01:39:18 [910/971] episode 47504781964407: hp 70->7 hp 47->lost | total wins 1186/1820
01:39:19 [911/971] episode 47504781962405: hp 62->lost hp 56->lost | total wins 1186/1822
01:39:19 [912/971] episode 47504781967407: hp 75->1 hp 75->12 | total wins 1188/1824
01:39:21 [913/971] episode 47504781971408: hp 75->34 hp 68->34 | total wins 1190/1826
01:39:23 [914/971] episode 47504781959405: hp 75->lost hp 75->lost | total wins 1190/1828
01:39:23 [915/971] episode 47504781966406: hp 42->10 hp 32->22 | total wins 1192/1830
01:39:25 [916/971] episode 47504781974406: hp 30->4 hp 39->12 | total wins 1194/1832
01:39:27 [917/971] episode 47504781975404: hp 66->lost hp 55->lost | total wins 1194/1834
01:39:27 [918/971] episode 47504781969406: hp 44->24 hp 40->lost | total wins 1195/1836
01:39:29 [919/971] episode 47504781970405: hp 75->23 hp 59->8 | total wins 1197/1838
01:39:34 [920/971] episode 47504781976407: hp 62->62 hp 70->64 | total wins 1199/1840
01:39:41 [921/971] episode 47504781984406: hp 51->51 hp 38->38 | total wins 1201/1842
01:39:42 [922/971] episode 47504781980407: hp 76->lost hp 80->lost | total wins 1201/1844
01:39:44 [923/971] episode 47504781983407: hp 41->23 hp 57->57 | total wins 1203/1846
01:39:45 [924/971] episode 47504781977405: hp 38->7 hp 65->34 | total wins 1205/1848
01:39:47 [925/971] episode 47504781978408: hp 57->12 hp 64->lost | total wins 1206/1850
01:39:48 [926/971] episode 47504781981404: hp 53->38 hp 60->lost | total wins 1207/1852
01:39:51 [927/971] episode 47504781988408: hp 44->lost hp 57->7 | total wins 1208/1854
01:39:56 [928/971] episode 47504781987406: hp 50->32 hp 47->36 | total wins 1210/1856
01:39:57 [929/971] episode 47504781982406: hp 75->9 hp 58->lost | total wins 1211/1858
01:40:03 [930/971] episode 47504781993408: hp 74->64 hp 73->71 | total wins 1213/1860
01:40:10 [931/971] episode 47504781998406: hp 52->50 hp 64->31 | total wins 1215/1862
01:40:11 [932/971] episode 47504781992406: hp 53->11 hp 31->10 | total wins 1217/1864
01:40:11 [933/971] episode 47504781990407: hp 53->lost hp 51->lost | total wins 1217/1866
01:40:12 [934/971] episode 47504781994407: hp 43->lost hp 56->2 | total wins 1218/1868
01:40:17 [935/971] episode 47504781997408: hp 46->29 hp 51->18 | total wins 1220/1870
01:40:19 [936/971] episode 47504781991405: hp 51->33 hp 57->16 | total wins 1222/1872
01:40:19 [937/971] episode 47504781996406: hp 65->lost hp 75->lost | total wins 1222/1874
01:40:20 [938/971] episode 47504782005406: hp 26->lost hp 32->lost | total wins 1222/1876
01:40:25 [939/971] episode 47504781986406: hp 40->lost hp 57->5 | total wins 1223/1878
01:40:27 [940/971] episode 47504782013406: hp 57->9 hp 31->lost | total wins 1224/1880
01:40:29 [941/971] episode 47504782001407: hp 54->lost hp 38->lost | total wins 1224/1882
01:40:33 [942/971] episode 47504782008407: hp 75->lost hp 55->9 | total wins 1225/1884
01:40:34 [943/971] episode 47504782016405: hp 58->46 hp 49->30 | total wins 1227/1886
01:40:37 [944/971] episode 47504782019405: hp 55->20 hp 48->8 | total wins 1229/1888
01:40:37 [945/971] episode 47504782009405: hp 60->34 hp 55->1 | total wins 1231/1890
01:40:38 [946/971] episode 47504782002408: hp 32->14 hp 46->12 | total wins 1233/1892
01:40:42 [947/971] episode 47504782017407: hp 42->lost hp 17->lost | total wins 1233/1894
01:40:42 [948/971] episode 47504782014405: hp 66->62 hp 55->32 | total wins 1235/1896
01:40:50 [949/971] episode 47504782025407: hp 52->52 hp 43->43 | total wins 1237/1898
01:40:50 [950/971] episode 47504781999407: hp 60->7 hp 52->25 | total wins 1239/1900
01:40:50 [951/971] episode 47504782012407: hp 80->74 hp 66->60 | total wins 1241/1902
01:40:55 [952/971] episode 47504782022405: hp 50->19 hp 42->lost | total wins 1242/1904
01:41:00 [953/971] episode 47504782026405: hp 47->lost hp 47->14 | total wins 1243/1906
01:41:00 [954/971] episode 47504782028406: hp 42->30 hp 50->24 | total wins 1245/1908
01:41:03 [955/971] episode 47504782027408: hp 47->6 hp 48->lost | total wins 1246/1910
01:41:09 [956/971] episode 47504782031406: hp 63->11 hp 75->2 | total wins 1248/1912
01:41:09 [957/971] episode 47504782024406: hp 60->lost hp 46->lost | total wins 1248/1914
01:41:10 [958/971] episode 47504782033406: hp 75->75 hp 75->29 | total wins 1250/1916
01:41:17 [959/971] episode 47504782030406: hp 62->35 hp 70->63 | total wins 1252/1918
01:41:17 [960/971] episode 47504782021410: hp 42->32 hp 38->2 | total wins 1254/1920
01:41:17 [961/971] episode 47504782020408: hp 70->18 hp 75->16 | total wins 1256/1922
01:41:21 [962/971] episode 47504782029405: hp 68->31 hp 39->lost | total wins 1257/1924
01:41:26 [963/971] episode 47504782032405: hp 65->1 hp 71->lost | total wins 1258/1926
01:41:30 [964/971] episode 47504782043408: hp 31->12 hp 25->16 | total wins 1260/1928
01:41:30 [965/971] episode 47504782034405: hp 53->26 hp 69->47 | total wins 1262/1930
01:41:32 [966/971] episode 47504782036406: hp 68->11 hp 56->lost | total wins 1263/1932
01:41:32 [967/971] episode 47504782035406: hp 54->lost hp 49->2 | total wins 1264/1934
01:41:32 [968/971] episode 47504782042405: hp 75->53 hp 75->40 | total wins 1266/1936
01:41:33 [969/971] episode 47504782040406: hp 65->27 hp 75->29 | total wins 1268/1938
01:41:36 [970/971] episode 47504782044407: hp 75->lost hp 62->lost | total wins 1268/1940
01:41:52 [971/971] episode 47504782037407: hp 38->25 hp 59->33 | total wins 1270/1942
01:41:52 done in 38.0 min: {'schema': 'combat_v3', 'query': "select * from combat_v3\nwhere id = 'act1-all-bosses-a20-scaled-search' and source_episode_id is null and run_seed % 10 = 4 and category = 'boss'\n", 'sources': ['combat_v3/2026-09-26/act1-all-bosses-a20-scaled-search'], 'value_run': 'value_net_v1/2026-09-26/ab-gen0', 'teacher': {'batch': 64, 'child_min_visits': 50, 'early_stop': True, 'forced_simulations': 500, 'leaf': 'value_net', 'max_actions': 512, 'oracle': False, 'particles': 8, 'random_move': False, 'random_window': 24, 'simulations': 20000}, 'worker_sha256': 'e47e3682492f0137c61140a17aa1ed0c4ff701be752ca95235fb3ad02331ff2b', 'samples': 2, 'hp_sd': 10, 'random_potions': False, 'source_fights': 971, 'fights': 1942, 'wins': 1270, 'mean_terminal_value': 0.3064608869558959, 'seconds_per_fight': 11.6245365399575}
run: done (exit 0) /home/sborowsk/project/sts_combat_rl/runs/schema=combat_v3/date=2026-09-27/id=ab-selfplay-gen1-boss
