run: /home/sborowsk/project/sts_combat_rl/scratch/schema=value_net_v1/date=2026-09-26/id=ab-gen0-sweep-small
log: /home/sborowsk/project/sts_combat_rl/scratch/schema=value_net_v1/date=2026-09-26/id=ab-gen0-sweep-small/logs/stdout.log (stderr: /home/sborowsk/project/sts_combat_rl/scratch/schema=value_net_v1/date=2026-09-26/id=ab-gen0-sweep-small/logs/stderr.log)

Value training
==============
config:     /home/sborowsk/project/sts_combat_rl/experiments/act-1-combat/2026-09-26-all-bosses/configs/sweep/small.toml
output:     /home/sborowsk/project/sts_combat_rl/scratch/schema=value_net_v1/date=2026-09-26/id=ab-gen0-sweep-small/out
checkpoint: /home/sborowsk/project/sts_combat_rl/scratch/schema=value_net_v1/date=2026-09-26/id=ab-gen0-sweep-small/out/value_checkpoint.pt

Inputs
------
data:        select * from combat_v3
where id = 'act1-all-bosses-a20-scaled-search' and source_episode_id is null and run_seed % 10 >= 6
  and episode_id in (
    select episode_id from (
      select episode_id, row_number() over (partition by category, encounter order by hash(episode_id)) k
      from (select distinct episode_id, category, encounter from combat_v3
            where id = 'act1-all-bosses-a20-scaled-search' and source_episode_id is null and run_seed % 10 >= 6))
    where k <= 1300)


Model
-----
kind:                deep_sets_v2
head_blocks:         1
head_width:          128
width:               64

Config
------
epochs:              5
batch_size:          1024
lr:                  0.001
weight_decay:        0.01
width:               64
seed:                0
validation_fraction: 0.1
label:               shift
blend:               0.5
split:               pinned
lr_schedule:         cosine
keep:                best
threads:             1
device:              cuda
aux_won_weight:      0.01
aux_hp_weight:       0.1
device: cuda (NVIDIA GeForce RTX 3060)
label shift: clipped 10615 of 1337153 targets to [0, 1]

Dataset
-------
rows: train=1,199,876  valid=137,277
runs: train=4,311  valid=479
fights: train=19,117  valid=2,136
encounter: {'blue_slaver': 39029, 'cultist': 36145, 'exordium_thugs': 44491, 'exordium_wildlife': 40912, 'gremlin_gang': 36609, 'gremlin_nob': 60515, 'hexaghost': 138708, 'jaw_worm': 44941, 'lagavulin': 94325, 'lagavulin_event': 8970, 'large_slime': 54011, 'looter': 32842, 'lots_of_slimes': 38976, 'mushrooms_event': 24780, 'red_slaver': 19826, 'slime_boss': 139590, 'small_slimes': 53257, 'the_guardian': 157547, 'three_louse': 41206, 'three_sentries': 143398, 'two_fungi_beasts': 42700, 'two_louse': 44375}
category: {'boss': 435845, 'easy': 178718, 'elite': 280125, 'event': 51863, 'hard': 390602}
target: label=shift  blend=0.5
aux: won_weight=0.01  hp_weight=0.1  masked_rows=17.2%  hp_masked_rows=14.8%

Training
--------
Each epoch prints batch progress, then validation metrics.
epoch  time    train_mse  train_mae  valid_mse  valid_mae  baseline   teacher
-----  ------  ---------  ---------  ---------  ---------  ---------  ---------
  epoch   1/5   [#.......................]    58/1172  loss=0.031239
  epoch   1/5   [##......................]   116/1172  loss=0.012800
  epoch   1/5   [####....................]   174/1172  loss=0.010855
  epoch   1/5   [#####...................]   232/1172  loss=0.010687
  epoch   1/5   [######..................]   290/1172  loss=0.009148
  epoch   1/5   [#######.................]   348/1172  loss=0.008869
  epoch   1/5   [########................]   406/1172  loss=0.007823
  epoch   1/5   [##########..............]   464/1172  loss=0.007747
  epoch   1/5   [###########.............]   522/1172  loss=0.007834
  epoch   1/5   [############............]   580/1172  loss=0.007098
  epoch   1/5   [#############...........]   638/1172  loss=0.007011
  epoch   1/5   [##############..........]   696/1172  loss=0.006829
  epoch   1/5   [###############.........]   754/1172  loss=0.007249
  epoch   1/5   [#################.......]   812/1172  loss=0.007549
  epoch   1/5   [##################......]   870/1172  loss=0.007134
  epoch   1/5   [###################.....]   928/1172  loss=0.006925
  epoch   1/5   [####################....]   986/1172  loss=0.006906
  epoch   1/5   [#####################...]  1044/1172  loss=0.006394
  epoch   1/5   [#######################.]  1102/1172  loss=0.005692
  epoch   1/5   [########################]  1160/1172  loss=0.006046
  epoch   1/5   [########################]  1172/1172  loss=0.005461
  summary epoch=1/5 time=33.2s train_mse=0.004591 train_mae=0.046833 valid_mse=0.005449 valid_mae=0.050515 baseline_mse=0.063311 teacher_mse=0.002877 value_loss=0.008384 aux_won_bce=0.141594 aux_hp_mse=0.010202 lr_end=9.05e-04
  validation by encounter             rows       mse  baseline   teacher
  boss/hexaghost                     14448   0.00716   0.02710   0.00268
  boss/slime_boss                    13958   0.00917   0.04246   0.00499
  boss/the_guardian                  17556   0.00663   0.03207   0.00532
  easy/cultist                        3391   0.00203   0.00968   0.00186
  easy/jaw_worm                       4551   0.00173   0.01079   0.00103
  easy/small_slimes                   5297   0.00079   0.00772   0.00057
  easy/two_louse                      4305   0.00070   0.00475   0.00043
  elite/gremlin_nob                   5790   0.00998   0.04194   0.00735
  elite/lagavulin                     9744   0.00743   0.03771   0.00371
  elite/three_sentries               14289   0.00834   0.03576   0.00204
  event/gremlin_nob                    456   0.00775   0.02351   0.00642
  event/lagavulin_event                581   0.01042   0.04871   0.00682
  event/mushrooms_event               2028   0.00730   0.03003   0.00339
  event/three_sentries                 907   0.00496   0.03764   0.00029
  hard/blue_slaver                    4431   0.00131   0.01547   0.00058
  hard/exordium_thugs                 4971   0.00301   0.02359   0.00162
  hard/exordium_wildlife              4410   0.00271   0.01787   0.00153
  hard/gremlin_gang                   3720   0.00638   0.03843   0.00380
  hard/large_slime                    5000   0.00252   0.02151   0.00180
  hard/looter                         3223   0.00114   0.01984   0.00062
  hard/lots_of_slimes                 3505   0.00270   0.02649   0.00136
  hard/red_slaver                     1770   0.00199   0.02028   0.00065
  hard/three_louse                    4470   0.00148   0.01660   0.00072
  hard/two_fungi_beasts               4476   0.00169   0.02022   0.00086
  saved /home/sborowsk/project/sts_combat_rl/scratch/schema=value_net_v1/date=2026-09-26/id=ab-gen0-sweep-small/out/value_checkpoint.pt (epoch 1)
  epoch   2/5   [#.......................]    58/1172  loss=0.006248
  epoch   2/5   [##......................]   116/1172  loss=0.006339
  epoch   2/5   [####....................]   174/1172  loss=0.005925
  epoch   2/5   [#####...................]   232/1172  loss=0.006279
  epoch   2/5   [######..................]   290/1172  loss=0.006639
  epoch   2/5   [#######.................]   348/1172  loss=0.006066
  epoch   2/5   [########................]   406/1172  loss=0.006469
  epoch   2/5   [##########..............]   464/1172  loss=0.005564
  epoch   2/5   [###########.............]   522/1172  loss=0.005602
  epoch   2/5   [############............]   580/1172  loss=0.005472
  epoch   2/5   [#############...........]   638/1172  loss=0.005698
  epoch   2/5   [##############..........]   696/1172  loss=0.005899
  epoch   2/5   [###############.........]   754/1172  loss=0.005906
  epoch   2/5   [#################.......]   812/1172  loss=0.005725
  epoch   2/5   [##################......]   870/1172  loss=0.005090
  epoch   2/5   [###################.....]   928/1172  loss=0.005382
  epoch   2/5   [####################....]   986/1172  loss=0.004830
  epoch   2/5   [#####################...]  1044/1172  loss=0.005003
  epoch   2/5   [#######################.]  1102/1172  loss=0.005486
  epoch   2/5   [########################]  1160/1172  loss=0.005805
  epoch   2/5   [########################]  1172/1172  loss=0.005421
  summary epoch=2/5 time=34.0s train_mse=0.003921 train_mae=0.043623 valid_mse=0.005341 valid_mae=0.050013 baseline_mse=0.063311 teacher_mse=0.002877 value_loss=0.004257 aux_won_bce=0.092887 aux_hp_mse=0.005717 lr_end=6.55e-04
  validation by encounter             rows       mse  baseline   teacher
  boss/hexaghost                     14448   0.00625   0.02710   0.00268
  boss/slime_boss                    13958   0.01039   0.04246   0.00499
  boss/the_guardian                  17556   0.00647   0.03207   0.00532
  easy/cultist                        3391   0.00188   0.00968   0.00186
  easy/jaw_worm                       4551   0.00164   0.01079   0.00103
  easy/small_slimes                   5297   0.00073   0.00772   0.00057
  easy/two_louse                      4305   0.00064   0.00475   0.00043
  elite/gremlin_nob                   5790   0.01005   0.04194   0.00735
  elite/lagavulin                     9744   0.00676   0.03771   0.00371
  elite/three_sentries               14289   0.00808   0.03576   0.00204
  event/gremlin_nob                    456   0.00542   0.02351   0.00642
  event/lagavulin_event                581   0.00836   0.04871   0.00682
  event/mushrooms_event               2028   0.00699   0.03003   0.00339
  event/three_sentries                 907   0.00381   0.03764   0.00029
  hard/blue_slaver                    4431   0.00132   0.01547   0.00058
  hard/exordium_thugs                 4971   0.00303   0.02359   0.00162
  hard/exordium_wildlife              4410   0.00242   0.01787   0.00153
  hard/gremlin_gang                   3720   0.00634   0.03843   0.00380
  hard/large_slime                    5000   0.00267   0.02151   0.00180
  hard/looter                         3223   0.00106   0.01984   0.00062
  hard/lots_of_slimes                 3505   0.00293   0.02649   0.00136
  hard/red_slaver                     1770   0.00163   0.02028   0.00065
  hard/three_louse                    4470   0.00136   0.01660   0.00072
  hard/two_fungi_beasts               4476   0.00185   0.02022   0.00086
  saved /home/sborowsk/project/sts_combat_rl/scratch/schema=value_net_v1/date=2026-09-26/id=ab-gen0-sweep-small/out/value_checkpoint.pt (epoch 2)
  epoch   3/5   [#.......................]    58/1172  loss=0.005289
  epoch   3/5   [##......................]   116/1172  loss=0.004719
  epoch   3/5   [####....................]   174/1172  loss=0.005349
  epoch   3/5   [#####...................]   232/1172  loss=0.005078
  epoch   3/5   [######..................]   290/1172  loss=0.004920
  epoch   3/5   [#######.................]   348/1172  loss=0.004795
  epoch   3/5   [########................]   406/1172  loss=0.004319
  epoch   3/5   [##########..............]   464/1172  loss=0.005003
  epoch   3/5   [###########.............]   522/1172  loss=0.004893
  epoch   3/5   [############............]   580/1172  loss=0.005494
  epoch   3/5   [#############...........]   638/1172  loss=0.004851
  epoch   3/5   [##############..........]   696/1172  loss=0.004937
  epoch   3/5   [###############.........]   754/1172  loss=0.004639
  epoch   3/5   [#################.......]   812/1172  loss=0.004858
  epoch   3/5   [##################......]   870/1172  loss=0.004592
  epoch   3/5   [###################.....]   928/1172  loss=0.004761
  epoch   3/5   [####################....]   986/1172  loss=0.004100
  epoch   3/5   [#####################...]  1044/1172  loss=0.004471
  epoch   3/5   [#######################.]  1102/1172  loss=0.004734
  epoch   3/5   [########################]  1160/1172  loss=0.005089
  epoch   3/5   [########################]  1172/1172  loss=0.004771
  summary epoch=3/5 time=33.2s train_mse=0.003317 train_mae=0.040133 valid_mse=0.005262 valid_mae=0.048992 baseline_mse=0.063311 teacher_mse=0.002877 value_loss=0.003616 aux_won_bce=0.070941 aux_hp_mse=0.005105 lr_end=3.45e-04
  validation by encounter             rows       mse  baseline   teacher
  boss/hexaghost                     14448   0.00647   0.02710   0.00268
  boss/slime_boss                    13958   0.01056   0.04246   0.00499
  boss/the_guardian                  17556   0.00646   0.03207   0.00532
  easy/cultist                        3391   0.00205   0.00968   0.00186
  easy/jaw_worm                       4551   0.00134   0.01079   0.00103
  easy/small_slimes                   5297   0.00075   0.00772   0.00057
  easy/two_louse                      4305   0.00068   0.00475   0.00043
  elite/gremlin_nob                   5790   0.00991   0.04194   0.00735
  elite/lagavulin                     9744   0.00666   0.03771   0.00371
  elite/three_sentries               14289   0.00730   0.03576   0.00204
  event/gremlin_nob                    456   0.00565   0.02351   0.00642
  event/lagavulin_event                581   0.00727   0.04871   0.00682
  event/mushrooms_event               2028   0.00610   0.03003   0.00339
  event/three_sentries                 907   0.00514   0.03764   0.00029
  hard/blue_slaver                    4431   0.00130   0.01547   0.00058
  hard/exordium_thugs                 4971   0.00300   0.02359   0.00162
  hard/exordium_wildlife              4410   0.00240   0.01787   0.00153
  hard/gremlin_gang                   3720   0.00598   0.03843   0.00380
  hard/large_slime                    5000   0.00264   0.02151   0.00180
  hard/looter                         3223   0.00104   0.01984   0.00062
  hard/lots_of_slimes                 3505   0.00306   0.02649   0.00136
  hard/red_slaver                     1770   0.00186   0.02028   0.00065
  hard/three_louse                    4470   0.00133   0.01660   0.00072
  hard/two_fungi_beasts               4476   0.00172   0.02022   0.00086
  saved /home/sborowsk/project/sts_combat_rl/scratch/schema=value_net_v1/date=2026-09-26/id=ab-gen0-sweep-small/out/value_checkpoint.pt (epoch 3)
  epoch   4/5   [#.......................]    58/1172  loss=0.004529
  epoch   4/5   [##......................]   116/1172  loss=0.004555
  epoch   4/5   [####....................]   174/1172  loss=0.004086
  epoch   4/5   [#####...................]   232/1172  loss=0.003882
  epoch   4/5   [######..................]   290/1172  loss=0.003882
  epoch   4/5   [#######.................]   348/1172  loss=0.004598
  epoch   4/5   [########................]   406/1172  loss=0.004697
  epoch   4/5   [##########..............]   464/1172  loss=0.004306
  epoch   4/5   [###########.............]   522/1172  loss=0.003967
  epoch   4/5   [############............]   580/1172  loss=0.003983
  epoch   4/5   [#############...........]   638/1172  loss=0.003819
  epoch   4/5   [##############..........]   696/1172  loss=0.003354
  epoch   4/5   [###############.........]   754/1172  loss=0.004041
  epoch   4/5   [#################.......]   812/1172  loss=0.003641
  epoch   4/5   [##################......]   870/1172  loss=0.004643
  epoch   4/5   [###################.....]   928/1172  loss=0.004006
  epoch   4/5   [####################....]   986/1172  loss=0.003916
  epoch   4/5   [#####################...]  1044/1172  loss=0.003364
  epoch   4/5   [#######################.]  1102/1172  loss=0.004378
  epoch   4/5   [########################]  1160/1172  loss=0.003719
  epoch   4/5   [########################]  1172/1172  loss=0.004138
  summary epoch=4/5 time=33.6s train_mse=0.002930 train_mae=0.037548 valid_mse=0.005181 valid_mae=0.048227 baseline_mse=0.063311 teacher_mse=0.002877 value_loss=0.003145 aux_won_bce=0.050846 aux_hp_mse=0.004609 lr_end=9.55e-05
  validation by encounter             rows       mse  baseline   teacher
  boss/hexaghost                     14448   0.00623   0.02710   0.00268
  boss/slime_boss                    13958   0.01067   0.04246   0.00499
  boss/the_guardian                  17556   0.00622   0.03207   0.00532
  easy/cultist                        3391   0.00197   0.00968   0.00186
  easy/jaw_worm                       4551   0.00131   0.01079   0.00103
  easy/small_slimes                   5297   0.00069   0.00772   0.00057
  easy/two_louse                      4305   0.00059   0.00475   0.00043
  elite/gremlin_nob                   5790   0.00966   0.04194   0.00735
  elite/lagavulin                     9744   0.00652   0.03771   0.00371
  elite/three_sentries               14289   0.00753   0.03576   0.00204
  event/gremlin_nob                    456   0.00556   0.02351   0.00642
  event/lagavulin_event                581   0.00736   0.04871   0.00682
  event/mushrooms_event               2028   0.00652   0.03003   0.00339
  event/three_sentries                 907   0.00427   0.03764   0.00029
  hard/blue_slaver                    4431   0.00124   0.01547   0.00058
  hard/exordium_thugs                 4971   0.00287   0.02359   0.00162
  hard/exordium_wildlife              4410   0.00226   0.01787   0.00153
  hard/gremlin_gang                   3720   0.00613   0.03843   0.00380
  hard/large_slime                    5000   0.00245   0.02151   0.00180
  hard/looter                         3223   0.00093   0.01984   0.00062
  hard/lots_of_slimes                 3505   0.00264   0.02649   0.00136
  hard/red_slaver                     1770   0.00170   0.02028   0.00065
  hard/three_louse                    4470   0.00128   0.01660   0.00072
  hard/two_fungi_beasts               4476   0.00170   0.02022   0.00086
  saved /home/sborowsk/project/sts_combat_rl/scratch/schema=value_net_v1/date=2026-09-26/id=ab-gen0-sweep-small/out/value_checkpoint.pt (epoch 4)
  epoch   5/5   [#.......................]    58/1172  loss=0.003395
  epoch   5/5   [##......................]   116/1172  loss=0.003569
  epoch   5/5   [####....................]   174/1172  loss=0.003564
  epoch   5/5   [#####...................]   232/1172  loss=0.004023
  epoch   5/5   [######..................]   290/1172  loss=0.003642
  epoch   5/5   [#######.................]   348/1172  loss=0.003856
  epoch   5/5   [########................]   406/1172  loss=0.003224
  epoch   5/5   [##########..............]   464/1172  loss=0.003151
  epoch   5/5   [###########.............]   522/1172  loss=0.003651
  epoch   5/5   [############............]   580/1172  loss=0.003166
  epoch   5/5   [#############...........]   638/1172  loss=0.003976
  epoch   5/5   [##############..........]   696/1172  loss=0.003594
  epoch   5/5   [###############.........]   754/1172  loss=0.003620
  epoch   5/5   [#################.......]   812/1172  loss=0.003643
  epoch   5/5   [##################......]   870/1172  loss=0.003833
  epoch   5/5   [###################.....]   928/1172  loss=0.003288
  epoch   5/5   [####################....]   986/1172  loss=0.004393
  epoch   5/5   [#####################...]  1044/1172  loss=0.003916
  epoch   5/5   [#######################.]  1102/1172  loss=0.003291
  epoch   5/5   [########################]  1160/1172  loss=0.003443
  epoch   5/5   [########################]  1172/1172  loss=0.003702
  summary epoch=5/5 time=32.5s train_mse=0.002820 train_mae=0.036661 valid_mse=0.005218 valid_mae=0.048074 baseline_mse=0.063311 teacher_mse=0.002877 value_loss=0.002874 aux_won_bce=0.038923 aux_hp_mse=0.004305 lr_end=0.00e+00
  validation by encounter             rows       mse  baseline   teacher
  boss/hexaghost                     14448   0.00652   0.02710   0.00268
  boss/slime_boss                    13958   0.01077   0.04246   0.00499
  boss/the_guardian                  17556   0.00625   0.03207   0.00532
  easy/cultist                        3391   0.00185   0.00968   0.00186
  easy/jaw_worm                       4551   0.00129   0.01079   0.00103
  easy/small_slimes                   5297   0.00067   0.00772   0.00057
  easy/two_louse                      4305   0.00057   0.00475   0.00043
  elite/gremlin_nob                   5790   0.00970   0.04194   0.00735
  elite/lagavulin                     9744   0.00656   0.03771   0.00371
  elite/three_sentries               14289   0.00754   0.03576   0.00204
  event/gremlin_nob                    456   0.00554   0.02351   0.00642
  event/lagavulin_event                581   0.00741   0.04871   0.00682
  event/mushrooms_event               2028   0.00630   0.03003   0.00339
  event/three_sentries                 907   0.00406   0.03764   0.00029
  hard/blue_slaver                    4431   0.00120   0.01547   0.00058
  hard/exordium_thugs                 4971   0.00295   0.02359   0.00162
  hard/exordium_wildlife              4410   0.00224   0.01787   0.00153
  hard/gremlin_gang                   3720   0.00603   0.03843   0.00380
  hard/large_slime                    5000   0.00249   0.02151   0.00180
  hard/looter                         3223   0.00093   0.01984   0.00062
  hard/lots_of_slimes                 3505   0.00254   0.02649   0.00136
  hard/red_slaver                     1770   0.00160   0.02028   0.00065
  hard/three_louse                    4470   0.00126   0.01660   0.00072
  hard/two_fungi_beasts               4476   0.00169   0.02022   0.00086
  not saved: valid_mse 0.005218 >= best 0.005181 (keep = best)

Export
------
native weights: /home/sborowsk/project/sts_combat_rl/scratch/schema=value_net_v1/date=2026-09-26/id=ab-gen0-sweep-small/out/value_weights.bin

Outputs
-------
checkpoint:      /home/sborowsk/project/sts_combat_rl/scratch/schema=value_net_v1/date=2026-09-26/id=ab-gen0-sweep-small/out/value_checkpoint.pt
checkpoint json: /home/sborowsk/project/sts_combat_rl/scratch/schema=value_net_v1/date=2026-09-26/id=ab-gen0-sweep-small/out/value_checkpoint.json
native weights:  /home/sborowsk/project/sts_combat_rl/scratch/schema=value_net_v1/date=2026-09-26/id=ab-gen0-sweep-small/out/value_weights.bin
summary:         /home/sborowsk/project/sts_combat_rl/scratch/schema=value_net_v1/date=2026-09-26/id=ab-gen0-sweep-small/out/summary.json

Done
validation_mse: 0.005180846434086561
run: done (exit 0) /home/sborowsk/project/sts_combat_rl/scratch/schema=value_net_v1/date=2026-09-26/id=ab-gen0-sweep-small
