run: /home/sborowsk/project/sts_combat_rl/scratch/schema=value_net_v1/date=2026-09-26/id=ab-gen0-sweep-lr3e4
log: /home/sborowsk/project/sts_combat_rl/scratch/schema=value_net_v1/date=2026-09-26/id=ab-gen0-sweep-lr3e4/logs/stdout.log (stderr: /home/sborowsk/project/sts_combat_rl/scratch/schema=value_net_v1/date=2026-09-26/id=ab-gen0-sweep-lr3e4/logs/stderr.log)

Value training
==============
config:     /home/sborowsk/project/sts_combat_rl/experiments/act-1-combat/2026-09-26-all-bosses/configs/sweep/lr3e4.toml
output:     /home/sborowsk/project/sts_combat_rl/scratch/schema=value_net_v1/date=2026-09-26/id=ab-gen0-sweep-lr3e4/out
checkpoint: /home/sborowsk/project/sts_combat_rl/scratch/schema=value_net_v1/date=2026-09-26/id=ab-gen0-sweep-lr3e4/out/value_checkpoint.pt

Inputs
------
data:        select * from combat_v3
where id = 'act1-all-bosses-a20-scaled-search' and source_episode_id is null and run_seed % 10 >= 6
  and episode_id in (
    select episode_id from (
      select episode_id, row_number() over (partition by category, encounter order by hash(episode_id)) k
      from (select distinct episode_id, category, encounter from combat_v3
            where id = 'act1-all-bosses-a20-scaled-search' and source_episode_id is null and run_seed % 10 >= 6))
    where k <= 1300)


Model
-----
kind:                deep_sets_v2

Config
------
epochs:              5
batch_size:          1024
lr:                  0.0003
weight_decay:        0.0001
width:               64
seed:                0
validation_fraction: 0.1
label:               shift
blend:               0.5
split:               pinned
lr_schedule:         cosine
keep:                best
threads:             1
device:              cuda
aux_won_weight:      0.01
aux_hp_weight:       0.1
device: cuda (NVIDIA GeForce RTX 3060)
label shift: clipped 10615 of 1337153 targets to [0, 1]

Dataset
-------
rows: train=1,199,876  valid=137,277
runs: train=4,311  valid=479
fights: train=19,117  valid=2,136
encounter: {'blue_slaver': 39029, 'cultist': 36145, 'exordium_thugs': 44491, 'exordium_wildlife': 40912, 'gremlin_gang': 36609, 'gremlin_nob': 60515, 'hexaghost': 138708, 'jaw_worm': 44941, 'lagavulin': 94325, 'lagavulin_event': 8970, 'large_slime': 54011, 'looter': 32842, 'lots_of_slimes': 38976, 'mushrooms_event': 24780, 'red_slaver': 19826, 'slime_boss': 139590, 'small_slimes': 53257, 'the_guardian': 157547, 'three_louse': 41206, 'three_sentries': 143398, 'two_fungi_beasts': 42700, 'two_louse': 44375}
category: {'boss': 435845, 'easy': 178718, 'elite': 280125, 'event': 51863, 'hard': 390602}
target: label=shift  blend=0.5
aux: won_weight=0.01  hp_weight=0.1  masked_rows=17.2%  hp_masked_rows=14.8%

Training
--------
Each epoch prints batch progress, then validation metrics.
epoch  time    train_mse  train_mae  valid_mse  valid_mae  baseline   teacher
-----  ------  ---------  ---------  ---------  ---------  ---------  ---------
  epoch   1/5   [#.......................]    58/1172  loss=0.029094
  epoch   1/5   [##......................]   116/1172  loss=0.018480
  epoch   1/5   [####....................]   174/1172  loss=0.013935
  epoch   1/5   [#####...................]   232/1172  loss=0.011189
  epoch   1/5   [######..................]   290/1172  loss=0.009981
  epoch   1/5   [#######.................]   348/1172  loss=0.009405
  epoch   1/5   [########................]   406/1172  loss=0.009635
  epoch   1/5   [##########..............]   464/1172  loss=0.008392
  epoch   1/5   [###########.............]   522/1172  loss=0.007830
  epoch   1/5   [############............]   580/1172  loss=0.007177
  epoch   1/5   [#############...........]   638/1172  loss=0.008529
  epoch   1/5   [##############..........]   696/1172  loss=0.007526
  epoch   1/5   [###############.........]   754/1172  loss=0.007914
  epoch   1/5   [#################.......]   812/1172  loss=0.007479
  epoch   1/5   [##################......]   870/1172  loss=0.007478
  epoch   1/5   [###################.....]   928/1172  loss=0.007070
  epoch   1/5   [####################....]   986/1172  loss=0.007302
  epoch   1/5   [#####################...]  1044/1172  loss=0.006899
  epoch   1/5   [#######################.]  1102/1172  loss=0.006963
  epoch   1/5   [########################]  1160/1172  loss=0.006323
  epoch   1/5   [########################]  1172/1172  loss=0.006979
  summary epoch=1/5 time=34.8s train_mse=0.005286 train_mae=0.052686 valid_mse=0.006442 valid_mae=0.056781 baseline_mse=0.063311 teacher_mse=0.002877 value_loss=0.008781 aux_won_bce=0.150785 aux_hp_mse=0.011522 lr_end=2.71e-04
  validation by encounter             rows       mse  baseline   teacher
  boss/hexaghost                     14448   0.00690   0.02710   0.00268
  boss/slime_boss                    13958   0.01349   0.04246   0.00499
  boss/the_guardian                  17556   0.00799   0.03207   0.00532
  easy/cultist                        3391   0.00237   0.00968   0.00186
  easy/jaw_worm                       4551   0.00206   0.01079   0.00103
  easy/small_slimes                   5297   0.00135   0.00772   0.00057
  easy/two_louse                      4305   0.00119   0.00475   0.00043
  elite/gremlin_nob                   5790   0.01037   0.04194   0.00735
  elite/lagavulin                     9744   0.00706   0.03771   0.00371
  elite/three_sentries               14289   0.00998   0.03576   0.00204
  event/gremlin_nob                    456   0.00806   0.02351   0.00642
  event/lagavulin_event                581   0.01124   0.04871   0.00682
  event/mushrooms_event               2028   0.00648   0.03003   0.00339
  event/three_sentries                 907   0.00573   0.03764   0.00029
  hard/blue_slaver                    4431   0.00200   0.01547   0.00058
  hard/exordium_thugs                 4971   0.00379   0.02359   0.00162
  hard/exordium_wildlife              4410   0.00342   0.01787   0.00153
  hard/gremlin_gang                   3720   0.00633   0.03843   0.00380
  hard/large_slime                    5000   0.00348   0.02151   0.00180
  hard/looter                         3223   0.00160   0.01984   0.00062
  hard/lots_of_slimes                 3505   0.00386   0.02649   0.00136
  hard/red_slaver                     1770   0.00278   0.02028   0.00065
  hard/three_louse                    4470   0.00231   0.01660   0.00072
  hard/two_fungi_beasts               4476   0.00196   0.02022   0.00086
  saved /home/sborowsk/project/sts_combat_rl/scratch/schema=value_net_v1/date=2026-09-26/id=ab-gen0-sweep-lr3e4/out/value_checkpoint.pt (epoch 1)
  epoch   2/5   [#.......................]    58/1172  loss=0.007799
  epoch   2/5   [##......................]   116/1172  loss=0.006976
  epoch   2/5   [####....................]   174/1172  loss=0.006731
  epoch   2/5   [#####...................]   232/1172  loss=0.007206
  epoch   2/5   [######..................]   290/1172  loss=0.006089
  epoch   2/5   [#######.................]   348/1172  loss=0.005606
  epoch   2/5   [########................]   406/1172  loss=0.006352
  epoch   2/5   [##########..............]   464/1172  loss=0.005256
  epoch   2/5   [###########.............]   522/1172  loss=0.005745
  epoch   2/5   [############............]   580/1172  loss=0.005677
  epoch   2/5   [#############...........]   638/1172  loss=0.006137
  epoch   2/5   [##############..........]   696/1172  loss=0.006116
  epoch   2/5   [###############.........]   754/1172  loss=0.004961
  epoch   2/5   [#################.......]   812/1172  loss=0.005051
  epoch   2/5   [##################......]   870/1172  loss=0.006262
  epoch   2/5   [###################.....]   928/1172  loss=0.004829
  epoch   2/5   [####################....]   986/1172  loss=0.005173
  epoch   2/5   [#####################...]  1044/1172  loss=0.004342
  epoch   2/5   [#######################.]  1102/1172  loss=0.005518
  epoch   2/5   [########################]  1160/1172  loss=0.004819
  epoch   2/5   [########################]  1172/1172  loss=0.005141
  summary epoch=2/5 time=33.1s train_mse=0.003727 train_mae=0.042778 valid_mse=0.005386 valid_mae=0.050400 baseline_mse=0.063311 teacher_mse=0.002877 value_loss=0.004318 aux_won_bce=0.093094 aux_hp_mse=0.005775 lr_end=1.96e-04
  validation by encounter             rows       mse  baseline   teacher
  boss/hexaghost                     14448   0.00675   0.02710   0.00268
  boss/slime_boss                    13958   0.00952   0.04246   0.00499
  boss/the_guardian                  17556   0.00655   0.03207   0.00532
  easy/cultist                        3391   0.00237   0.00968   0.00186
  easy/jaw_worm                       4551   0.00126   0.01079   0.00103
  easy/small_slimes                   5297   0.00092   0.00772   0.00057
  easy/two_louse                      4305   0.00069   0.00475   0.00043
  elite/gremlin_nob                   5790   0.00982   0.04194   0.00735
  elite/lagavulin                     9744   0.00668   0.03771   0.00371
  elite/three_sentries               14289   0.00799   0.03576   0.00204
  event/gremlin_nob                    456   0.00599   0.02351   0.00642
  event/lagavulin_event                581   0.01127   0.04871   0.00682
  event/mushrooms_event               2028   0.00614   0.03003   0.00339
  event/three_sentries                 907   0.00526   0.03764   0.00029
  hard/blue_slaver                    4431   0.00143   0.01547   0.00058
  hard/exordium_thugs                 4971   0.00334   0.02359   0.00162
  hard/exordium_wildlife              4410   0.00273   0.01787   0.00153
  hard/gremlin_gang                   3720   0.00697   0.03843   0.00380
  hard/large_slime                    5000   0.00281   0.02151   0.00180
  hard/looter                         3223   0.00139   0.01984   0.00062
  hard/lots_of_slimes                 3505   0.00323   0.02649   0.00136
  hard/red_slaver                     1770   0.00180   0.02028   0.00065
  hard/three_louse                    4470   0.00159   0.01660   0.00072
  hard/two_fungi_beasts               4476   0.00190   0.02022   0.00086
  saved /home/sborowsk/project/sts_combat_rl/scratch/schema=value_net_v1/date=2026-09-26/id=ab-gen0-sweep-lr3e4/out/value_checkpoint.pt (epoch 2)
  epoch   3/5   [#.......................]    58/1172  loss=0.005163
  epoch   3/5   [##......................]   116/1172  loss=0.004590
  epoch   3/5   [####....................]   174/1172  loss=0.005280
  epoch   3/5   [#####...................]   232/1172  loss=0.005252
  epoch   3/5   [######..................]   290/1172  loss=0.005633
  epoch   3/5   [#######.................]   348/1172  loss=0.004459
  epoch   3/5   [########................]   406/1172  loss=0.004983
  epoch   3/5   [##########..............]   464/1172  loss=0.004727
  epoch   3/5   [###########.............]   522/1172  loss=0.004648
  epoch   3/5   [############............]   580/1172  loss=0.005143
  epoch   3/5   [#############...........]   638/1172  loss=0.004830
  epoch   3/5   [##############..........]   696/1172  loss=0.004485
  epoch   3/5   [###############.........]   754/1172  loss=0.004344
  epoch   3/5   [#################.......]   812/1172  loss=0.004214
  epoch   3/5   [##################......]   870/1172  loss=0.004376
  epoch   3/5   [###################.....]   928/1172  loss=0.005063
  epoch   3/5   [####################....]   986/1172  loss=0.004878
  epoch   3/5   [#####################...]  1044/1172  loss=0.004264
  epoch   3/5   [#######################.]  1102/1172  loss=0.004488
  epoch   3/5   [########################]  1160/1172  loss=0.004196
  epoch   3/5   [########################]  1172/1172  loss=0.004467
  summary epoch=3/5 time=35.5s train_mse=0.003087 train_mae=0.038036 valid_mse=0.005438 valid_mae=0.049193 baseline_mse=0.063311 teacher_mse=0.002877 value_loss=0.003430 aux_won_bce=0.063311 aux_hp_mse=0.004931 lr_end=1.04e-04
  validation by encounter             rows       mse  baseline   teacher
  boss/hexaghost                     14448   0.00637   0.02710   0.00268
  boss/slime_boss                    13958   0.00965   0.04246   0.00499
  boss/the_guardian                  17556   0.00686   0.03207   0.00532
  easy/cultist                        3391   0.00195   0.00968   0.00186
  easy/jaw_worm                       4551   0.00126   0.01079   0.00103
  easy/small_slimes                   5297   0.00083   0.00772   0.00057
  easy/two_louse                      4305   0.00059   0.00475   0.00043
  elite/gremlin_nob                   5790   0.01000   0.04194   0.00735
  elite/lagavulin                     9744   0.00724   0.03771   0.00371
  elite/three_sentries               14289   0.00835   0.03576   0.00204
  event/gremlin_nob                    456   0.00622   0.02351   0.00642
  event/lagavulin_event                581   0.00865   0.04871   0.00682
  event/mushrooms_event               2028   0.00582   0.03003   0.00339
  event/three_sentries                 907   0.00637   0.03764   0.00029
  hard/blue_slaver                    4431   0.00135   0.01547   0.00058
  hard/exordium_thugs                 4971   0.00347   0.02359   0.00162
  hard/exordium_wildlife              4410   0.00274   0.01787   0.00153
  hard/gremlin_gang                   3720   0.00683   0.03843   0.00380
  hard/large_slime                    5000   0.00296   0.02151   0.00180
  hard/looter                         3223   0.00124   0.01984   0.00062
  hard/lots_of_slimes                 3505   0.00305   0.02649   0.00136
  hard/red_slaver                     1770   0.00175   0.02028   0.00065
  hard/three_louse                    4470   0.00147   0.01660   0.00072
  hard/two_fungi_beasts               4476   0.00157   0.02022   0.00086
  not saved: valid_mse 0.005438 >= best 0.005386 (keep = best)
  epoch   4/5   [#.......................]    58/1172  loss=0.003536
  epoch   4/5   [##......................]   116/1172  loss=0.003920
  epoch   4/5   [####....................]   174/1172  loss=0.003688
  epoch   4/5   [#####...................]   232/1172  loss=0.003795
  epoch   4/5   [######..................]   290/1172  loss=0.003616
  epoch   4/5   [#######.................]   348/1172  loss=0.003723
  epoch   4/5   [########................]   406/1172  loss=0.003496
  epoch   4/5   [##########..............]   464/1172  loss=0.003532
  epoch   4/5   [###########.............]   522/1172  loss=0.003502
  epoch   4/5   [############............]   580/1172  loss=0.003989
  epoch   4/5   [#############...........]   638/1172  loss=0.003575
  epoch   4/5   [##############..........]   696/1172  loss=0.003438
  epoch   4/5   [###############.........]   754/1172  loss=0.003409
  epoch   4/5   [#################.......]   812/1172  loss=0.003921
  epoch   4/5   [##################......]   870/1172  loss=0.003511
  epoch   4/5   [###################.....]   928/1172  loss=0.003534
  epoch   4/5   [####################....]   986/1172  loss=0.003439
  epoch   4/5   [#####################...]  1044/1172  loss=0.003985
  epoch   4/5   [#######################.]  1102/1172  loss=0.003241
  epoch   4/5   [########################]  1160/1172  loss=0.003200
  epoch   4/5   [########################]  1172/1172  loss=0.003044
  summary epoch=4/5 time=34.8s train_mse=0.002504 train_mae=0.034577 valid_mse=0.005399 valid_mae=0.048597 baseline_mse=0.063311 teacher_mse=0.002877 value_loss=0.002794 aux_won_bce=0.037359 aux_hp_mse=0.004315 lr_end=2.86e-05
  validation by encounter             rows       mse  baseline   teacher
  boss/hexaghost                     14448   0.00670   0.02710   0.00268
  boss/slime_boss                    13958   0.01023   0.04246   0.00499
  boss/the_guardian                  17556   0.00665   0.03207   0.00532
  easy/cultist                        3391   0.00188   0.00968   0.00186
  easy/jaw_worm                       4551   0.00122   0.01079   0.00103
  easy/small_slimes                   5297   0.00070   0.00772   0.00057
  easy/two_louse                      4305   0.00058   0.00475   0.00043
  elite/gremlin_nob                   5790   0.00985   0.04194   0.00735
  elite/lagavulin                     9744   0.00694   0.03771   0.00371
  elite/three_sentries               14289   0.00825   0.03576   0.00204
  event/gremlin_nob                    456   0.00620   0.02351   0.00642
  event/lagavulin_event                581   0.00956   0.04871   0.00682
  event/mushrooms_event               2028   0.00586   0.03003   0.00339
  event/three_sentries                 907   0.00434   0.03764   0.00029
  hard/blue_slaver                    4431   0.00130   0.01547   0.00058
  hard/exordium_thugs                 4971   0.00337   0.02359   0.00162
  hard/exordium_wildlife              4410   0.00249   0.01787   0.00153
  hard/gremlin_gang                   3720   0.00587   0.03843   0.00380
  hard/large_slime                    5000   0.00274   0.02151   0.00180
  hard/looter                         3223   0.00125   0.01984   0.00062
  hard/lots_of_slimes                 3505   0.00301   0.02649   0.00136
  hard/red_slaver                     1770   0.00172   0.02028   0.00065
  hard/three_louse                    4470   0.00145   0.01660   0.00072
  hard/two_fungi_beasts               4476   0.00158   0.02022   0.00086
  not saved: valid_mse 0.005399 >= best 0.005386 (keep = best)
  epoch   5/5   [#.......................]    58/1172  loss=0.003280
  epoch   5/5   [##......................]   116/1172  loss=0.002811
  epoch   5/5   [####....................]   174/1172  loss=0.003355
  epoch   5/5   [#####...................]   232/1172  loss=0.003399
  epoch   5/5   [######..................]   290/1172  loss=0.003108
  epoch   5/5   [#######.................]   348/1172  loss=0.003484
  epoch   5/5   [########................]   406/1172  loss=0.002891
  epoch   5/5   [##########..............]   464/1172  loss=0.002990
  epoch   5/5   [###########.............]   522/1172  loss=0.003029
  epoch   5/5   [############............]   580/1172  loss=0.003228
  epoch   5/5   [#############...........]   638/1172  loss=0.003029
  epoch   5/5   [##############..........]   696/1172  loss=0.003319
  epoch   5/5   [###############.........]   754/1172  loss=0.003175
  epoch   5/5   [#################.......]   812/1172  loss=0.003511
  epoch   5/5   [##################......]   870/1172  loss=0.002624
  epoch   5/5   [###################.....]   928/1172  loss=0.002568
  epoch   5/5   [####################....]   986/1172  loss=0.002959
  epoch   5/5   [#####################...]  1044/1172  loss=0.002645
  epoch   5/5   [#######################.]  1102/1172  loss=0.002999
  epoch   5/5   [########################]  1160/1172  loss=0.002757
  epoch   5/5   [########################]  1172/1172  loss=0.003148
  summary epoch=5/5 time=34.8s train_mse=0.002389 train_mae=0.033753 valid_mse=0.005415 valid_mae=0.048611 baseline_mse=0.063311 teacher_mse=0.002877 value_loss=0.002450 aux_won_bce=0.023354 aux_hp_mse=0.003946 lr_end=0.00e+00
  validation by encounter             rows       mse  baseline   teacher
  boss/hexaghost                     14448   0.00669   0.02710   0.00268
  boss/slime_boss                    13958   0.01035   0.04246   0.00499
  boss/the_guardian                  17556   0.00669   0.03207   0.00532
  easy/cultist                        3391   0.00185   0.00968   0.00186
  easy/jaw_worm                       4551   0.00121   0.01079   0.00103
  easy/small_slimes                   5297   0.00071   0.00772   0.00057
  easy/two_louse                      4305   0.00057   0.00475   0.00043
  elite/gremlin_nob                   5790   0.00978   0.04194   0.00735
  elite/lagavulin                     9744   0.00699   0.03771   0.00371
  elite/three_sentries               14289   0.00822   0.03576   0.00204
  event/gremlin_nob                    456   0.00595   0.02351   0.00642
  event/lagavulin_event                581   0.00978   0.04871   0.00682
  event/mushrooms_event               2028   0.00576   0.03003   0.00339
  event/three_sentries                 907   0.00443   0.03764   0.00029
  hard/blue_slaver                    4431   0.00129   0.01547   0.00058
  hard/exordium_thugs                 4971   0.00350   0.02359   0.00162
  hard/exordium_wildlife              4410   0.00251   0.01787   0.00153
  hard/gremlin_gang                   3720   0.00580   0.03843   0.00380
  hard/large_slime                    5000   0.00273   0.02151   0.00180
  hard/looter                         3223   0.00126   0.01984   0.00062
  hard/lots_of_slimes                 3505   0.00302   0.02649   0.00136
  hard/red_slaver                     1770   0.00167   0.02028   0.00065
  hard/three_louse                    4470   0.00141   0.01660   0.00072
  hard/two_fungi_beasts               4476   0.00159   0.02022   0.00086
  not saved: valid_mse 0.005415 >= best 0.005386 (keep = best)

Export
------
native weights: /home/sborowsk/project/sts_combat_rl/scratch/schema=value_net_v1/date=2026-09-26/id=ab-gen0-sweep-lr3e4/out/value_weights.bin

Outputs
-------
checkpoint:      /home/sborowsk/project/sts_combat_rl/scratch/schema=value_net_v1/date=2026-09-26/id=ab-gen0-sweep-lr3e4/out/value_checkpoint.pt
checkpoint json: /home/sborowsk/project/sts_combat_rl/scratch/schema=value_net_v1/date=2026-09-26/id=ab-gen0-sweep-lr3e4/out/value_checkpoint.json
native weights:  /home/sborowsk/project/sts_combat_rl/scratch/schema=value_net_v1/date=2026-09-26/id=ab-gen0-sweep-lr3e4/out/value_weights.bin
summary:         /home/sborowsk/project/sts_combat_rl/scratch/schema=value_net_v1/date=2026-09-26/id=ab-gen0-sweep-lr3e4/out/summary.json

Done
validation_mse: 0.005385789554566145
run: done (exit 0) /home/sborowsk/project/sts_combat_rl/scratch/schema=value_net_v1/date=2026-09-26/id=ab-gen0-sweep-lr3e4
